Archive member included to satisfy reference by file (symbol)

C:/ti/simplelink_lowpower_f3_sdk_9_14_01_16/source\ti/drivers/lib/gcc/m0p/drivers_cc23x0r5.a(List.c.obj)
                              ./syscfg/ti_freertos_config.o (List_clearList)
C:/ti/simplelink_lowpower_f3_sdk_9_14_01_16/source\ti/drivers/lib/gcc/m0p/drivers_cc23x0r5.a(Math.c.obj)
                              ./syscfg/ti_freertos_config.o (Math_divideBy1000)
C:/ti/simplelink_lowpower_f3_sdk_9_14_01_16/source\ti/drivers/lib/gcc/m0p/drivers_cc23x0r5.a(UDMALPF3.c.obj)
                              ./syscfg/ti_drivers_config.o (UDMALPF3_init)
C:/ti/simplelink_lowpower_f3_sdk_9_14_01_16/source\ti/drivers/lib/gcc/m0p/drivers_cc23x0r5.a(GPIO.c.obj)
                              ./syscfg/ti_drivers_config.o (GPIO_resetConfig)
C:/ti/simplelink_lowpower_f3_sdk_9_14_01_16/source\ti/drivers/lib/gcc/m0p/drivers_cc23x0r5.a(GPIOLPF3.c.obj)
                              C:/ti/simplelink_lowpower_f3_sdk_9_14_01_16/source\ti/drivers/lib/gcc/m0p/drivers_cc23x0r5.a(GPIO.c.obj) (GPIO_disableInt)
C:/ti/simplelink_lowpower_f3_sdk_9_14_01_16/source\ti/drivers/lib/gcc/m0p/drivers_cc23x0r5.a(I2C.c.obj)
                              ./empty.o (I2C_init)
C:/ti/simplelink_lowpower_f3_sdk_9_14_01_16/source\ti/drivers/lib/gcc/m0p/drivers_cc23x0r5.a(I2CLPF3.c.obj)
                              ./empty.o (I2C_close)
C:/ti/simplelink_lowpower_f3_sdk_9_14_01_16/source\ti/drivers/lib/gcc/m0p/drivers_cc23x0r5.a(PowerCC23X0.c.obj)
                              ./syscfg/ti_freertos_config.o (Power_getConstraintMask)
C:/ti/simplelink_lowpower_f3_sdk_9_14_01_16/source\ti/drivers/lib/gcc/m0p/drivers_cc23x0r5.a(SPI.c.obj)
                              ./empty.o (SPI_close)
C:/ti/simplelink_lowpower_f3_sdk_9_14_01_16/source\ti/drivers/lib/gcc/m0p/drivers_cc23x0r5.a(SPILPF3DMA.c.obj)
                              ./syscfg/ti_drivers_config.o (SPILPF3DMA_fxnTable)
C:/ti/simplelink_lowpower_f3_sdk_9_14_01_16/source\ti/drivers/lib/gcc/m0p/drivers_cc23x0r5.a(TemperatureLPF3.c.obj)
                              C:/ti/simplelink_lowpower_f3_sdk_9_14_01_16/source\ti/drivers/lib/gcc/m0p/drivers_cc23x0r5.a(PowerCC23X0.c.obj) (Temperature_init)
C:/ti/simplelink_lowpower_f3_sdk_9_14_01_16/source\ti/drivers/lib/gcc/m0p/drivers_cc23x0r5.a(UART2.c.obj)
                              ./empty.o (UART2_getRxCount)
C:/ti/simplelink_lowpower_f3_sdk_9_14_01_16/source\ti/drivers/lib/gcc/m0p/drivers_cc23x0r5.a(UART2LPF3.c.obj)
                              ./empty.o (UART2_close)
C:/ti/simplelink_lowpower_f3_sdk_9_14_01_16/source\ti/drivers/lib/gcc/m0p/drivers_cc23x0r5.a(RingBuf.c.obj)
                              C:/ti/simplelink_lowpower_f3_sdk_9_14_01_16/source\ti/drivers/lib/gcc/m0p/drivers_cc23x0r5.a(UART2LPF3.c.obj) (RingBuf_construct)
C:/ti/simplelink_lowpower_f3_sdk_9_14_01_16/source\ti/drivers/lib/gcc/m0p/drivers_cc23x0r5.a(BatMonSupportLPF3.c.obj)
                              C:/ti/simplelink_lowpower_f3_sdk_9_14_01_16/source\ti/drivers/lib/gcc/m0p/drivers_cc23x0r5.a(TemperatureLPF3.c.obj) (BatMonSupportLPF3_init)
C:/ti/simplelink_lowpower_f3_sdk_9_14_01_16/source\ti/devices/cc23x0r5/driverlib/lib/gcc/driverlib.a(cpu.c.obj)
                              ./syscfg/ti_drivers_config.o (CPUDelay)
C:/ti/simplelink_lowpower_f3_sdk_9_14_01_16/source\ti/devices/cc23x0r5/driverlib/lib/gcc/driverlib.a(evtsvt.c.obj)
                              C:/ti/simplelink_lowpower_f3_sdk_9_14_01_16/source\ti/drivers/lib/gcc/m0p/drivers_cc23x0r5.a(SPILPF3DMA.c.obj) (EVTSVTConfigureDma)
C:/ti/simplelink_lowpower_f3_sdk_9_14_01_16/source\ti/devices/cc23x0r5/driverlib/lib/gcc/driverlib.a(i2c.c.obj)
                              C:/ti/simplelink_lowpower_f3_sdk_9_14_01_16/source\ti/drivers/lib/gcc/m0p/drivers_cc23x0r5.a(I2CLPF3.c.obj) (I2CControllerInitExpClk)
C:/ti/simplelink_lowpower_f3_sdk_9_14_01_16/source\ti/devices/cc23x0r5/driverlib/lib/gcc/driverlib.a(interrupt.c.obj)
                              ./syscfg/ti_freertos_config.o (IntRegister)
C:/ti/simplelink_lowpower_f3_sdk_9_14_01_16/source\ti/devices/cc23x0r5/driverlib/lib/gcc/driverlib.a(lrfd.c.obj)
                              C:/ti/simplelink_lowpower_f3_sdk_9_14_01_16/source\ti/drivers/lib/gcc/m0p/drivers_cc23x0r5.a(PowerCC23X0.c.obj) (LRFDApplyClockDependencies)
C:/ti/simplelink_lowpower_f3_sdk_9_14_01_16/source\ti/devices/cc23x0r5/driverlib/lib/gcc/driverlib.a(setup.c.obj)
                              ./syscfg/ti_freertos_config.o (SetupTrimDevice)
C:/ti/simplelink_lowpower_f3_sdk_9_14_01_16/source\ti/devices/cc23x0r5/driverlib/lib/gcc/driverlib.a(uart.c.obj)
                              C:/ti/simplelink_lowpower_f3_sdk_9_14_01_16/source\ti/drivers/lib/gcc/m0p/drivers_cc23x0r5.a(UART2LPF3.c.obj) (UARTConfigSetExpClk)
C:/ti/simplelink_lowpower_f3_sdk_9_14_01_16/source\ti/devices/cc23x0r5/driverlib/lib/gcc/driverlib.a(udma.c.obj)
[...]
Memory Configuration

Name             Origin             Length             Attributes
FLASH            0x00000000         0x00080000         xr
CCFG             0x4e020000         0x00000800         r
SRAM             0x20000000         0x00009000         xrw
SCFG             0x00000000         0x00000000         r
S2RRAM           0x40098000         0x00001000         rw
LOG_DATA         0x90000000         0x00040000         r
LOG_PTR          0x94000008         0x00040000         r
*default*        0x00000000         0xffffffff

Linker script and memory map

LOAD ./syscfg/ti_devices_config.o
LOAD ./syscfg/ti_drivers_config.o
LOAD ./syscfg/ti_freertos_config.o
LOAD ./syscfg/ti_freertos_portable_config.o
LOAD ./empty.o
LOAD ./main_freertos.o
LOAD ./sscp_app.o
LOAD ./sscp_rs485.o
LOAD ./sscp/src/sscp.o
                0x4e020000                ti_utils_build_GenMap_sym_CRC_CCFG_BOOT_CFG_begin = 0x4e020000
                0x4e02000b                ti_utils_build_GenMap_sym_CRC_CCFG_BOOT_CFG_end = 0x4e02000b
                0x4e020010                ti_utils_build_GenMap_sym_CRC_CCFG_begin = 0x4e020010
                0x4e02074b                ti_utils_build_GenMap_sym_CRC_CCFG_end = 0x4e02074b
                0x4e0207d0                ti_utils_build_GenMap_sym_CRC_CCFG_DEBUG_begin = 0x4e0207d0
                0x4e0207fb                ti_utils_build_GenMap_sym_CRC_CCFG_DEBUG_end = 0x4e0207fb
                0x00080000                ti_utils_build_GenMap_FLASH0_SIZE = 0x80000
                0x00009000                ti_utils_build_GenMap_RAM0_SIZE = 0x9000
                0x40098000                ti_utils_build_GenMap_S2RRAM_BASE = 0x40098000
                0x00001000                ti_utils_build_GenMap_S2RRAM_SIZE = 0x1000
                0x4e020000                ti_utils_build_GenMap_CCFG_BASE = 0x4e020000
                0x00000800                ti_utils_build_GenMap_CCFG_SIZE = 0x800
                0x00000000                ti_utils_build_GenMap_FLASH0_BASE = 0x0
                0x20000000                ti_utils_build_GenMap_RAM0_BASE = 0x20000000
                0x00000800                STACKSIZE = 0x800
                0x00000000                PROVIDE (_resetVecs_base_address = DEFINED (_resetVecs_base_address)?_resetVecs_base_address:ti_utils_build_GenMap_FLASH0_BASE)

.resetVecs      0x00000000       0x8c
 *(.resetVecs)
 .resetVecs     0x00000000       0x8c ./syscfg/ti_freertos_config.o
                0x00000000                resetVectors

.ramVecs        0x20000000       0x8c
 *(.ramVecs)
 .ramVecs       0x20000000       0x8c C:/ti/simplelink_lowpower_f3_sdk_9_14_01_16/source\ti/devices/cc23x0r5/driverlib/lib/gcc/driverlib.a(interrupt.c.obj)
                0x20000400                UDMALPF3_CONFIG_BASE = 0x20000400
                0x20000400                DMA_CHANNEL0_CONTROL_TABLE_ENTRY_ADDRESS = (UDMALPF3_CONFIG_BASE + 0x0)
                0x20000410                DMA_CHANNEL1_CONTROL_TABLE_ENTRY_ADDRESS = (UDMALPF3_CONFIG_BASE + 0x10)
                0x20000420                DMA_CHANNEL2_CONTROL_TABLE_ENTRY_ADDRESS = (UDMALPF3_CONFIG_BASE + 0x20)
                0x20000430                DMA_CHANNEL3_CONTROL_TABLE_ENTRY_ADDRESS = (UDMALPF3_CONFIG_BASE + 0x30)
                0x20000440                DMA_CHANNEL4_CONTROL_TABLE_ENTRY_ADDRESS = (UDMALPF3_CONFIG_BASE + 0x40)
                0x20000450                DMA_CHANNEL5_CONTROL_TABLE_ENTRY_ADDRESS = (UDMALPF3_CONFIG_BASE + 0x50)
                0x20000460                DMA_CHANNEL6_CONTROL_TABLE_ENTRY_ADDRESS = (UDMALPF3_CONFIG_BASE + 0x60)
                0x20000470                DMA_CHANNEL7_CONTROL_TABLE_ENTRY_ADDRESS = (UDMALPF3_CONFIG_BASE + 0x70)
                0x20000480                DMA_CHANNEL0_ALT_CONTROL_TABLE_ENTRY_ADDRESS = (UDMALPF3_CONFIG_BASE + 0x80)
                0x20000490                DMA_CHANNEL1_ALT_CONTROL_TABLE_ENTRY_ADDRESS = (UDMALPF3_CONFIG_BASE + 0x90)
                0x200004a0                DMA_CHANNEL2_ALT_CONTROL_TABLE_ENTRY_ADDRESS = (UDMALPF3_CONFIG_BASE + 0xa0)
                0x200004b0                DMA_CHANNEL3_ALT_CONTROL_TABLE_ENTRY_ADDRESS = (UDMALPF3_CONFIG_BASE + 0xb0)
                0x200004c0                DMA_CHANNEL4_ALT_CONTROL_TABLE_ENTRY_ADDRESS = (UDMALPF3_CONFIG_BASE + 0xc0)
                0x200004d0                DMA_CHANNEL5_ALT_CONTROL_TABLE_ENTRY_ADDRESS = (UDMALPF3_CONFIG_BASE + 0xd0)
                0x200004e0                DMA_CHANNEL6_ALT_CONTROL_TABLE_ENTRY_ADDRESS = (UDMALPF3_CONFIG_BASE + 0xe0)
                0x200004f0                DMA_CHANNEL7_ALT_CONTROL_TABLE_ENTRY_ADDRESS = (UDMALPF3_CONFIG_BASE + 0xf0)
                0x00000000                UDMALPF3_channel0ControlTableEntry_is_placed = 0x0

.dmaChannel0ControlTableEntry
                0x20000400       0x10
 *(.dmaChannel0ControlTableEntry)
 .dmaChannel0ControlTableEntry
                0x20000400       0x10 ./syscfg/ti_drivers_config.o
                0x00000000                UDMALPF3_channel1ControlTableEntry_is_placed = 0x0

.dmaChannel1ControlTableEntry
                0x20000410       0x10
 *(.dmaChannel1ControlTableEntry)
 .dmaChannel1ControlTableEntry
                0x20000410       0x10 ./syscfg/ti_drivers_config.o
                0x00000000                UDMALPF3_channel2ControlTableEntry_is_placed = 0x0

.dmaChannel2ControlTableEntry
                0x20000420       0x10
 *(.dmaChannel2ControlTableEntry)
 .dmaChannel2ControlTableEntry
                0x20000420       0x10 ./syscfg/ti_drivers_config.o
                0x00000000                UDMALPF3_channel3ControlTableEntry_is_placed = 0x0

.dmaChannel3ControlTableEntry
                0x20000430       0x10
 *(.dmaChannel3ControlTableEntry)
 .dmaChannel3ControlTableEntry
                0x20000430       0x10 ./syscfg/ti_drivers_config.o
                0x00000000                UDMALPF3_channel4ControlTableEntry_is_placed = 0x0

.dmaChannel4ControlTableEntry
 *(.dmaChannel4ControlTableEntry)
                0x00000000                UDMALPF3_channel5ControlTableEntry_is_placed = 0x0

.dmaChannel5ControlTableEntry
 *(.dmaChannel5ControlTableEntry)
                0x00000000                UDMALPF3_channel6ControlTableEntry_is_placed = 0x0

.dmaChannel6ControlTableEntry
 *(.dmaChannel6ControlTableEntry)
                0x00000000                UDMALPF3_channel7ControlTableEntry_is_placed = 0x0

.dmaChannel7ControlTableEntry
 *(.dmaChannel7ControlTableEntry)
                0x00000000                UDMALPF3_channel0AltControlTableEntry_is_placed = 0x0

.dmaChannel0AltControlTableEntry
                0x20000480       0x10
 *(.dmaChannel0AltControlTableEntry)
 .dmaChannel0AltControlTableEntry
                0x20000480       0x10 ./syscfg/ti_drivers_config.o
                0x00000000                UDMALPF3_channel1AltControlTableEntry_is_placed = 0x0

.dmaChannel1AltControlTableEntry
                0x20000490       0x10
 *(.dmaChannel1AltControlTableEntry)
 .dmaChannel1AltControlTableEntry
                0x20000490       0x10 ./syscfg/ti_drivers_config.o
                0x00000000                UDMALPF3_channel2AltControlTableEntry_is_placed = 0x0

.dmaChannel2AltControlTableEntry
 *(.dmaChannel2AltControlTableEntry)
                0x00000000                UDMALPF3_channel3AltControlTableEntry_is_placed = 0x0

.dmaChannel3AltControlTableEntry
 *(.dmaChannel3AltControlTableEntry)
                0x00000000                UDMALPF3_channel4AltControlTableEntry_is_placed = 0x0

.dmaChannel4AltControlTableEntry
 *(.dmaChannel4AltControlTableEntry)
                0x00000000                UDMALPF3_channel5AltControlTableEntry_is_placed = 0x0

.dmaChannel5AltControlTableEntry
 *(.dmaChannel5AltControlTableEntry)
                0x00000000                UDMALPF3_channel6AltControlTableEntry_is_placed = 0x0

.dmaChannel6AltControlTableEntry
 *(.dmaChannel6AltControlTableEntry)
                0x00000000                UDMALPF3_channel7AltControlTableEntry_is_placed = 0x0

.dmaChannel7AltControlTableEntry
 *(.dmaChannel7AltControlTableEntry)
                0x00002000                _rom_rodata_start = 0x2000
                0x00000000                _rom_rodata_size = DEFINED (ROM_RODATA_SIZE)?0x0:DEFINED (ROM_RODATA_SIZE_NO_OAD)?0x330:0x0

.rom_rodata_reserve
                0x00002000        0x0 load address 0x0000008c
                0x00002000                . = (. + _rom_rodata_size)

.text           0x00000090     0x75d8
 CREATE_OBJECT_SYMBOLS
 *(.text)
 .text          0x00000090      0x114 c:/ti/gcc-arm-none-eabi_9_3_1/bin/../lib/gcc/arm-none-eabi/9.3.1/thumb/v6-m/nofp\libgcc.a(_udivsi3.o)
                0x00000090                __aeabi_uidiv
                0x00000090                __udivsi3
                0x0000019c                __aeabi_uidivmod
 .text          0x000001a4        0x4 c:/ti/gcc-arm-none-eabi_9_3_1/bin/../lib/gcc/arm-none-eabi/9.3.1/thumb/v6-m/nofp\libgcc.a(_dvmd_tls.o)
                0x000001a4                __aeabi_idiv0
                0x000001a4                __aeabi_ldiv0
 .text          0x000001a8       0x3c c:/ti/gcc-arm-none-eabi_9_3_1/bin/../lib/gcc/arm-none-eabi/9.3.1/thumb/v6-m/nofp\libgcc.a(_clzsi2.o)
                0x000001a8                __clzsi2
 .text          0x000001e4       0x40 c:/ti/gcc-arm-none-eabi_9_3_1/bin/../lib/gcc/arm-none-eabi/9.3.1/thumb/v6-m/nofp\libgcc.a(_aeabi_uldivmod.o)
                0x000001e4                __aeabi_uldivmod
 .text          0x00000224       0x50 c:/ti/gcc-arm-none-eabi_9_3_1/bin/../lib/gcc/arm-none-eabi/9.3.1/thumb/v6-m/nofp\libgcc.a(_muldi3.o)
                0x00000224                __muldi3
                0x00000224                __aeabi_lmul
 .text          0x00000274      0x198 c:/ti/gcc-arm-none-eabi_9_3_1/bin/../lib/gcc/arm-none-eabi/9.3.1/thumb/v6-m/nofp\libgcc.a(_udivmoddi4.o)
                0x00000274                __udivmoddi4
 .text          0x0000040c       0x18 c:/ti/gcc-arm-none-eabi_9_3_1/bin/../lib/gcc/arm-none-eabi/9.3.1/thumb/v6-m/nofp\libgcc.a(_clzdi2.o)
                0x0000040c                __clzdi2
 *(.text.*)
 .text.Board_sendExtFlashByte
                0x00000424       0x5a ./syscfg/ti_drivers_config.o
                0x00000424                Board_sendExtFlashByte
 *fill*         0x0000047e        0x2 
 .text.Board_wakeUpExtFlash
                0x00000480       0x30 ./syscfg/ti_drivers_config.o
                0x00000480                Board_wakeUpExtFlash
 .text.Board_shutDownExtFlash
                0x000004b0       0x54 ./syscfg/ti_drivers_config.o
                0x000004b0                Board_shutDownExtFlash
 .text.Board_initHook
                0x00000504        0x2 ./syscfg/ti_drivers_config.o
                0x00000504                Board_initHook
 *fill*         0x00000506        0x2 
 .text.Board_init
                0x00000508       0x2c ./syscfg/ti_drivers_config.o
                0x00000508                Board_init
 .text.prvGetDisinheritPriorityAfterTimeout
                0x00000534       0x12 ./syscfg/ti_freertos_config.o
 *fill*         0x00000546        0x2 
 .text.prvGetExpectedIdleTime
                0x00000548       0x44 ./syscfg/ti_freertos_config.o
 .text.prvResetNextTaskUnblockTime
                0x0000058c       0x2c ./syscfg/ti_freertos_config.o
 .text.prvGetNextExpireTime
                0x000005b8       0x24 ./syscfg/ti_freertos_config.o
 .text.prvHeapInit
                0x000005dc       0x58 ./syscfg/ti_freertos_config.o
 .text.prvInsertBlockIntoFreeList
                0x00000634       0x54 ./syscfg/ti_freertos_config.o
 .text.maxbit   0x00000688       0x18 ./syscfg/ti_freertos_config.o
 .text.resetISR
                0x000006a0       0x10 ./syscfg/ti_freertos_config.o
                0x000006a0                resetISR
 .text.Exception_handlerSpin
                0x000006b0        0x4 ./syscfg/ti_freertos_config.o
                0x000006b0                Exception_handlerSpin
 .text.HwiP_dispatch
                0x000006b4       0x28 ./syscfg/ti_freertos_config.o
                0x000006b4                HwiP_dispatch
 .text.prvIsQueueFull
                0x000006dc       0x1e ./syscfg/ti_freertos_config.o
 .text.prvIsQueueEmpty
                0x000006fa       0x1c ./syscfg/ti_freertos_config.o
 .text.prvCopyDataFromQueue
                0x00000716       0x24 ./syscfg/ti_freertos_config.o
 .text.vListInitialise
                0x0000073a       0x16 ./syscfg/ti_freertos_config.o
                0x0000073a                vListInitialise
 .text.prvInitialiseTaskLists
                0x00000750       0x68 ./syscfg/ti_freertos_config.o
 .text.prvAddNewTaskToReadyList
                0x000007b8       0xc4 ./syscfg/ti_freertos_config.o
 .text.vListInitialiseItem
                0x0000087c        0x6 ./syscfg/ti_freertos_config.o
                0x0000087c                vListInitialiseItem
 *fill*         0x00000882        0x2 
 .text.prvInitialiseNewTask
                0x00000884       0xbc ./syscfg/ti_freertos_config.o
 .text.vListInsertEnd
                0x00000940       0x16 ./syscfg/ti_freertos_config.o
                0x00000940                vListInsertEnd
 .text.vListInsert
                0x00000956       0x2e ./syscfg/ti_freertos_config.o
                0x00000956                vListInsert
 .text.prvInsertTimerInActiveList
                0x00000984       0x48 ./syscfg/ti_freertos_config.o
 .text.prvReloadTimer
                0x000009cc       0x2a ./syscfg/ti_freertos_config.o
 .text.uxListRemove
                0x000009f6       0x26 ./syscfg/ti_freertos_config.o
                0x000009f6                uxListRemove
 .text.prvAddCurrentTaskToDelayedList
                0x00000a1c       0x94 ./syscfg/ti_freertos_config.o
 .text.prvProcessExpiredTimer
                0x00000ab0       0x3c ./syscfg/ti_freertos_config.o
 .text.prvSwitchTimerLists
                0x00000aec       0x30 ./syscfg/ti_freertos_config.o
 .text.xTaskCreateStatic
                0x00000b1c       0x58 ./syscfg/ti_freertos_config.o
                0x00000b1c                xTaskCreateStatic
 .text.vTaskSuspendAll
                0x00000b74       0x10 ./syscfg/ti_freertos_config.o
                0x00000b74                vTaskSuspendAll
 .text.xTaskGetTickCount
                0x00000b84        0xc ./syscfg/ti_freertos_config.o
                0x00000b84                xTaskGetTickCount
 .text.prvSampleTimeNow
                0x00000b90       0x2c ./syscfg/ti_freertos_config.o
 .text.uxTaskGetNumberOfTasks
                0x00000bbc        0xc ./syscfg/ti_freertos_config.o
                0x00000bbc                uxTaskGetNumberOfTasks
 .text.vTaskStepTick
                0x00000bc8       0x3c ./syscfg/ti_freertos_config.o
                0x00000bc8                vTaskStepTick
 .text.xTaskIncrementTick
                0x00000c04      0x144 ./syscfg/ti_freertos_config.o
                0x00000c04                xTaskIncrementTick
 .text.xTaskResumeAll
                0x00000d48      0x134 ./syscfg/ti_freertos_config.o
                0x00000d48                xTaskResumeAll
 .text.vTaskDelay
                0x00000e7c       0x20 ./syscfg/ti_freertos_config.o
                0x00000e7c                vTaskDelay
 .text.vTaskSetApplicationTaskTag
                0x00000e9c       0x20 ./syscfg/ti_freertos_config.o
                0x00000e9c                vTaskSetApplicationTaskTag
 .text.xTaskGetApplicationTaskTag
                0x00000ebc       0x20 ./syscfg/ti_freertos_config.o
                0x00000ebc                xTaskGetApplicationTaskTag
 .text.vTaskPlaceOnEventList
                0x00000edc       0x1c ./syscfg/ti_freertos_config.o
                0x00000edc                vTaskPlaceOnEventList
 .text.vTaskPlaceOnEventListRestricted
                0x00000ef8       0x40 ./syscfg/ti_freertos_config.o
                0x00000ef8                vTaskPlaceOnEventListRestricted
 .text.xTaskRemoveFromEventList
                0x00000f38       0xe4 ./syscfg/ti_freertos_config.o
                0x00000f38                xTaskRemoveFromEventList
 .text.xQueueGenericReset
                0x0000101c       0xb8 ./syscfg/ti_freertos_config.o
                0x0000101c                xQueueGenericReset
 .text.prvInitialiseNewQueue
                0x000010d4       0x22 ./syscfg/ti_freertos_config.o
 .text.xQueueGenericCreateStatic
                0x000010f6       0x44 ./syscfg/ti_freertos_config.o
                0x000010f6                xQueueGenericCreateStatic
 *fill*         0x0000113a        0x2 
 .text.prvCheckForValidListAndQueue
                0x0000113c       0x64 ./syscfg/ti_freertos_config.o
 .text.xQueueGiveFromISR
                0x000011a0       0x70 ./syscfg/ti_freertos_config.o
                0x000011a0                xQueueGiveFromISR
 .text.xQueueReceiveFromISR
                0x00001210       0x7e ./syscfg/ti_freertos_config.o
                0x00001210                xQueueReceiveFromISR
 *fill*         0x0000128e        0x2 
 .text.vTaskInternalSetTimeOutState
                0x00001290       0x18 ./syscfg/ti_freertos_config.o
                0x00001290                vTaskInternalSetTimeOutState
 .text.xTaskCheckForTimeOut
                0x000012a8       0x5c ./syscfg/ti_freertos_config.o
                0x000012a8                xTaskCheckForTimeOut
 .text.vTaskMissedYield
                0x00001304        0xc ./syscfg/ti_freertos_config.o
                0x00001304                vTaskMissedYield
 .text.prvUnlockQueue
                0x00001310       0x72 ./syscfg/ti_freertos_config.o
 .text.xQueueReceive
                0x00001382       0xee ./syscfg/ti_freertos_config.o
                0x00001382                xQueueReceive
 .text.vQueueWaitForMessageRestricted
                0x00001470       0x50 ./syscfg/ti_freertos_config.o
                0x00001470                vQueueWaitForMessageRestricted
 .text.prvProcessTimerOrBlockTask
                0x000014c0       0x70 ./syscfg/ti_freertos_config.o
 .text.eTaskConfirmSleepModeStatus
                0x00001530       0x50 ./syscfg/ti_freertos_config.o
                0x00001530                eTaskConfirmSleepModeStatus
 .text.xTaskGetCurrentTaskHandle
                0x00001580        0xc ./syscfg/ti_freertos_config.o
                0x00001580                xTaskGetCurrentTaskHandle
 .text.xTaskGetSchedulerState
                0x0000158c       0x24 ./syscfg/ti_freertos_config.o
                0x0000158c                xTaskGetSchedulerState
 .text.xTaskPriorityInherit
                0x000015b0       0xb4 ./syscfg/ti_freertos_config.o
                0x000015b0                xTaskPriorityInherit
 .text.xTaskPriorityDisinherit
                0x00001664       0x80 ./syscfg/ti_freertos_config.o
                0x00001664                xTaskPriorityDisinherit
 .text.prvCopyDataToQueue
                0x000016e4       0x82 ./syscfg/ti_freertos_config.o
 .text.xQueueGenericSend
                0x00001766       0xf2 ./syscfg/ti_freertos_config.o
                0x00001766                xQueueGenericSend
 .text.vTaskPriorityDisinheritAfterTimeout
                0x00001858       0x8c ./syscfg/ti_freertos_config.o
                0x00001858                vTaskPriorityDisinheritAfterTimeout
 .text.pvTaskIncrementMutexHeldCount
                0x000018e4       0x1c ./syscfg/ti_freertos_config.o
                0x000018e4                pvTaskIncrementMutexHeldCount
 .text.xQueueSemaphoreTake
                0x00001900      0x128 ./syscfg/ti_freertos_config.o
                0x00001900                xQueueSemaphoreTake
 .text.pvPortMalloc
                0x00001a28       0xcc ./syscfg/ti_freertos_config.o
                0x00001a28                pvPortMalloc
 .text.xQueueGenericCreate
                0x00001af4       0x84 ./syscfg/ti_freertos_config.o
                0x00001af4                xQueueGenericCreate
 .text.vPortFree
                0x00001b78       0x4c ./syscfg/ti_freertos_config.o
                0x00001b78                vPortFree
 .text.vQueueDelete
                0x00001bc4       0x12 ./syscfg/ti_freertos_config.o
                0x00001bc4                vQueueDelete
 .text.xTaskCreate
                0x00001bd6       0x6c ./syscfg/ti_freertos_config.o
                0x00001bd6                xTaskCreate
 *fill*         0x00001c42        0x2 
 .text.prvDeleteTCB
                0x00001c44       0x38 ./syscfg/ti_freertos_config.o
 .text.vTaskDelete
                0x00001c7c       0x98 ./syscfg/ti_freertos_config.o
                0x00001c7c                vTaskDelete
 .text.prvCheckTasksWaitingTermination
                0x00001d14       0x44 ./syscfg/ti_freertos_config.o
 .text.prvProcessReceivedCommands
                0x00001d58       0xec ./syscfg/ti_freertos_config.o
 .text.prvTimerTask
                0x00001e44       0x16 ./syscfg/ti_freertos_config.o
 .text.removeThreadKeys
                0x00001e5a       0x48 ./syscfg/ti_freertos_config.o
 .text.vApplicationStackOverflowHook
                0x00001ea2        0x2 ./syscfg/ti_freertos_config.o
                0x00001ea2                vApplicationStackOverflowHook
 .text.vTaskSwitchContext
                0x00001ea4       0xc0 ./syscfg/ti_freertos_config.o
                0x00001ea4                vTaskSwitchContext
 .text.vTaskSuspend
                0x00001f64       0xac ./syscfg/ti_freertos_config.o
                0x00001f64                vTaskSuspend
 .text.QueueP_init
                0x00002010        0x6 ./syscfg/ti_freertos_config.o
                0x00002010                QueueP_init
 .text.QueueP_empty
                0x00002016        0xc ./syscfg/ti_freertos_config.o
                0x00002016                QueueP_empty
 .text.QueueP_remove
                0x00002022        0xe ./syscfg/ti_freertos_config.o
                0x00002022                QueueP_remove
 .text.SemaphoreP_constructBinary
                0x00002030       0x30 ./syscfg/ti_freertos_config.o
                0x00002030                SemaphoreP_constructBinary
 .text.SemaphoreP_destruct
                0x00002060        0x2 ./syscfg/ti_freertos_config.o
                0x00002060                SemaphoreP_destruct
 *fill*         0x00002062        0x2 
 .text.vApplicationGetIdleTaskMemory
                0x00002064       0x18 ./syscfg/ti_freertos_config.o
                0x00002064                vApplicationGetIdleTaskMemory
 .text.vApplicationGetTimerTaskMemory
                0x0000207c       0x18 ./syscfg/ti_freertos_config.o
                0x0000207c                vApplicationGetTimerTaskMemory
 .text.xTimerCreateTimerTask
                0x00002094       0x5c ./syscfg/ti_freertos_config.o
                0x00002094                xTimerCreateTimerTask
 .text.vTaskStartScheduler
                0x000020f0       0x88 ./syscfg/ti_freertos_config.o
                0x000020f0                vTaskStartScheduler
 .text.SwiP_Params_init
                0x00002178       0x10 ./syscfg/ti_freertos_config.o
                0x00002178                SwiP_Params_init
 .text.ClockP_walkQueueDynamic
                0x00002188       0x58 ./syscfg/ti_freertos_config.o
                0x00002188                ClockP_walkQueueDynamic
 .text.ClockP_getCpuFreq
                0x000021e0       0x10 ./syscfg/ti_freertos_config.o
                0x000021e0                ClockP_getCpuFreq
 .text.ClockP_getSystemTickPeriod
                0x000021f0        0x4 ./syscfg/ti_freertos_config.o
                0x000021f0                ClockP_getSystemTickPeriod
 .text.HwiP_clearInterrupt
                0x000021f4        0x8 ./syscfg/ti_freertos_config.o
                0x000021f4                HwiP_clearInterrupt
 .text.ClockP_scheduleNextTick
                0x000021fc       0x28 ./syscfg/ti_freertos_config.o
 .text.HwiP_destruct
                0x00002224       0x12 ./syscfg/ti_freertos_config.o
                0x00002224                HwiP_destruct
 *fill*         0x00002236        0x2 
 .text.HwiP_disable
                0x00002238       0x28 ./syscfg/ti_freertos_config.o
                0x00002238                HwiP_disable
 .text.HwiP_disableInterrupt
                0x00002260        0x8 ./syscfg/ti_freertos_config.o
                0x00002260                HwiP_disableInterrupt
 .text.HwiP_enableInterrupt
                0x00002268        0x8 ./syscfg/ti_freertos_config.o
                0x00002268                HwiP_enableInterrupt
 .text.HwiP_interruptsEnabled
                0x00002270        0xc ./syscfg/ti_freertos_config.o
                0x00002270                HwiP_interruptsEnabled
 .text.HwiP_inISR
                0x0000227c       0x14 ./syscfg/ti_freertos_config.o
                0x0000227c                HwiP_inISR
 .text.SemaphoreP_pend
                0x00002290       0x54 ./syscfg/ti_freertos_config.o
                0x00002290                SemaphoreP_pend
 .text.SemaphoreP_post
                0x000022e4       0x28 ./syscfg/ti_freertos_config.o
                0x000022e4                SemaphoreP_post
 .text.HwiP_Params_init
                0x0000230c       0x12 ./syscfg/ti_freertos_config.o
                0x0000230c                HwiP_Params_init
 *fill*         0x0000231e        0x2 
 .text.HwiP_construct
                0x00002320       0x80 ./syscfg/ti_freertos_config.o
                0x00002320                HwiP_construct
 .text.HwiP_post
                0x000023a0        0x8 ./syscfg/ti_freertos_config.o
                0x000023a0                HwiP_post
 .text.HwiP_restore
                0x000023a8       0x1c ./syscfg/ti_freertos_config.o
                0x000023a8                HwiP_restore
 .text.QueueP_get
                0x000023c4       0x1a ./syscfg/ti_freertos_config.o
                0x000023c4                QueueP_get
 .text.QueueP_put
                0x000023de       0x1c ./syscfg/ti_freertos_config.o
                0x000023de                QueueP_put
 *fill*         0x000023fa        0x2 
 .text.SwiP_construct
                0x000023fc       0xdc ./syscfg/ti_freertos_config.o
                0x000023fc                SwiP_construct
 .text.SwiP_destruct
                0x000024d8       0x34 ./syscfg/ti_freertos_config.o
                0x000024d8                SwiP_destruct
 .text.SwiP_dispatch
                0x0000250c       0x90 ./syscfg/ti_freertos_config.o
                0x0000250c                SwiP_dispatch
 .text.SwiP_handleHwi
                0x0000259c       0x14 ./syscfg/ti_freertos_config.o
 .text.SwiP_post
                0x000025b0       0x6c ./syscfg/ti_freertos_config.o
                0x000025b0                SwiP_post
 .text.ClockP_workFuncDynamic
                0x0000261c       0x88 ./syscfg/ti_freertos_config.o
 .text.ClockP_hwiCallback
                0x000026a4       0x14 ./syscfg/ti_freertos_config.o
 .text.ClockP_start
                0x000026b8       0x78 ./syscfg/ti_freertos_config.o
                0x000026b8                ClockP_start
 .text.ClockP_stop
                0x00002730       0x74 ./syscfg/ti_freertos_config.o
                0x00002730                ClockP_stop
 .text.ClockP_setFunc
                0x000027a4       0x16 ./syscfg/ti_freertos_config.o
                0x000027a4                ClockP_setFunc
 .text.HwiP_setFunc
                0x000027ba       0x16 ./syscfg/ti_freertos_config.o
                0x000027ba                HwiP_setFunc
 .text.ClockP_startup
                0x000027d0       0xa8 ./syscfg/ti_freertos_config.o
                0x000027d0                ClockP_startup
 .text.ClockP_construct
                0x00002878       0x48 ./syscfg/ti_freertos_config.o
                0x00002878                ClockP_construct
 .text.PowerCC23X0_schedulerDisable
                0x000028c0        0x8 ./syscfg/ti_freertos_config.o
                0x000028c0                PowerCC23X0_schedulerDisable
 .text.PowerCC23X0_schedulerRestore
                0x000028c8        0x8 ./syscfg/ti_freertos_config.o
                0x000028c8                PowerCC23X0_schedulerRestore
 .text.PowerCC23X0_standbyPolicy
                0x000028d0      0x140 ./syscfg/ti_freertos_config.o
                0x000028d0                PowerCC23X0_standbyPolicy
 .text.vPortSuppressTicksAndSleep
                0x00002a10       0x10 ./syscfg/ti_freertos_config.o
                0x00002a10                vPortSuppressTicksAndSleep
 .text.prvIdleTask
                0x00002a20       0x26 ./syscfg/ti_freertos_config.o
 *fill*         0x00002a46        0x2 
 .text.localProgramStart
                0x00002a48       0xa4 ./syscfg/ti_freertos_config.o
                0x00002a48                localProgramStart
 .text._fini    0x00002aec        0x2 ./syscfg/ti_freertos_config.o
                0x00002aec                _fini
 .text.free     0x00002aee       0x10 ./syscfg/ti_freertos_config.o
                0x00002aee                free
 .text._free_r  0x00002afe        0xa ./syscfg/ti_freertos_config.o
                0x00002afe                _free_r
 .text.pthread_attr_init
                0x00002b08       0x18 ./syscfg/ti_freertos_config.o
                0x00002b08                pthread_attr_init
 .text.pthread_attr_setdetachstate
                0x00002b20        0xe ./syscfg/ti_freertos_config.o
                0x00002b20                pthread_attr_setdetachstate
 .text.pthread_attr_setschedparam
                0x00002b2e       0x12 ./syscfg/ti_freertos_config.o
                0x00002b2e                pthread_attr_setschedparam
 .text.pthread_attr_setstacksize
                0x00002b40        0x6 ./syscfg/ti_freertos_config.o
                0x00002b40                pthread_attr_setstacksize
 *fill*         0x00002b46        0x2 
 .text.pthread_create
                0x00002b48       0xd4 ./syscfg/ti_freertos_config.o
                0x00002b48                pthread_create
 .text.pthread_self
                0x00002c1c        0xc ./syscfg/ti_freertos_config.o
                0x00002c1c                pthread_self
 .text._pthread_cleanup_pop
                0x00002c28       0x16 ./syscfg/ti_freertos_config.o
                0x00002c28                _pthread_cleanup_pop
 .text.pthread_exit
                0x00002c3e       0x52 ./syscfg/ti_freertos_config.o
                0x00002c3e                pthread_exit
 .text._pthread_runStub
                0x00002c90        0xe ./syscfg/ti_freertos_config.o
 .text.pthread_setcancelstate
                0x00002c9e       0x32 ./syscfg/ti_freertos_config.o
                0x00002c9e                pthread_setcancelstate
 .text.sleep    0x00002cd0       0x34 ./syscfg/ti_freertos_config.o
                0x00002cd0                sleep
 .text.prvTaskExitError
                0x00002d04       0x12 ./syscfg/ti_freertos_portable_config.o
 *fill*         0x00002d16        0xa 
 .text.vPortStartFirstTask
                0x00002d20       0x34 ./syscfg/ti_freertos_portable_config.o
 .text.pxPortInitialiseStack
                0x00002d54       0x20 ./syscfg/ti_freertos_portable_config.o
                0x00002d54                pxPortInitialiseStack
 .text.vPortSVCHandler
                0x00002d74        0x2 ./syscfg/ti_freertos_portable_config.o
                0x00002d74                vPortSVCHandler
 *fill*         0x00002d76        0x2 
 .text.vPortYield
                0x00002d78       0x18 ./syscfg/ti_freertos_portable_config.o
                0x00002d78                vPortYield
 .text.vPortEnterCritical
                0x00002d90       0x18 ./syscfg/ti_freertos_portable_config.o
                0x00002d90                vPortEnterCritical
 .text.vPortExitCritical
                0x00002da8       0x14 ./syscfg/ti_freertos_portable_config.o
                0x00002da8                vPortExitCritical
 .text.ulSetInterruptMaskFromISR
                0x00002dbc        0x8 ./syscfg/ti_freertos_portable_config.o
                0x00002dbc                ulSetInterruptMaskFromISR
 .text.vClearInterruptMaskFromISR
                0x00002dc4        0x6 ./syscfg/ti_freertos_portable_config.o
                0x00002dc4                vClearInterruptMaskFromISR
 *fill*         0x00002dca        0x6 
 .text.xPortPendSVHandler
                0x00002dd0       0x44 ./syscfg/ti_freertos_portable_config.o
                0x00002dd0                xPortPendSVHandler
 .text.xPortSysTickHandler
                0x00002e14       0x24 ./syscfg/ti_freertos_portable_config.o
                0x00002e14                xPortSysTickHandler
 .text.vPortSetupTimerInterrupt
                0x00002e38       0x4c ./syscfg/ti_freertos_portable_config.o
                0x00002e38                vPortSetupTimerInterrupt
 .text.xPortStartScheduler
                0x00002e84       0x3c ./syscfg/ti_freertos_portable_config.o
                0x00002e84                xPortStartScheduler
 .text.RS485_init
                0x00002ec0       0x5c ./empty.o
 .text.RS485_callback
                0x00002f1c       0x10 ./empty.o
                0x00002f1c                RS485_callback
 .text.ESPI_init
                0x00002f2c       0x4c ./empty.o
                0x00002f2c                ESPI_init
 .text.XSPI_setBitRate
                0x00002f78        0xc ./empty.o
                0x00002f78                XSPI_setBitRate
 .text.XSPI_setFrameFormat
                0x00002f84        0xc ./empty.o
                0x00002f84                XSPI_setFrameFormat
 .text.XSPI_setTransferSize
                0x00002f90       0x18 ./empty.o
                0x00002f90                XSPI_setTransferSize
 .text.XSPI_txBufferWriteByte
                0x00002fa8       0x20 ./empty.o
                0x00002fa8                XSPI_txBufferWriteByte
 .text.XSPI_rxBufferReadByte
                0x00002fc8       0x1c ./empty.o
                0x00002fc8                XSPI_rxBufferReadByte
 .text.XSPI_setChipSelectPolarity
                0x00002fe4        0xc ./empty.o
                0x00002fe4                XSPI_setChipSelectPolarity
 .text.XSPI_transfer
                0x00002ff0       0xd8 ./empty.o
                0x00002ff0                XSPI_transfer
 .text.DIO_writeOutput
                0x000030c8       0x60 ./empty.o
                0x000030c8                DIO_writeOutput
 .text.DIO_readInput
                0x00003128       0x74 ./empty.o
                0x00003128                DIO_readInput
 .text.EI2C_init
                0x0000319c       0x44 ./empty.o
                0x0000319c                EI2C_init
 .text.RS485_write
                0x000031e0       0x2c ./empty.o
                0x000031e0                RS485_write
 .text.RS485_readByte
                0x0000320c       0x1c ./empty.o
                0x0000320c                RS485_readByte
 .text.mainThread
                0x00003228       0x26 ./empty.o
                0x00003228                mainThread
 *fill*         0x0000324e        0x2 
 .text.main     0x00003250       0x58 ./main_freertos.o
                0x00003250                main
 .text.gpioWriteRegCallback
                0x000032a8       0x24 ./sscp_app.o
                0x000032a8                gpioWriteRegCallback
 .text.gpioToggleRegCallback
                0x000032cc       0x20 ./sscp_app.o
                0x000032cc                gpioToggleRegCallback
 .text.gpioReadRegCallback
                0x000032ec       0x1c ./sscp_app.o
                0x000032ec                gpioReadRegCallback
 .text.gpioPinctrlRegCallback
                0x00003308       0x9c ./sscp_app.o
                0x00003308                gpioPinctrlRegCallback
 .text.spiControlRegCallback
                0x000033a4       0x74 ./sscp_app.o
                0x000033a4                spiControlRegCallback
 .text.spiWriteDataRegCallback
                0x00003418       0x20 ./sscp_app.o
                0x00003418                spiWriteDataRegCallback
 .text.spiReadDataRegCallback
                0x00003438       0x28 ./sscp_app.o
                0x00003438                spiReadDataRegCallback
 .text.uartPhyControlRegCallback
                0x00003460        0x2 ./sscp_app.o
                0x00003460                uartPhyControlRegCallback
 .text.uartTransferConfigRegCallback
                0x00003462        0x2 ./sscp_app.o
                0x00003462                uartTransferConfigRegCallback
 .text.uartTransferControlRegCallback
                0x00003464        0x2 ./sscp_app.o
                0x00003464                uartTransferControlRegCallback
 .text.uartReadDataRegCallback
                0x00003466        0x2 ./sscp_app.o
                0x00003466                uartReadDataRegCallback
 .text.uartWriteDataRegCallback
                0x00003468        0x2 ./sscp_app.o
                0x00003468                uartWriteDataRegCallback
 *fill*         0x0000346a        0x2 
 .text.sscpSerialCallback
                0x0000346c       0x20 ./sscp_rs485.o
                0x0000346c                sscpSerialCallback
 .text.sscpRS485Process
                0x0000348c       0x18 ./sscp_rs485.o
                0x0000348c                sscpRS485Process
 .text.SSCP_CRC8CCITT
                0x000034a4       0x20 ./sscp/src/sscp.o
 .text.SSCP_requestFifoPut
                0x000034c4       0x4a ./sscp/src/sscp.o
 .text.SSCP_requestFifoGet
                0x0000350e       0x4a ./sscp/src/sscp.o
 .text.SSCP_encodePacket
                0x00003558       0xcc ./sscp/src/sscp.o
                0x00003558                SSCP_encodePacket
 .text.SSCP_decodePacket
                0x00003624      0x1cc ./sscp/src/sscp.o
                0x00003624                SSCP_decodePacket
 .text.SSCP_handleRxByte
                0x000037f0       0x9c ./sscp/src/sscp.o
                0x000037f0                SSCP_handleRxByte
 .text.SSCP_process
                0x0000388c      0x108 ./sscp/src/sscp.o
                0x0000388c                SSCP_process
 .text.List_clearList
                0x00003994       0x14 C:/ti/simplelink_lowpower_f3_sdk_9_14_01_16/source\ti/drivers/lib/gcc/m0p/drivers_cc23x0r5.a(List.c.obj)
                0x00003994                List_clearList
 .text.List_put
                0x000039a8       0x24 C:/ti/simplelink_lowpower_f3_sdk_9_14_01_16/source\ti/drivers/lib/gcc/m0p/drivers_cc23x0r5.a(List.c.obj)
                0x000039a8                List_put
 .text.List_remove
                0x000039cc       0x28 C:/ti/simplelink_lowpower_f3_sdk_9_14_01_16/source\ti/drivers/lib/gcc/m0p/drivers_cc23x0r5.a(List.c.obj)
                0x000039cc                List_remove
 .text.Math_divideBy1000
                0x000039f4       0x28 C:/ti/simplelink_lowpower_f3_sdk_9_14_01_16/source\ti/drivers/lib/gcc/m0p/drivers_cc23x0r5.a(Math.c.obj)
                0x000039f4                Math_divideBy1000
 .text.UDMALPF3_postNotifyFxn
                0x00003a1c       0x44 C:/ti/simplelink_lowpower_f3_sdk_9_14_01_16/source\ti/drivers/lib/gcc/m0p/drivers_cc23x0r5.a(UDMALPF3.c.obj)
 .text.UDMALPF3_init
                0x00003a60       0x60 C:/ti/simplelink_lowpower_f3_sdk_9_14_01_16/source\ti/drivers/lib/gcc/m0p/drivers_cc23x0r5.a(UDMALPF3.c.obj)
                0x00003a60                UDMALPF3_init
 .text.GPIO_setCallback
                0x00003ac0       0x1c C:/ti/simplelink_lowpower_f3_sdk_9_14_01_16/source\ti/drivers/lib/gcc/m0p/drivers_cc23x0r5.a(GPIO.c.obj)
                0x00003ac0                GPIO_setCallback
 .text.GPIO_setUserArg
                0x00003adc       0x14 C:/ti/simplelink_lowpower_f3_sdk_9_14_01_16/source\ti/drivers/lib/gcc/m0p/drivers_cc23x0r5.a(GPIO.c.obj)
                0x00003adc                GPIO_setUserArg
 .text.GPIO_getUserArg
                0x00003af0       0x10 C:/ti/simplelink_lowpower_f3_sdk_9_14_01_16/source\ti/drivers/lib/gcc/m0p/drivers_cc23x0r5.a(GPIO.c.obj)
                0x00003af0                GPIO_getUserArg
 .text.GPIO_resetConfig
                0x00003b00       0x38 C:/ti/simplelink_lowpower_f3_sdk_9_14_01_16/source\ti/drivers/lib/gcc/m0p/drivers_cc23x0r5.a(GPIO.c.obj)
                0x00003b00                GPIO_resetConfig
 .text.GPIO_hwiIntFxn
                0x00003b38       0x44 C:/ti/simplelink_lowpower_f3_sdk_9_14_01_16/source\ti/drivers/lib/gcc/m0p/drivers_cc23x0r5.a(GPIOLPF3.c.obj)
                0x00003b38                GPIO_hwiIntFxn
 .text.GPIO_disableInt
                0x00003b7c       0x14 C:/ti/simplelink_lowpower_f3_sdk_9_14_01_16/source\ti/drivers/lib/gcc/m0p/drivers_cc23x0r5.a(GPIOLPF3.c.obj)
                0x00003b7c                GPIO_disableInt
 .text.GPIO_init
                0x00003b90      0x114 C:/ti/simplelink_lowpower_f3_sdk_9_14_01_16/source\ti/drivers/lib/gcc/m0p/drivers_cc23x0r5.a(GPIOLPF3.c.obj)
                0x00003b90                GPIO_init
 .text.GPIO_read
                0x00003ca4       0x10 C:/ti/simplelink_lowpower_f3_sdk_9_14_01_16/source\ti/drivers/lib/gcc/m0p/drivers_cc23x0r5.a(GPIOLPF3.c.obj)
                0x00003ca4                GPIO_read
 .text.GPIO_setConfig
                0x00003cb4       0x8c C:/ti/simplelink_lowpower_f3_sdk_9_14_01_16/source\ti/drivers/lib/gcc/m0p/drivers_cc23x0r5.a(GPIOLPF3.c.obj)
                0x00003cb4                GPIO_setConfig
 .text.GPIO_setInterruptConfig
                0x00003d40       0x50 C:/ti/simplelink_lowpower_f3_sdk_9_14_01_16/source\ti/drivers/lib/gcc/m0p/drivers_cc23x0r5.a(GPIOLPF3.c.obj)
                0x00003d40                GPIO_setInterruptConfig
 .text.GPIO_write
                0x00003d90       0x18 C:/ti/simplelink_lowpower_f3_sdk_9_14_01_16/source\ti/drivers/lib/gcc/m0p/drivers_cc23x0r5.a(GPIOLPF3.c.obj)
                0x00003d90                GPIO_write
 .text.GPIO_setConfigAndMux
                0x00003da8       0x84 C:/ti/simplelink_lowpower_f3_sdk_9_14_01_16/source\ti/drivers/lib/gcc/m0p/drivers_cc23x0r5.a(GPIOLPF3.c.obj)
                0x00003da8                GPIO_setConfigAndMux
 .text.I2C_init
                0x00003e2c        0x4 C:/ti/simplelink_lowpower_f3_sdk_9_14_01_16/source\ti/drivers/lib/gcc/m0p/drivers_cc23x0r5.a(I2C.c.obj)
                0x00003e2c                I2C_init
 .text.I2C_Params_init
                0x00003e30        0xc C:/ti/simplelink_lowpower_f3_sdk_9_14_01_16/source\ti/drivers/lib/gcc/m0p/drivers_cc23x0r5.a(I2C.c.obj)
                0x00003e30                I2C_Params_init
 .text.I2CLPF3_blockingCallback
                0x00003e3c        0xc C:/ti/simplelink_lowpower_f3_sdk_9_14_01_16/source\ti/drivers/lib/gcc/m0p/drivers_cc23x0r5.a(I2CLPF3.c.obj)
 .text.I2CLPF3_hwiFxn
                0x00003e48      0x1c4 C:/ti/simplelink_lowpower_f3_sdk_9_14_01_16/source\ti/drivers/lib/gcc/m0p/drivers_cc23x0r5.a(I2CLPF3.c.obj)
 .text.I2CLPF3_postNotify
                0x0000400c       0x5c C:/ti/simplelink_lowpower_f3_sdk_9_14_01_16/source\ti/drivers/lib/gcc/m0p/drivers_cc23x0r5.a(I2CLPF3.c.obj)
 .text.I2C_close
                0x00004068       0x84 C:/ti/simplelink_lowpower_f3_sdk_9_14_01_16/source\ti/drivers/lib/gcc/m0p/drivers_cc23x0r5.a(I2CLPF3.c.obj)
                0x00004068                I2C_close
 .text.I2C_open
                0x000040ec      0x188 C:/ti/simplelink_lowpower_f3_sdk_9_14_01_16/source\ti/drivers/lib/gcc/m0p/drivers_cc23x0r5.a(I2CLPF3.c.obj)
                0x000040ec                I2C_open
 .text.I2CSupport_primeTransfer
                0x00004274       0xc8 C:/ti/simplelink_lowpower_f3_sdk_9_14_01_16/source\ti/drivers/lib/gcc/m0p/drivers_cc23x0r5.a(I2CLPF3.c.obj)
                0x00004274                I2CSupport_primeTransfer
 .text.I2CLPF3_swiFxn
                0x0000433c       0xb4 C:/ti/simplelink_lowpower_f3_sdk_9_14_01_16/source\ti/drivers/lib/gcc/m0p/drivers_cc23x0r5.a(I2CLPF3.c.obj)
 .text.PowerCC23X0_lfxtQual
                0x000043f0       0xe8 C:/ti/simplelink_lowpower_f3_sdk_9_14_01_16/source\ti/drivers/lib/gcc/m0p/drivers_cc23x0r5.a(PowerCC23X0.c.obj)
 .text.PowerCC23X0_rtcISR
                0x000044d8       0x14 C:/ti/simplelink_lowpower_f3_sdk_9_14_01_16/source\ti/drivers/lib/gcc/m0p/drivers_cc23x0r5.a(PowerCC23X0.c.obj)
 .text.PowerCC23X0_hfxtAmpsettledTimeout
                0x000044ec       0x5c C:/ti/simplelink_lowpower_f3_sdk_9_14_01_16/source\ti/drivers/lib/gcc/m0p/drivers_cc23x0r5.a(PowerCC23X0.c.obj)
 .text.PowerCC23X0_startHFXT
                0x00004548       0xb8 C:/ti/simplelink_lowpower_f3_sdk_9_14_01_16/source\ti/drivers/lib/gcc/m0p/drivers_cc23x0r5.a(PowerCC23X0.c.obj)
 .text.Power_sleep.part.0
                0x00004600       0xc4 C:/ti/simplelink_lowpower_f3_sdk_9_14_01_16/source\ti/drivers/lib/gcc/m0p/drivers_cc23x0r5.a(PowerCC23X0.c.obj)
 .text.PowerCC23X0_oscillatorISR
                0x000046c4      0x20c C:/ti/simplelink_lowpower_f3_sdk_9_14_01_16/source\ti/drivers/lib/gcc/m0p/drivers_cc23x0r5.a(PowerCC23X0.c.obj)
 .text.Power_init
                0x000048d0      0x10c C:/ti/simplelink_lowpower_f3_sdk_9_14_01_16/source\ti/drivers/lib/gcc/m0p/drivers_cc23x0r5.a(PowerCC23X0.c.obj)
                0x000048d0                Power_init
 .text.Power_getConstraintMask
                0x000049dc        0xc C:/ti/simplelink_lowpower_f3_sdk_9_14_01_16/source\ti/drivers/lib/gcc/m0p/drivers_cc23x0r5.a(PowerCC23X0.c.obj)
                0x000049dc                Power_getConstraintMask
 .text.Power_idleFunc
                0x000049e8       0x20 C:/ti/simplelink_lowpower_f3_sdk_9_14_01_16/source\ti/drivers/lib/gcc/m0p/drivers_cc23x0r5.a(PowerCC23X0.c.obj)
                0x000049e8                Power_idleFunc
 .text.Power_registerNotify
                0x00004a08       0x28 C:/ti/simplelink_lowpower_f3_sdk_9_14_01_16/source\ti/drivers/lib/gcc/m0p/drivers_cc23x0r5.a(PowerCC23X0.c.obj)
                0x00004a08                Power_registerNotify
 .text.Power_unregisterNotify
                0x00004a30       0x14 C:/ti/simplelink_lowpower_f3_sdk_9_14_01_16/source\ti/drivers/lib/gcc/m0p/drivers_cc23x0r5.a(PowerCC23X0.c.obj)
                0x00004a30                Power_unregisterNotify
 .text.Power_setConstraint
                0x00004a44       0x30 C:/ti/simplelink_lowpower_f3_sdk_9_14_01_16/source\ti/drivers/lib/gcc/m0p/drivers_cc23x0r5.a(PowerCC23X0.c.obj)
                0x00004a44                Power_setConstraint
 .text.Power_releaseConstraint
                0x00004a74       0x34 C:/ti/simplelink_lowpower_f3_sdk_9_14_01_16/source\ti/drivers/lib/gcc/m0p/drivers_cc23x0r5.a(PowerCC23X0.c.obj)
                0x00004a74                Power_releaseConstraint
 .text.Power_setDependency
                0x00004aa8       0x70 C:/ti/simplelink_lowpower_f3_sdk_9_14_01_16/source\ti/drivers/lib/gcc/m0p/drivers_cc23x0r5.a(PowerCC23X0.c.obj)
                0x00004aa8                Power_setDependency
 .text.Power_releaseDependency
                0x00004b18       0x70 C:/ti/simplelink_lowpower_f3_sdk_9_14_01_16/source\ti/drivers/lib/gcc/m0p/drivers_cc23x0r5.a(PowerCC23X0.c.obj)
                0x00004b18                Power_releaseDependency
 .text.PowerCC23X0_doWFI
                0x00004b88       0x10 C:/ti/simplelink_lowpower_f3_sdk_9_14_01_16/source\ti/drivers/lib/gcc/m0p/drivers_cc23x0r5.a(PowerCC23X0.c.obj)
                0x00004b88                PowerCC23X0_doWFI
 .text.PowerLPF3_selectLFXT
                0x00004b98       0xa4 C:/ti/simplelink_lowpower_f3_sdk_9_14_01_16/source\ti/drivers/lib/gcc/m0p/drivers_cc23x0r5.a(PowerCC23X0.c.obj)
                0x00004b98                PowerLPF3_selectLFXT
 .text.PowerLPF3_sleep
                0x00004c3c      0x120 C:/ti/simplelink_lowpower_f3_sdk_9_14_01_16/source\ti/drivers/lib/gcc/m0p/drivers_cc23x0r5.a(PowerCC23X0.c.obj)
                0x00004c3c                PowerLPF3_sleep
 .text.PowerLPF3_isLfincFilterAllowingStandby
                0x00004d5c       0x30 C:/ti/simplelink_lowpower_f3_sdk_9_14_01_16/source\ti/drivers/lib/gcc/m0p/drivers_cc23x0r5.a(PowerCC23X0.c.obj)
                0x00004d5c                PowerLPF3_isLfincFilterAllowingStandby
 .text.SPI_close
                0x00004d8c        0xc C:/ti/simplelink_lowpower_f3_sdk_9_14_01_16/source\ti/drivers/lib/gcc/m0p/drivers_cc23x0r5.a(SPI.c.obj)
                0x00004d8c                SPI_close
 .text.SPI_init
                0x00004d98       0x48 C:/ti/simplelink_lowpower_f3_sdk_9_14_01_16/source\ti/drivers/lib/gcc/m0p/drivers_cc23x0r5.a(SPI.c.obj)
                0x00004d98                SPI_init
 .text.SPI_open
                0x00004de0       0x40 C:/ti/simplelink_lowpower_f3_sdk_9_14_01_16/source\ti/drivers/lib/gcc/m0p/drivers_cc23x0r5.a(SPI.c.obj)
                0x00004de0                SPI_open
 .text.SPI_Params_init
                0x00004e20       0x18 C:/ti/simplelink_lowpower_f3_sdk_9_14_01_16/source\ti/drivers/lib/gcc/m0p/drivers_cc23x0r5.a(SPI.c.obj)
                0x00004e20                SPI_Params_init
 .text.SPI_transfer
                0x00004e38        0xc C:/ti/simplelink_lowpower_f3_sdk_9_14_01_16/source\ti/drivers/lib/gcc/m0p/drivers_cc23x0r5.a(SPI.c.obj)
                0x00004e38                SPI_transfer
 .text.SPILPF3DMA_init
                0x00004e44        0xc C:/ti/simplelink_lowpower_f3_sdk_9_14_01_16/source\ti/drivers/lib/gcc/m0p/drivers_cc23x0r5.a(SPILPF3DMA.c.obj)
                0x00004e44                SPILPF3DMA_init
 .text.configNextTransfer
                0x00004e50      0x160 C:/ti/simplelink_lowpower_f3_sdk_9_14_01_16/source\ti/drivers/lib/gcc/m0p/drivers_cc23x0r5.a(SPILPF3DMA.c.obj)
 .text.initIO   0x00004fb0       0x74 C:/ti/simplelink_lowpower_f3_sdk_9_14_01_16/source\ti/drivers/lib/gcc/m0p/drivers_cc23x0r5.a(SPILPF3DMA.c.obj)
 .text.blockingTransferCallback
                0x00005024        0xc C:/ti/simplelink_lowpower_f3_sdk_9_14_01_16/source\ti/drivers/lib/gcc/m0p/drivers_cc23x0r5.a(SPILPF3DMA.c.obj)
 .text.SPILPF3DMA_close
                0x00005030       0x84 C:/ti/simplelink_lowpower_f3_sdk_9_14_01_16/source\ti/drivers/lib/gcc/m0p/drivers_cc23x0r5.a(SPILPF3DMA.c.obj)
                0x00005030                SPILPF3DMA_close
 .text.initHw.isra.0
                0x000050b4      0x124 C:/ti/simplelink_lowpower_f3_sdk_9_14_01_16/source\ti/drivers/lib/gcc/m0p/drivers_cc23x0r5.a(SPILPF3DMA.c.obj)
 .text.SPILPF3DMA_transferCancel
                0x000051d8      0x180 C:/ti/simplelink_lowpower_f3_sdk_9_14_01_16/source\ti/drivers/lib/gcc/m0p/drivers_cc23x0r5.a(SPILPF3DMA.c.obj)
                0x000051d8                SPILPF3DMA_transferCancel
 .text.csnCallback
                0x00005358       0x74 C:/ti/simplelink_lowpower_f3_sdk_9_14_01_16/source\ti/drivers/lib/gcc/m0p/drivers_cc23x0r5.a(SPILPF3DMA.c.obj)
 .text.SPILPF3DMA_hwiFxn
                0x000053cc      0x234 C:/ti/simplelink_lowpower_f3_sdk_9_14_01_16/source\ti/drivers/lib/gcc/m0p/drivers_cc23x0r5.a(SPILPF3DMA.c.obj)
 .text.spiPostNotify
                0x00005600       0x78 C:/ti/simplelink_lowpower_f3_sdk_9_14_01_16/source\ti/drivers/lib/gcc/m0p/drivers_cc23x0r5.a(SPILPF3DMA.c.obj)
 .text.SPILPF3DMA_open
                0x00005678      0x170 C:/ti/simplelink_lowpower_f3_sdk_9_14_01_16/source\ti/drivers/lib/gcc/m0p/drivers_cc23x0r5.a(SPILPF3DMA.c.obj)
                0x00005678                SPILPF3DMA_open
 .text.SPILPF3DMA_swiFxn
                0x000057e8       0x78 C:/ti/simplelink_lowpower_f3_sdk_9_14_01_16/source\ti/drivers/lib/gcc/m0p/drivers_cc23x0r5.a(SPILPF3DMA.c.obj)
 .text.SPILPF3DMA_control
                0x00005860      0x120 C:/ti/simplelink_lowpower_f3_sdk_9_14_01_16/source\ti/drivers/lib/gcc/m0p/drivers_cc23x0r5.a(SPILPF3DMA.c.obj)
                0x00005860                SPILPF3DMA_control
 .text.SPILPF3DMA_transfer
                0x00005980      0x420 C:/ti/simplelink_lowpower_f3_sdk_9_14_01_16/source\ti/drivers/lib/gcc/m0p/drivers_cc23x0r5.a(SPILPF3DMA.c.obj)
                0x00005980                SPILPF3DMA_transfer
 .text.UART2_Params_init
                0x00005da0       0x18 C:/ti/simplelink_lowpower_f3_sdk_9_14_01_16/source\ti/drivers/lib/gcc/m0p/drivers_cc23x0r5.a(UART2.c.obj)
                0x00005da0                UART2_Params_init
 .text.UART2_readCancel
                0x00005db8       0x5c C:/ti/simplelink_lowpower_f3_sdk_9_14_01_16/source\ti/drivers/lib/gcc/m0p/drivers_cc23x0r5.a(UART2.c.obj)
                0x00005db8                UART2_readCancel
 .text.UART2_rxDisable
                0x00005e14       0x38 C:/ti/simplelink_lowpower_f3_sdk_9_14_01_16/source\ti/drivers/lib/gcc/m0p/drivers_cc23x0r5.a(UART2.c.obj)
                0x00005e14                UART2_rxDisable
 .text.UART2_rxEnable
                0x00005e4c       0x3c C:/ti/simplelink_lowpower_f3_sdk_9_14_01_16/source\ti/drivers/lib/gcc/m0p/drivers_cc23x0r5.a(UART2.c.obj)
                0x00005e4c                UART2_rxEnable
 .text.UART2_readTimeout
                0x00005e88      0x1cc C:/ti/simplelink_lowpower_f3_sdk_9_14_01_16/source\ti/drivers/lib/gcc/m0p/drivers_cc23x0r5.a(UART2.c.obj)
                0x00005e88                UART2_readTimeout
 .text.UART2_readFull
                0x00006054       0x60 C:/ti/simplelink_lowpower_f3_sdk_9_14_01_16/source\ti/drivers/lib/gcc/m0p/drivers_cc23x0r5.a(UART2.c.obj)
                0x00006054                UART2_readFull
 .text.UART2_read
                0x000060b4       0x28 C:/ti/simplelink_lowpower_f3_sdk_9_14_01_16/source\ti/drivers/lib/gcc/m0p/drivers_cc23x0r5.a(UART2.c.obj)
                0x000060b4                UART2_read
 .text.UART2_writeTimeoutBlocking
                0x000060dc      0x178 C:/ti/simplelink_lowpower_f3_sdk_9_14_01_16/source\ti/drivers/lib/gcc/m0p/drivers_cc23x0r5.a(UART2.c.obj)
                0x000060dc                UART2_writeTimeoutBlocking
 .text.UART2_writeTimeoutNonblocking
                0x00006254      0x144 C:/ti/simplelink_lowpower_f3_sdk_9_14_01_16/source\ti/drivers/lib/gcc/m0p/drivers_cc23x0r5.a(UART2.c.obj)
                0x00006254                UART2_writeTimeoutNonblocking
 .text.UART2_writeTimeout
                0x00006398       0x24 C:/ti/simplelink_lowpower_f3_sdk_9_14_01_16/source\ti/drivers/lib/gcc/m0p/drivers_cc23x0r5.a(UART2.c.obj)
                0x00006398                UART2_writeTimeout
 .text.UART2_write
                0x000063bc       0x14 C:/ti/simplelink_lowpower_f3_sdk_9_14_01_16/source\ti/drivers/lib/gcc/m0p/drivers_cc23x0r5.a(UART2.c.obj)
                0x000063bc                UART2_write
 .text.UART2_writeCancel
                0x000063d0       0xa8 C:/ti/simplelink_lowpower_f3_sdk_9_14_01_16/source\ti/drivers/lib/gcc/m0p/drivers_cc23x0r5.a(UART2.c.obj)
                0x000063d0                UART2_writeCancel
 .text.UART2LPF3_eventCallback
                0x00006478        0x4 C:/ti/simplelink_lowpower_f3_sdk_9_14_01_16/source\ti/drivers/lib/gcc/m0p/drivers_cc23x0r5.a(UART2LPF3.c.obj)
 .text.UART2LPF3_preNotifyFxn
                0x0000647c       0x40 C:/ti/simplelink_lowpower_f3_sdk_9_14_01_16/source\ti/drivers/lib/gcc/m0p/drivers_cc23x0r5.a(UART2LPF3.c.obj)
 .text.UART2LPF3_initHw.isra.0
                0x000064bc      0x158 C:/ti/simplelink_lowpower_f3_sdk_9_14_01_16/source\ti/drivers/lib/gcc/m0p/drivers_cc23x0r5.a(UART2LPF3.c.obj)
 .text.UART2LPF3_postNotifyFxn
                0x00006614       0x54 C:/ti/simplelink_lowpower_f3_sdk_9_14_01_16/source\ti/drivers/lib/gcc/m0p/drivers_cc23x0r5.a(UART2LPF3.c.obj)
 .text.UART2_close
                0x00006668       0x9c C:/ti/simplelink_lowpower_f3_sdk_9_14_01_16/source\ti/drivers/lib/gcc/m0p/drivers_cc23x0r5.a(UART2LPF3.c.obj)
                0x00006668                UART2_close
 .text.UART2_open
                0x00006704      0x1cc C:/ti/simplelink_lowpower_f3_sdk_9_14_01_16/source\ti/drivers/lib/gcc/m0p/drivers_cc23x0r5.a(UART2LPF3.c.obj)
                0x00006704                UART2_open
 .text.UART2Support_disableRx
                0x000068d0       0x28 C:/ti/simplelink_lowpower_f3_sdk_9_14_01_16/source\ti/drivers/lib/gcc/m0p/drivers_cc23x0r5.a(UART2LPF3.c.obj)
                0x000068d0                UART2Support_disableRx
 .text.UART2Support_disableTx
                0x000068f8       0x10 C:/ti/simplelink_lowpower_f3_sdk_9_14_01_16/source\ti/drivers/lib/gcc/m0p/drivers_cc23x0r5.a(UART2LPF3.c.obj)
                0x000068f8                UART2Support_disableTx
 .text.UART2Support_dmaStartTx
                0x00006908       0xe8 C:/ti/simplelink_lowpower_f3_sdk_9_14_01_16/source\ti/drivers/lib/gcc/m0p/drivers_cc23x0r5.a(UART2LPF3.c.obj)
                0x00006908                UART2Support_dmaStartTx
 .text.UART2Support_dmaStopRx
                0x000069f0       0x78 C:/ti/simplelink_lowpower_f3_sdk_9_14_01_16/source\ti/drivers/lib/gcc/m0p/drivers_cc23x0r5.a(UART2LPF3.c.obj)
                0x000069f0                UART2Support_dmaStopRx
 .text.UART2Support_dmaStartRx
                0x00006a68       0xf4 C:/ti/simplelink_lowpower_f3_sdk_9_14_01_16/source\ti/drivers/lib/gcc/m0p/drivers_cc23x0r5.a(UART2LPF3.c.obj)
                0x00006a68                UART2Support_dmaStartRx
 .text.UART2Support_dmaStopTx
                0x00006b5c       0x84 C:/ti/simplelink_lowpower_f3_sdk_9_14_01_16/source\ti/drivers/lib/gcc/m0p/drivers_cc23x0r5.a(UART2LPF3.c.obj)
                0x00006b5c                UART2Support_dmaStopTx
 .text.UART2LPF3_hwiIntFxn
                0x00006be0      0x310 C:/ti/simplelink_lowpower_f3_sdk_9_14_01_16/source\ti/drivers/lib/gcc/m0p/drivers_cc23x0r5.a(UART2LPF3.c.obj)
 .text.UART2Support_enableInts
                0x00006ef0       0x2c C:/ti/simplelink_lowpower_f3_sdk_9_14_01_16/source\ti/drivers/lib/gcc/m0p/drivers_cc23x0r5.a(UART2LPF3.c.obj)
                0x00006ef0                UART2Support_enableInts
 .text.UART2Support_enableRx
                0x00006f1c       0x10 C:/ti/simplelink_lowpower_f3_sdk_9_14_01_16/source\ti/drivers/lib/gcc/m0p/drivers_cc23x0r5.a(UART2LPF3.c.obj)
                0x00006f1c                UART2Support_enableRx
 .text.UART2Support_enableTx
                0x00006f2c       0x10 C:/ti/simplelink_lowpower_f3_sdk_9_14_01_16/source\ti/drivers/lib/gcc/m0p/drivers_cc23x0r5.a(UART2LPF3.c.obj)
                0x00006f2c                UART2Support_enableTx
 .text.UART2Support_powerRelConstraint
                0x00006f3c        0xc C:/ti/simplelink_lowpower_f3_sdk_9_14_01_16/source\ti/drivers/lib/gcc/m0p/drivers_cc23x0r5.a(UART2LPF3.c.obj)
                0x00006f3c                UART2Support_powerRelConstraint
 .text.UART2Support_powerSetConstraint
                0x00006f48        0xc C:/ti/simplelink_lowpower_f3_sdk_9_14_01_16/source\ti/drivers/lib/gcc/m0p/drivers_cc23x0r5.a(UART2LPF3.c.obj)
                0x00006f48                UART2Support_powerSetConstraint
 .text.UART2Support_sendData
                0x00006f54       0x28 C:/ti/simplelink_lowpower_f3_sdk_9_14_01_16/source\ti/drivers/lib/gcc/m0p/drivers_cc23x0r5.a(UART2LPF3.c.obj)
                0x00006f54                UART2Support_sendData
 .text.UART2Support_txDone
                0x00006f7c        0xc C:/ti/simplelink_lowpower_f3_sdk_9_14_01_16/source\ti/drivers/lib/gcc/m0p/drivers_cc23x0r5.a(UART2LPF3.c.obj)
                0x00006f7c                UART2Support_txDone
 .text.RingBuf_construct
                0x00006f88       0x14 C:/ti/simplelink_lowpower_f3_sdk_9_14_01_16/source\ti/drivers/lib/gcc/m0p/drivers_cc23x0r5.a(RingBuf.c.obj)
                0x00006f88                RingBuf_construct
 .text.RingBuf_getConsume
                0x00006f9c       0x30 C:/ti/simplelink_lowpower_f3_sdk_9_14_01_16/source\ti/drivers/lib/gcc/m0p/drivers_cc23x0r5.a(RingBuf.c.obj)
                0x00006f9c                RingBuf_getConsume
 .text.RingBuf_getCount
                0x00006fcc        0x4 C:/ti/simplelink_lowpower_f3_sdk_9_14_01_16/source\ti/drivers/lib/gcc/m0p/drivers_cc23x0r5.a(RingBuf.c.obj)
                0x00006fcc                RingBuf_getCount
 .text.RingBuf_getPointer
                0x00006fd0       0x28 C:/ti/simplelink_lowpower_f3_sdk_9_14_01_16/source\ti/drivers/lib/gcc/m0p/drivers_cc23x0r5.a(RingBuf.c.obj)
                0x00006fd0                RingBuf_getPointer
 .text.RingBuf_flush
                0x00006ff8       0x1c C:/ti/simplelink_lowpower_f3_sdk_9_14_01_16/source\ti/drivers/lib/gcc/m0p/drivers_cc23x0r5.a(RingBuf.c.obj)
                0x00006ff8                RingBuf_flush
 .text.RingBuf_put
                0x00007014       0x48 C:/ti/simplelink_lowpower_f3_sdk_9_14_01_16/source\ti/drivers/lib/gcc/m0p/drivers_cc23x0r5.a(RingBuf.c.obj)
                0x00007014                RingBuf_put
 .text.RingBuf_putAdvance
                0x0000705c       0x44 C:/ti/simplelink_lowpower_f3_sdk_9_14_01_16/source\ti/drivers/lib/gcc/m0p/drivers_cc23x0r5.a(RingBuf.c.obj)
                0x0000705c                RingBuf_putAdvance
 .text.RingBuf_putPointer
                0x000070a0       0x34 C:/ti/simplelink_lowpower_f3_sdk_9_14_01_16/source\ti/drivers/lib/gcc/m0p/drivers_cc23x0r5.a(RingBuf.c.obj)
                0x000070a0                RingBuf_putPointer
 .text.CPUDelay
                0x000070d4        0x8 C:/ti/simplelink_lowpower_f3_sdk_9_14_01_16/source\ti/devices/cc23x0r5/driverlib/lib/gcc/driverlib.a(cpu.c.obj)
                0x000070d4                CPUDelay
 .text.EVTSVTConfigureDma
                0x000070dc        0xc C:/ti/simplelink_lowpower_f3_sdk_9_14_01_16/source\ti/devices/cc23x0r5/driverlib/lib/gcc/driverlib.a(evtsvt.c.obj)
                0x000070dc                EVTSVTConfigureDma
 .text.EVTSVTConfigureEvent
                0x000070e8       0x10 C:/ti/simplelink_lowpower_f3_sdk_9_14_01_16/source\ti/devices/cc23x0r5/driverlib/lib/gcc/driverlib.a(evtsvt.c.obj)
                0x000070e8                EVTSVTConfigureEvent
 .text.I2CControllerInitExpClk
                0x000070f8       0x38 C:/ti/simplelink_lowpower_f3_sdk_9_14_01_16/source\ti/devices/cc23x0r5/driverlib/lib/gcc/driverlib.a(i2c.c.obj)
                0x000070f8                I2CControllerInitExpClk
 .text.IntDefaultHandler
                0x00007130        0x4 C:/ti/simplelink_lowpower_f3_sdk_9_14_01_16/source\ti/devices/cc23x0r5/driverlib/lib/gcc/driverlib.a(interrupt.c.obj)
 .text.IntRegister
                0x00007134       0x30 C:/ti/simplelink_lowpower_f3_sdk_9_14_01_16/source\ti/devices/cc23x0r5/driverlib/lib/gcc/driverlib.a(interrupt.c.obj)
                0x00007134                IntRegister
 .text.IntUnregister
                0x00007164       0x14 C:/ti/simplelink_lowpower_f3_sdk_9_14_01_16/source\ti/devices/cc23x0r5/driverlib/lib/gcc/driverlib.a(interrupt.c.obj)
                0x00007164                IntUnregister
 .text.IntSetPriority
                0x00007178       0xac C:/ti/simplelink_lowpower_f3_sdk_9_14_01_16/source\ti/devices/cc23x0r5/driverlib/lib/gcc/driverlib.a(interrupt.c.obj)
                0x00007178                IntSetPriority
 .text.IntEnable
                0x00007224       0x28 C:/ti/simplelink_lowpower_f3_sdk_9_14_01_16/source\ti/devices/cc23x0r5/driverlib/lib/gcc/driverlib.a(interrupt.c.obj)
                0x00007224                IntEnable
 .text.IntDisable
                0x0000724c       0x2c C:/ti/simplelink_lowpower_f3_sdk_9_14_01_16/source\ti/devices/cc23x0r5/driverlib/lib/gcc/driverlib.a(interrupt.c.obj)
                0x0000724c                IntDisable
 .text.IntSetPend
                0x00007278       0x5c C:/ti/simplelink_lowpower_f3_sdk_9_14_01_16/source\ti/devices/cc23x0r5/driverlib/lib/gcc/driverlib.a(interrupt.c.obj)
                0x00007278                IntSetPend
 .text.IntClearPend
                0x000072d4       0x40 C:/ti/simplelink_lowpower_f3_sdk_9_14_01_16/source\ti/devices/cc23x0r5/driverlib/lib/gcc/driverlib.a(interrupt.c.obj)
                0x000072d4                IntClearPend
 .text.LRFDSetClockDependency
                0x00007314       0x60 C:/ti/simplelink_lowpower_f3_sdk_9_14_01_16/source\ti/devices/cc23x0r5/driverlib/lib/gcc/driverlib.a(lrfd.c.obj)
                0x00007314                LRFDSetClockDependency
 .text.LRFDReleaseClockDependency
                0x00007374       0x60 C:/ti/simplelink_lowpower_f3_sdk_9_14_01_16/source\ti/devices/cc23x0r5/driverlib/lib/gcc/driverlib.a(lrfd.c.obj)
                0x00007374                LRFDReleaseClockDependency
 .text.LRFDApplyClockDependencies
                0x000073d4       0x54 C:/ti/simplelink_lowpower_f3_sdk_9_14_01_16/source\ti/devices/cc23x0r5/driverlib/lib/gcc/driverlib.a(lrfd.c.obj)
                0x000073d4                LRFDApplyClockDependencies
 .text.SetupTrimDevice
                0x00007428       0x48 C:/ti/simplelink_lowpower_f3_sdk_9_14_01_16/source\ti/devices/cc23x0r5/driverlib/lib/gcc/driverlib.a(setup.c.obj)
                0x00007428                SetupTrimDevice
 .text.UARTConfigSetExpClk
                0x00007470       0x4c C:/ti/simplelink_lowpower_f3_sdk_9_14_01_16/source\ti/devices/cc23x0r5/driverlib/lib/gcc/driverlib.a(uart.c.obj)
                0x00007470                UARTConfigSetExpClk
 .text.UARTDisable
                0x000074bc       0x24 C:/ti/simplelink_lowpower_f3_sdk_9_14_01_16/source\ti/devices/cc23x0r5/driverlib/lib/gcc/driverlib.a(uart.c.obj)
                0x000074bc                UARTDisable
 .text.uDMAEnableChannelAttribute
                0x000074e0       0x34 C:/ti/simplelink_lowpower_f3_sdk_9_14_01_16/source\ti/devices/cc23x0r5/driverlib/lib/gcc/driverlib.a(udma.c.obj)
                0x000074e0                uDMAEnableChannelAttribute
 .text.uDMADisableChannelAttribute
                0x00007514       0x34 C:/ti/simplelink_lowpower_f3_sdk_9_14_01_16/source\ti/devices/cc23x0r5/driverlib/lib/gcc/driverlib.a(udma.c.obj)
                0x00007514                uDMADisableChannelAttribute
 .text.uDMAGetChannelSize
                0x00007548       0x18 C:/ti/simplelink_lowpower_f3_sdk_9_14_01_16/source\ti/devices/cc23x0r5/driverlib/lib/gcc/driverlib.a(udma.c.obj)
                0x00007548                uDMAGetChannelSize
 .text.memcpy   0x00007560       0x12 C:/ti/gcc-arm-none-eabi_9_3_1/arm-none-eabi/lib/thumb/v6-m/nofp\libc_nano.a(lib_a-memcpy-stub.o)
                0x00007560                memcpy
 .text.memset   0x00007572       0x10 C:/ti/gcc-arm-none-eabi_9_3_1/arm-none-eabi/lib/thumb/v6-m/nofp\libc_nano.a(lib_a-memset.o)
                0x00007572                memset
 .text.cleanup_glue
                0x00007582       0x1a C:/ti/gcc-arm-none-eabi_9_3_1/arm-none-eabi/lib/thumb/v6-m/nofp\libc_nano.a(lib_a-reent.o)
                0x00007582                cleanup_glue
 .text._reclaim_reent
                0x0000759c       0xcc C:/ti/gcc-arm-none-eabi_9_3_1/arm-none-eabi/lib/thumb/v6-m/nofp\libc_nano.a(lib_a-reent.o)
                0x0000759c                _reclaim_reent
                0x00007668                . = ALIGN (0x4)
 *(.ctors)
                0x00007668                . = ALIGN (0x4)
 *(.dtors)
                0x00007668                . = ALIGN (0x4)
                0x00007668                __init_array_start = .
 *(.init_array*)
                0x00007668                __init_array_end = .
 *(.init)
 *(.fini*)
                [!provide]                PROVIDE (__etext = .)
                [!provide]                PROVIDE (_etext = .)
                [!provide]                PROVIDE (etext = .)

.glue_7         0x00007668        0x0
 .glue_7        0x00007668        0x0 linker stubs

.glue_7t        0x00007668        0x0
 .glue_7t       0x00007668        0x0 linker stubs

.vfp11_veneer   0x00007668        0x0
 .vfp11_veneer  0x00007668        0x0 linker stubs

.v4_bx          0x00007668        0x0
 .v4_bx         0x00007668        0x0 linker stubs

.iplt           0x00007668        0x0
 .iplt          0x00007668        0x0 ./syscfg/ti_devices_config.o

.rodata         0x00007668      0x3b0
 *(.rodata)
 *(.rodata.*)
 .rodata.GPIO_config
                0x00007668       0x10 ./syscfg/ti_drivers_config.o
                0x00007668                GPIO_config
 .rodata.GPIO_pinLowerBound
                0x00007678        0x1 ./syscfg/ti_drivers_config.o
                0x00007678                GPIO_pinLowerBound
 .rodata.GPIO_pinUpperBound
                0x00007679        0x1 ./syscfg/ti_drivers_config.o
                0x00007679                GPIO_pinUpperBound
 *fill*         0x0000767a        0x2 
 .rodata.I2CLPF3_hwAttrs
                0x0000767c       0x18 ./syscfg/ti_drivers_config.o
                0x0000767c                I2CLPF3_hwAttrs
 .rodata.I2C_config
                0x00007694        0x8 ./syscfg/ti_drivers_config.o
                0x00007694                I2C_config
 .rodata.I2C_count
                0x0000769c        0x1 ./syscfg/ti_drivers_config.o
                0x0000769c                I2C_count
 *fill*         0x0000769d        0x3 
 .rodata.PowerCC23X0_config
                0x000076a0        0xc ./syscfg/ti_drivers_config.o
                0x000076a0                PowerCC23X0_config
 .rodata.SPILPF3DMA_hwAttrs
                0x000076ac       0x48 ./syscfg/ti_drivers_config.o
                0x000076ac                SPILPF3DMA_hwAttrs
 .rodata.SPI_config
                0x000076f4        0xc ./syscfg/ti_drivers_config.o
                0x000076f4                SPI_config
 .rodata.SPI_count
                0x00007700        0x1 ./syscfg/ti_drivers_config.o
                0x00007700                SPI_count
 *fill*         0x00007701        0x3 
 .rodata.UART2LPF3_hwAttrs
                0x00007704       0x60 ./syscfg/ti_drivers_config.o
 .rodata.UART2_config
                0x00007764        0x8 ./syscfg/ti_drivers_config.o
                0x00007764                UART2_config
 .rodata.UART2_count
                0x0000776c        0x1 ./syscfg/ti_drivers_config.o
                0x0000776c                UART2_count
 *fill*         0x0000776d        0x3 
 .rodata.UDMALPF3_config
                0x00007770        0x4 ./syscfg/ti_drivers_config.o
                0x00007770                UDMALPF3_config
 .rodata.prvProcessReceivedCommands
                0x00007774       0x28 ./syscfg/ti_freertos_config.o
 .rodata.xTimerCreateTimerTask.str1.4
                0x0000779c        0x8 ./syscfg/ti_freertos_config.o
 .rodata.vTaskStartScheduler.str1.4
                0x000077a4        0x5 ./syscfg/ti_freertos_config.o
 *fill*         0x000077a9        0x3 
 .rodata.pthread_create.str1.4
                0x000077ac        0x2 ./syscfg/ti_freertos_config.o
 *fill*         0x000077ae        0x2 
 .rodata.SwiP_defaultParams
                0x000077b0       0x10 ./syscfg/ti_freertos_config.o
 .rodata.sysTimerResolutionShift
                0x000077c0        0x5 ./syscfg/ti_freertos_config.o
                0x000077c0                sysTimerResolutionShift
 *fill*         0x000077c5        0x3 
 .rodata.SSCP_encodePacket.str1.4
                0x000077c8       0x11 ./sscp/src/sscp.o
 *fill*         0x000077d9        0x3 
 .rodata.crc8_ccitt_table
                0x000077dc      0x100 ./sscp/src/sscp.o
 .rodata.I2C_defaultParams
                0x000078dc       0x10 C:/ti/simplelink_lowpower_f3_sdk_9_14_01_16/source\ti/drivers/lib/gcc/m0p/drivers_cc23x0r5.a(I2C.c.obj)
                0x000078dc                I2C_defaultParams
 .rodata.SPI_defaultParams
                0x000078ec       0x20 C:/ti/simplelink_lowpower_f3_sdk_9_14_01_16/source\ti/drivers/lib/gcc/m0p/drivers_cc23x0r5.a(SPI.c.obj)
                0x000078ec                SPI_defaultParams
 .rodata.SPILPF3DMA_control
                0x0000790c       0x20 C:/ti/simplelink_lowpower_f3_sdk_9_14_01_16/source\ti/drivers/lib/gcc/m0p/drivers_cc23x0r5.a(SPILPF3DMA.c.obj)
 .rodata.dmaNullConfig
                0x0000792c        0x8 C:/ti/simplelink_lowpower_f3_sdk_9_14_01_16/source\ti/drivers/lib/gcc/m0p/drivers_cc23x0r5.a(SPILPF3DMA.c.obj)
 .rodata.dmaRxConfig
                0x00007934        0x8 C:/ti/simplelink_lowpower_f3_sdk_9_14_01_16/source\ti/drivers/lib/gcc/m0p/drivers_cc23x0r5.a(SPILPF3DMA.c.obj)
 .rodata.dmaTxConfig
                0x0000793c        0x8 C:/ti/simplelink_lowpower_f3_sdk_9_14_01_16/source\ti/drivers/lib/gcc/m0p/drivers_cc23x0r5.a(SPILPF3DMA.c.obj)
 .rodata.frameFormat
                0x00007944       0x18 C:/ti/simplelink_lowpower_f3_sdk_9_14_01_16/source\ti/drivers/lib/gcc/m0p/drivers_cc23x0r5.a(SPILPF3DMA.c.obj)
 .rodata.mode   0x0000795c        0x8 C:/ti/simplelink_lowpower_f3_sdk_9_14_01_16/source\ti/drivers/lib/gcc/m0p/drivers_cc23x0r5.a(SPILPF3DMA.c.obj)
 .rodata.SPILPF3DMA_fxnTable
                0x00007964       0x18 C:/ti/simplelink_lowpower_f3_sdk_9_14_01_16/source\ti/drivers/lib/gcc/m0p/drivers_cc23x0r5.a(SPILPF3DMA.c.obj)
                0x00007964                SPILPF3DMA_fxnTable
 .rodata.UART2_defaultParams
                0x0000797c       0x24 C:/ti/simplelink_lowpower_f3_sdk_9_14_01_16/source\ti/drivers/lib/gcc/m0p/drivers_cc23x0r5.a(UART2.c.obj)
                0x0000797c                UART2_defaultParams
 .rodata.parityType
                0x000079a0        0x5 C:/ti/simplelink_lowpower_f3_sdk_9_14_01_16/source\ti/drivers/lib/gcc/m0p/drivers_cc23x0r5.a(UART2LPF3.c.obj)
 *fill*         0x000079a5        0x3 
 .rodata.stopBits
                0x000079a8        0x2 C:/ti/simplelink_lowpower_f3_sdk_9_14_01_16/source\ti/drivers/lib/gcc/m0p/drivers_cc23x0r5.a(UART2LPF3.c.obj)
 *fill*         0x000079aa        0x2 
 .rodata.dataLength
                0x000079ac        0x4 C:/ti/simplelink_lowpower_f3_sdk_9_14_01_16/source\ti/drivers/lib/gcc/m0p/drivers_cc23x0r5.a(UART2LPF3.c.obj)
 .rodata.__sf_fake_stderr
                0x000079b0       0x20 C:/ti/gcc-arm-none-eabi_9_3_1/arm-none-eabi/lib/thumb/v6-m/nofp\libc_nano.a(lib_a-findfp.o)
                0x000079b0                __sf_fake_stderr
 .rodata.__sf_fake_stdin
                0x000079d0       0x20 C:/ti/gcc-arm-none-eabi_9_3_1/arm-none-eabi/lib/thumb/v6-m/nofp\libc_nano.a(lib_a-findfp.o)
                0x000079d0                __sf_fake_stdin
 .rodata.__sf_fake_stdout
                0x000079f0       0x20 C:/ti/gcc-arm-none-eabi_9_3_1/arm-none-eabi/lib/thumb/v6-m/nofp\libc_nano.a(lib_a-findfp.o)
                0x000079f0                __sf_fake_stdout
 *(.rodata_*)
 *(.timestampPFormat)
 .timestampPFormat
                0x00007a10        0x8 ./syscfg/ti_freertos_config.o
                0x00007a10                TimestampP_nativeFormat32
                0x00007a14                TimestampP_nativeFormat64

.data           0x200004a0      0x238 load address 0x00007a18
                0x00007a18                __data_load__ = LOADADDR (.data)
                0x200004a0                __data_start__ = .
 *(.data)
 *(.data.*)
 .data.gpioPinConfigs
                0x200004a0       0x68 ./syscfg/ti_drivers_config.o
                0x200004a0                gpioPinConfigs
 .data.HwiP_swiPIntNum
                0x20000508        0x4 ./syscfg/ti_freertos_config.o
                0x20000508                HwiP_swiPIntNum
 .data.defaultPthreadAttrs
                0x2000050c       0x14 ./syscfg/ti_freertos_config.o
 .data.uxTopUsedPriority
                0x20000520        0x4 ./syscfg/ti_freertos_config.o
                0x20000520                uxTopUsedPriority
 .data.uxCriticalNesting
                0x20000524        0x4 ./syscfg/ti_freertos_portable_config.o
 .data.SSCP_registerHandle_sscpSerialHandleList
                0x20000528       0x90 ./sscp_rs485.o
 .data.sscpSerialHandle
                0x200005b8       0xb8 ./sscp_rs485.o
                0x200005b8                sscpSerialHandle
 .data.powerState
                0x20000670        0x1 C:/ti/simplelink_lowpower_f3_sdk_9_14_01_16/source\ti/drivers/lib/gcc/m0p/drivers_cc23x0r5.a(PowerCC23X0.c.obj)
 *fill*         0x20000671        0x3 
 .data._impure_ptr
                0x20000674        0x4 C:/ti/gcc-arm-none-eabi_9_3_1/arm-none-eabi/lib/thumb/v6-m/nofp\libc_nano.a(lib_a-impure.o)
                0x20000674                _impure_ptr
 .data.impure_data
                0x20000678       0x60 C:/ti/gcc-arm-none-eabi_9_3_1/arm-none-eabi/lib/thumb/v6-m/nofp\libc_nano.a(lib_a-impure.o)
                0x200006d8                . = ALIGN (0x2)
 *(.TI.ramfunc)
                0x200006d8                . = ALIGN (0x4)
                0x200006d8                __data_end__ = .

.igot.plt       0x200006d8        0x0 load address 0x00007c50
 .igot.plt      0x200006d8        0x0 ./syscfg/ti_devices_config.o

.ARM.exidx      0x00007c50        0x8
                0x00007c50                __exidx_start = .
 *(.ARM.exidx* .gnu.linkonce.armexidx.*)
 .ARM.exidx     0x00007c50        0x8 c:/ti/gcc-arm-none-eabi_9_3_1/bin/../lib/gcc/arm-none-eabi/9.3.1/thumb/v6-m/nofp\libgcc.a(_udivmoddi4.o)
                0x00007c58                __exidx_end = .

.ARM.extab
 *(.ARM.extab* .gnu.linkonce.armextab.*)

.nvs
 *(.nvs)

.ccfg           0x4e020000      0x800
 *(.ccfg)
 .ccfg          0x4e020000      0x800 ./syscfg/ti_devices_config.o
                0x4e020000                ccfg

.rel.dyn        0x4e020800        0x0
 .rel.iplt      0x4e020800        0x0 ./syscfg/ti_devices_config.o

.scfg
 *(.scfg)

.bss            0x200006d8     0x3400
                0x200006d8                __bss_start__ = .
 *(.shbss)
 *(.bss)
 *(.bss.*)
 .bss.uart2RxRingBuffer0
                0x200006d8      0x100 ./syscfg/ti_drivers_config.o
 .bss.uart2TxRingBuffer0
                0x200007d8      0x100 ./syscfg/ti_drivers_config.o
 .bss.ClockP_defaultParams
                0x200008d8        0xc ./syscfg/ti_freertos_config.o
 .bss.ClockP_inWorkFunc
                0x200008e4        0x1 ./syscfg/ti_freertos_config.o
 .bss.ClockP_initialized
                0x200008e5        0x1 ./syscfg/ti_freertos_config.o
 *fill*         0x200008e6        0x2 
 .bss.ClockP_list
                0x200008e8        0x8 ./syscfg/ti_freertos_config.o
 .bss.ClockP_nextScheduledTick
                0x200008f0        0x4 ./syscfg/ti_freertos_config.o
 .bss.ClockP_startOrStopDuringWorkFunc
                0x200008f4        0x1 ./syscfg/ti_freertos_config.o
 *fill*         0x200008f5        0x3 
 .bss.ClockP_ticks
                0x200008f8        0x4 ./syscfg/ti_freertos_config.o
 .bss.HwiP_dispatchTable
                0x200008fc       0x8c ./syscfg/ti_freertos_config.o
 .bss.PowerCC23X0_idleTimeOS
                0x20000988        0x4 ./syscfg/ti_freertos_config.o
 .bss.SwiP_currentTrigger
                0x2000098c        0x4 ./syscfg/ti_freertos_config.o
 .bss.SwiP_hwiStruct
                0x20000990       0x1c ./syscfg/ti_freertos_config.o
 .bss.SwiP_initialized
                0x200009ac        0x1 ./syscfg/ti_freertos_config.o
 *fill*         0x200009ad        0x3 
 .bss.SwiP_lockState
                0x200009b0        0x4 ./syscfg/ti_freertos_config.o
 .bss.SwiP_readyList
                0x200009b4       0x20 ./syscfg/ti_freertos_config.o
 .bss.SwiP_readyMask
                0x200009d4        0x4 ./syscfg/ti_freertos_config.o
 .bss.SwiP_schedulerRunning
                0x200009d8        0x1 ./syscfg/ti_freertos_config.o
 *fill*         0x200009d9        0x3 
 .bss.pxCurrentTCB
                0x200009dc        0x4 ./syscfg/ti_freertos_config.o
                0x200009dc                pxCurrentTCB
 .bss.pxCurrentTimerList
                0x200009e0        0x4 ./syscfg/ti_freertos_config.o
 .bss.pxDelayedTaskList
                0x200009e4        0x4 ./syscfg/ti_freertos_config.o
 .bss.pxEnd     0x200009e8        0x4 ./syscfg/ti_freertos_config.o
 .bss.pxOverflowDelayedTaskList
                0x200009ec        0x4 ./syscfg/ti_freertos_config.o
 .bss.pxOverflowTimerList
                0x200009f0        0x4 ./syscfg/ti_freertos_config.o
 .bss.pxReadyTasksLists
                0x200009f4       0xc8 ./syscfg/ti_freertos_config.o
 .bss.ucHeap    0x20000abc     0x2000 ./syscfg/ti_freertos_config.o
 .bss.ucStaticTimerQueueStorage.6299
                0x20002abc      0x140 ./syscfg/ti_freertos_config.o
 .bss.uxCurrentNumberOfTasks
                0x20002bfc        0x4 ./syscfg/ti_freertos_config.o
 .bss.uxDeletedTasksWaitingCleanUp
                0x20002c00        0x4 ./syscfg/ti_freertos_config.o
 .bss.uxIdleTaskStack.7468
                0x20002c04      0x200 ./syscfg/ti_freertos_config.o
 .bss.uxSchedulerSuspended
                0x20002e04        0x4 ./syscfg/ti_freertos_config.o
 .bss.uxTaskNumber
                0x20002e08        0x4 ./syscfg/ti_freertos_config.o
 .bss.uxTimerTaskStack.7475
                0x20002e0c      0x200 ./syscfg/ti_freertos_config.o
 .bss.uxTopReadyPriority
                0x2000300c        0x4 ./syscfg/ti_freertos_config.o
 .bss.xActiveTimerList1
                0x20003010       0x14 ./syscfg/ti_freertos_config.o
 .bss.xActiveTimerList2
                0x20003024       0x14 ./syscfg/ti_freertos_config.o
 .bss.xDelayedTaskList1
                0x20003038       0x14 ./syscfg/ti_freertos_config.o
 .bss.xDelayedTaskList2
                0x2000304c       0x14 ./syscfg/ti_freertos_config.o
 .bss.xFreeBytesRemaining
                0x20003060        0x4 ./syscfg/ti_freertos_config.o
 .bss.xIdleTaskTCB.7467
                0x20003064       0xc0 ./syscfg/ti_freertos_config.o
 .bss.xLastTime.6257
                0x20003124        0x4 ./syscfg/ti_freertos_config.o
 .bss.xMinimumEverFreeBytesRemaining
                0x20003128        0x4 ./syscfg/ti_freertos_config.o
 .bss.xNextTaskUnblockTime
                0x2000312c        0x4 ./syscfg/ti_freertos_config.o
 .bss.xNumOfOverflows
                0x20003130        0x4 ./syscfg/ti_freertos_config.o
 .bss.xNumberOfSuccessfulAllocations
                0x20003134        0x4 ./syscfg/ti_freertos_config.o
 .bss.xNumberOfSuccessfulFrees
                0x20003138        0x4 ./syscfg/ti_freertos_config.o
 .bss.xPendedTicks
                0x2000313c        0x4 ./syscfg/ti_freertos_config.o
 .bss.xPendingReadyList
                0x20003140       0x14 ./syscfg/ti_freertos_config.o
 .bss.xSchedulerRunning
                0x20003154        0x4 ./syscfg/ti_freertos_config.o
 .bss.xStart    0x20003158        0x8 ./syscfg/ti_freertos_config.o
 .bss.xStaticTimerQueue.6298
                0x20003160       0x50 ./syscfg/ti_freertos_config.o
 .bss.xSuspendedTaskList
                0x200031b0       0x14 ./syscfg/ti_freertos_config.o
 .bss.xTasksWaitingTermination
                0x200031c4       0x14 ./syscfg/ti_freertos_config.o
 .bss.xTickCount
                0x200031d8        0x4 ./syscfg/ti_freertos_config.o
 .bss.xTimerQueue
                0x200031dc        0x4 ./syscfg/ti_freertos_config.o
 .bss.xTimerTaskHandle
                0x200031e0        0x4 ./syscfg/ti_freertos_config.o
 .bss.xTimerTaskTCB.7474
                0x200031e4       0xc0 ./syscfg/ti_freertos_config.o
 .bss.xYieldPending
                0x200032a4        0x4 ./syscfg/ti_freertos_config.o
 .bss.ulStoppedTimerCompensation
                0x200032a8        0x4 ./syscfg/ti_freertos_portable_config.o
 .bss.ulTimerCountsForOneTick
                0x200032ac        0x4 ./syscfg/ti_freertos_portable_config.o
 .bss.xMaximumPossibleSuppressedTicks
                0x200032b0        0x4 ./syscfg/ti_freertos_portable_config.o
 .bss.i2cHandle
                0x200032b4        0x4 ./empty.o
                0x200032b4                i2cHandle
 .bss.spiHandle
                0x200032b8        0x4 ./empty.o
                0x200032b8                spiHandle
 .bss.uartHandle
                0x200032bc        0x4 ./empty.o
                0x200032bc                uartHandle
 .bss.xspiStatus
                0x200032c0        0x4 ./sscp_app.o
                0x200032c0                xspiStatus
 .bss.SSCP_requestPacketInfo.5048
                0x200032c4       0x10 ./sscp/src/sscp.o
 .bss.decodedPacketInfo.5058
                0x200032d4       0x10 ./sscp/src/sscp.o
 .bss.encodedPacketInfo.5057
                0x200032e4       0x10 ./sscp/src/sscp.o
 .bss.packet.5056
                0x200032f4       0x10 ./sscp/src/sscp.o
 .bss.unencodedPacket.5037
                0x20003304        0x9 ./sscp/src/sscp.o
 *fill*         0x2000330d        0x3 
 .bss.unencodedPacket.5042
                0x20003310        0x9 ./sscp/src/sscp.o
 *fill*         0x20003319        0x3 
 .bss.postNotify
                0x2000331c       0x14 C:/ti/simplelink_lowpower_f3_sdk_9_14_01_16/source\ti/drivers/lib/gcc/m0p/drivers_cc23x0r5.a(UDMALPF3.c.obj)
 .bss.isOpen    0x20003330        0x1 C:/ti/simplelink_lowpower_f3_sdk_9_14_01_16/source\ti/drivers/lib/gcc/m0p/drivers_cc23x0r5.a(UDMALPF3.c.obj)
 *fill*         0x20003331        0x3 
 .bss.gpioHwi   0x20003334       0x1c C:/ti/simplelink_lowpower_f3_sdk_9_14_01_16/source\ti/drivers/lib/gcc/m0p/drivers_cc23x0r5.a(GPIOLPF3.c.obj)
 .bss.initCalled
                0x20003350        0x1 C:/ti/simplelink_lowpower_f3_sdk_9_14_01_16/source\ti/drivers/lib/gcc/m0p/drivers_cc23x0r5.a(GPIOLPF3.c.obj)
 *fill*         0x20003351        0x3 
 .bss.lastTdcCount.0
                0x20003354        0x4 C:/ti/simplelink_lowpower_f3_sdk_9_14_01_16/source\ti/drivers/lib/gcc/m0p/drivers_cc23x0r5.a(PowerCC23X0.c.obj)
 .bss.controlPreStandby.2
                0x20003358        0x4 C:/ti/simplelink_lowpower_f3_sdk_9_14_01_16/source\ti/drivers/lib/gcc/m0p/drivers_cc23x0r5.a(PowerCC23X0.c.obj)
 .bss.clockHwi  0x2000335c       0x1c C:/ti/simplelink_lowpower_f3_sdk_9_14_01_16/source\ti/drivers/lib/gcc/m0p/drivers_cc23x0r5.a(PowerCC23X0.c.obj)
                0x2000335c                clockHwi
 .bss.hfxtAmpCompClock
                0x20003378       0x44 C:/ti/simplelink_lowpower_f3_sdk_9_14_01_16/source\ti/drivers/lib/gcc/m0p/drivers_cc23x0r5.a(PowerCC23X0.c.obj)
 .bss.startInitialHfxtAmpCompFxn
                0x200033bc        0x4 C:/ti/simplelink_lowpower_f3_sdk_9_14_01_16/source\ti/drivers/lib/gcc/m0p/drivers_cc23x0r5.a(PowerCC23X0.c.obj)
 .bss.ckmHwi    0x200033c0       0x1c C:/ti/simplelink_lowpower_f3_sdk_9_14_01_16/source\ti/drivers/lib/gcc/m0p/drivers_cc23x0r5.a(PowerCC23X0.c.obj)
 .bss.notifyList
                0x200033dc        0x8 C:/ti/simplelink_lowpower_f3_sdk_9_14_01_16/source\ti/drivers/lib/gcc/m0p/drivers_cc23x0r5.a(PowerCC23X0.c.obj)
 .bss.isInitialized
                0x200033e4        0x1 C:/ti/simplelink_lowpower_f3_sdk_9_14_01_16/source\ti/drivers/lib/gcc/m0p/drivers_cc23x0r5.a(PowerCC23X0.c.obj)
 .bss.isPolicyEnabled
                0x200033e5        0x1 C:/ti/simplelink_lowpower_f3_sdk_9_14_01_16/source\ti/drivers/lib/gcc/m0p/drivers_cc23x0r5.a(PowerCC23X0.c.obj)
 *fill*         0x200033e6        0x2 
 .bss.policyFxn
                0x200033e8        0x4 C:/ti/simplelink_lowpower_f3_sdk_9_14_01_16/source\ti/drivers/lib/gcc/m0p/drivers_cc23x0r5.a(PowerCC23X0.c.obj)
 .bss.resourceCountsLrfd
                0x200033ec        0xc C:/ti/simplelink_lowpower_f3_sdk_9_14_01_16/source\ti/drivers/lib/gcc/m0p/drivers_cc23x0r5.a(PowerCC23X0.c.obj)
 .bss.resourceCountsClkctl0
                0x200033f8       0x1f C:/ti/simplelink_lowpower_f3_sdk_9_14_01_16/source\ti/drivers/lib/gcc/m0p/drivers_cc23x0r5.a(PowerCC23X0.c.obj)
 *fill*         0x20003417        0x1 
 .bss.constraintMask
                0x20003418        0x4 C:/ti/simplelink_lowpower_f3_sdk_9_14_01_16/source\ti/drivers/lib/gcc/m0p/drivers_cc23x0r5.a(PowerCC23X0.c.obj)
 .bss.constraintCounts
                0x2000341c        0x5 C:/ti/simplelink_lowpower_f3_sdk_9_14_01_16/source\ti/drivers/lib/gcc/m0p/drivers_cc23x0r5.a(PowerCC23X0.c.obj)
 *fill*         0x20003421        0x3 
 .bss.PowerLPF3_lfclkQualFxn
                0x20003424        0x4 C:/ti/simplelink_lowpower_f3_sdk_9_14_01_16/source\ti/drivers/lib/gcc/m0p/drivers_cc23x0r5.a(PowerCC23X0.c.obj)
 .bss.isInitialized
                0x20003428        0x1 C:/ti/simplelink_lowpower_f3_sdk_9_14_01_16/source\ti/drivers/lib/gcc/m0p/drivers_cc23x0r5.a(SPI.c.obj)
 *fill*         0x20003429        0x3 
 .bss.lrfdClockDependencySets
                0x2000342c        0x4 C:/ti/simplelink_lowpower_f3_sdk_9_14_01_16/source\ti/devices/cc23x0r5/driverlib/lib/gcc/driverlib.a(lrfd.c.obj)
 *(COMMON)
 COMMON         0x20003430      0x490 ./syscfg/ti_drivers_config.o
                0x20003430                UART2LPF3_objects
                0x200035b0                I2CLPF3_objects
                0x200036f0                gpioCallbackFunctions
                0x20003758                SPILPF3DMA_objects
                0x20003858                gpioUserArgs
 COMMON         0x200038c0      0x1e8 ./empty.o
                0x200038c0                xspiTxBuffer
                0x20003900                xuartReceiveTimeout
                0x20003904                failCount
                0x20003908                xuartReceiveByteCount
                0x2000390c                xuartRxBuffer
                0x2000392c                xspiRxBuffer
                0x2000396c                spiTransferWordU16
                0x2000396e                input
                0x20003970                spiTransaction
                0x20003988                xuartReadSize
                0x2000398c                i2cTransaction
                0x200039ac                i2cParams
                0x200039bc                xuartWriteSize
                0x200039c0                xuartTxBuffer
                0x200039e0                i2cTxBuffer
                0x20003a00                xspiChipSelectPolarity
                0x20003a04                passCount
                0x20003a08                dioHandle
                0x20003a0c                xuartParams
                0x20003a30                spiParams
                0x20003a50                i2cRxBuffer
                0x20003a70                xspiTransferSize
                0x20003a74                rs485RxByte
                0x20003a78                xi2cParams
                0x20003a88                xspiParams
 COMMON         0x20003aa8       0x30 ./sscp_app.o
                0x20003aa8                gpioToggleReg
                0x20003aac                uartTransferControlReg
                0x20003ab0                gpioWriteReg
                0x20003ab4                gpioPinctrlReg
                0x20003ab8                spiWriteDataReg
                0x20003abc                spiControlReg
                0x20003ac0                uartWriteDataReg
                0x20003ac4                spiReadDataReg
                0x20003ac8                uartTransferConfigReg
                0x20003acc                uartReadDataReg
                0x20003ad0                uartPhyControlReg
                0x20003ad4                gpioReadReg
                0x20003ad8                . = ALIGN (0x4)
                0x20003ad8                __bss_end__ = .

.s2rram
 *(.s2rram)

.heap           0x20003ad8        0x0
                0x20003ad8                __heap_start__ = .
                0x20003ad8                end = __heap_start__
                0x20003ad8                _end = end
                0x20003ad8                __end = end
 *(.heap)
                0x20003ad8                __heap_end__ = .
                0x20003ad8                __HeapLimit = __heap_end__

.stack          0x20003ad8      0x800
                0x20003ad8                _stack = .
                0x20003ad8                __stack = .
 *(.stack)
                0x200042d8                . = (. + STACKSIZE)
 *fill*         0x20003ad8      0x800 
                0x200042d8                _stack_end = .
                0x200042d8                __stack_end = .

.log_data       0x90000000        0x8
 *(.log_data)
 .log_data      0x90000000        0x8 ./syscfg/ti_freertos_config.o
                0x90000000                TimestampP_nativeFormat32_copy
                0x90000004                TimestampP_nativeFormat64_copy

.log_ptr
 *(.log_ptr*)
LOAD F:/Projects/bluetooth-daq/software/bluetooth-daq-lp-em-cc2340r5/bluetooth-daq/Debug/syscfg\ti_utils_build_linker.cmd.genlibs
LOAD C:/ti/simplelink_lowpower_f3_sdk_9_14_01_16/source\ti/drivers/lib/gcc/m0p/drivers_cc23x0r5.a
LOAD C:/ti/simplelink_lowpower_f3_sdk_9_14_01_16/source\ti/devices/cc23x0r5/driverlib/lib/gcc/driverlib.a
LOAD c:/ti/gcc-arm-none-eabi_9_3_1/bin/../lib/gcc/arm-none-eabi/9.3.1/thumb/v6-m/nofp\libgcc.a
LOAD C:/ti/gcc-arm-none-eabi_9_3_1/arm-none-eabi/lib/thumb/v6-m/nofp\libc_nano.a
LOAD C:/ti/gcc-arm-none-eabi_9_3_1/arm-none-eabi/lib/thumb/v6-m/nofp\libm.a
START GROUP
LOAD c:/ti/gcc-arm-none-eabi_9_3_1/bin/../lib/gcc/arm-none-eabi/9.3.1/thumb/v6-m/nofp\libgcc.a
LOAD C:/ti/gcc-arm-none-eabi_9_3_1/arm-none-eabi/lib/thumb/v6-m/nofp\libg_nano.a
LOAD C:/ti/gcc-arm-none-eabi_9_3_1/arm-none-eabi/lib/thumb/v6-m/nofp\libc_nano.a
END GROUP
START GROUP
LOAD c:/ti/gcc-arm-none-eabi_9_3_1/bin/../lib/gcc/arm-none-eabi/9.3.1/thumb/v6-m/nofp\libgcc.a
LOAD C:/ti/gcc-arm-none-eabi_9_3_1/arm-none-eabi/lib/thumb/v6-m/nofp\libc_nano.a
END GROUP
OUTPUT(bluetooth-daq.out elf32-littlearm)
LOAD linker stubs

.debug_info     0x00000000    0x28ec0
 .debug_info    0x00000000      0x52b ./syscfg/ti_devices_config.o
 .debug_info    0x0000052b     0x20c7 ./syscfg/ti_drivers_config.o
 .debug_info    0x000025f2     0xd441 ./syscfg/ti_freertos_config.o
 .debug_info    0x0000fa33      0xc2f ./syscfg/ti_freertos_portable_config.o
 .debug_info    0x00010662     0x226d ./empty.o
 .debug_info    0x000128cf      0xa07 ./main_freertos.o
 .debug_info    0x000132d6     0x1222 ./sscp_app.o
 .debug_info    0x000144f8      0xfda ./sscp_rs485.o
 .debug_info    0x000154d2      0xe76 ./sscp/src/sscp.o
 .debug_info    0x00016348      0x368 C:/ti/simplelink_lowpower_f3_sdk_9_14_01_16/source\ti/drivers/lib/gcc/m0p/drivers_cc23x0r5.a(List.c.obj)
 .debug_info    0x000166b0       0xd2 C:/ti/simplelink_lowpower_f3_sdk_9_14_01_16/source\ti/drivers/lib/gcc/m0p/drivers_cc23x0r5.a(Math.c.obj)
 .debug_info    0x00016782      0x50f C:/ti/simplelink_lowpower_f3_sdk_9_14_01_16/source\ti/drivers/lib/gcc/m0p/drivers_cc23x0r5.a(UDMALPF3.c.obj)
 .debug_info    0x00016c91      0x3f1 C:/ti/simplelink_lowpower_f3_sdk_9_14_01_16/source\ti/drivers/lib/gcc/m0p/drivers_cc23x0r5.a(GPIO.c.obj)
 .debug_info    0x00017082      0xf06 C:/ti/simplelink_lowpower_f3_sdk_9_14_01_16/source\ti/drivers/lib/gcc/m0p/drivers_cc23x0r5.a(GPIOLPF3.c.obj)
 .debug_info    0x00017f88      0x8f9 C:/ti/simplelink_lowpower_f3_sdk_9_14_01_16/source\ti/drivers/lib/gcc/m0p/drivers_cc23x0r5.a(I2C.c.obj)
 .debug_info    0x00018881     0x1ad9 C:/ti/simplelink_lowpower_f3_sdk_9_14_01_16/source\ti/drivers/lib/gcc/m0p/drivers_cc23x0r5.a(I2CLPF3.c.obj)
 .debug_info    0x0001a35a     0x3733 C:/ti/simplelink_lowpower_f3_sdk_9_14_01_16/source\ti/drivers/lib/gcc/m0p/drivers_cc23x0r5.a(PowerCC23X0.c.obj)
 .debug_info    0x0001da8d      0x70e C:/ti/simplelink_lowpower_f3_sdk_9_14_01_16/source\ti/drivers/lib/gcc/m0p/drivers_cc23x0r5.a(SPI.c.obj)
 .debug_info    0x0001e19b     0x30c3 C:/ti/simplelink_lowpower_f3_sdk_9_14_01_16/source\ti/drivers/lib/gcc/m0p/drivers_cc23x0r5.a(SPILPF3DMA.c.obj)
 .debug_info    0x0002125e     0x18ce C:/ti/simplelink_lowpower_f3_sdk_9_14_01_16/source\ti/drivers/lib/gcc/m0p/drivers_cc23x0r5.a(UART2.c.obj)