******************************************************************************
            TI ARM Clang Linker PC v4.0.4                      
******************************************************************************
>> Linked Mon Apr 20 14:06:26 2026

OUTPUT FILE NAME:   <basic_ble_oad_onchip_LP_EM_CC2340R5_freertos_ticlang.out>
ENTRY POINT SYMBOL: "resetISR"  address: 0005cadd


MEMORY CONFIGURATION

         name            origin    length      used     unused   attr    fill
----------------------  --------  ---------  --------  --------  ----  --------
  MCUBOOT_SLOT          00000000   00006000  00000000  00006000  R  X
  PERSISTENT_HDR_SLOT   00006000   00000100  00000000  00000100  R  X
  PERSISTENT_SLOT       00006100   0002bf00  00000000  0002bf00  R  X
  APP_HDR_SLOT          00032000   00000100  00000000  00000100  R  X
  APP_SLOT              00032100   0004af00  0002fdd7  0001b129  R  X
  NVS_SLOT              0007d000   00003000  00003000  00000000  R  X
  SRAM                  20000000   00009000  00008f04  000000fc  RW X
  S2RRAM                40098000   00001000  00000000  00001000  RW  
  CCFG                  4e020000   00000800  00000800  00000000  R   
  LOG_DATA              90000000   00040000  00000000  00040000  R   
  LOG_PTR               94000008   00040000  00000000  00040000  R   


SEGMENT ALLOCATION MAP

run origin  load origin   length   init length attrs members
----------  ----------- ---------- ----------- ----- -------
00032100    00032100    0002fde4   0002fde4    r-x
  00032100    00032100    0000008c   0000008c    r-- .resetVecs
  00032190    00032190    0002bc42   0002bc42    r-x .text
  0005ddd8    0005ddd8    00003a85   00003a85    r-- .rodata
  00061860    00061860    00000684   00000684    r-- .cinit
0007d000    0007d000    00003000   00000000    rw-
  0007d000    0007d000    00003000   00000000    rw- .TI.bound:flashBuf0
20000000    20000000    00000400   00000000    rw-
  20000000    20000000    00000400   00000000    rw- .stack
20000400    20000400    00000060   00000000    rw-
  20000400    20000400    00000010   00000000    rw- .TI.bound:dmaChannel0ControlTableEntry
  20000410    20000410    00000010   00000000    rw- .TI.bound:dmaChannel1ControlTableEntry
  20000420    20000420    00000010   00000000    rw- .TI.bound:dmaChannel2ControlTableEntry
  20000430    20000430    00000010   00000000    rw- .TI.bound:dmaChannel3ControlTableEntry
  20000440    20000440    00000010   00000000    rw- .TI.bound:dmaChannel4ControlTableEntry
  20000450    20000450    00000010   00000000    rw- .TI.bound:dmaChannel5ControlTableEntry
20000480    20000480    00000020   00000000    rw-
  20000480    20000480    00000010   00000000    rw- .TI.bound:dmaChannel0AltControlTableEntry
  20000490    20000490    00000010   00000000    rw- .TI.bound:dmaChannel1AltControlTableEntry
200004a0    200004a0    000089fa   00000000    rw-
  200004a0    200004a0    0000754e   00000000    rw- .bss
  200079f0    200079f0    000014aa   00000000    rw- .data
4e020000    4e020000    00000800   00000800    r--
  4e020000    4e020000    00000800   00000800    r-- .ccfg


SECTION ALLOCATION MAP

 output                                  attributes/
section   page    origin      length       input sections
--------  ----  ----------  ----------   ----------------
.resetVecs 
*          0    00032100    0000008c     
                  00032100    0000008c     ti_freertos_config.o (.resetVecs)

.text      0    00032190    0002bc42     
                  00032190    00000c78     rcl_cc23x0r5.a : ble5.c.obj (.text.RCL_Handler_BLE5_adv)
                  00032e08    00000aa8     OneLib.a : OneLib_LL_ll_ble.obj (.text.llProcessPeripheralControlPacket)
                  000338b0    00000a54              : OneLib_Host_Profiles_gattservapp.obj (.text.GATTServApp_ProcessEvent)
                  00034304    00000790     StackWrapper.a : StackWrapper_Host_gapbondmgr.obj (.text.GAPBondMgr_ProcessGAPMsg)
                  00034a94    0000061c     OneLib.a : OneLib_Host_GATT_gatt_client.obj (.text.gattClientProcessMsgCB)
                  000350b0    000005a8              : OneLib_LL_ll_peripheral_end_causes.obj (.text.llProcessPeripheralControlProcedures)
                  00035658    000004f8     nvocmp.o (.text.NVOCMP_compactPage)
                  00035b50    000004c8     nvocmp.o (.text.NVOCMP_initNvApi)
                  00036018    000004ac     rcl_cc23x0r5.a : ble5.c.obj (.text.RCL_Handler_BLE5_conn)
                  000364c4    00000410     OneLib.a : OneLib_LL_ll_peripheral_end_causes.obj (.text.llPeripheral_TaskEnd)
                  000368d4    00000400              : OneLib_LL_ll_ae.obj (.text.llSetupExtAdvLegacy)
                  00036cd4    000003c0              : OneLib_LL_ll_peripheral_end_causes.obj (.text.llSetupNextPeripheralEvent)
                  00037094    0000036c     ecc.a : scalarMul.c.obj (.text.SCALARMUL_core)
                  00037400    0000035c     StackWrapper.a : StackWrapper_Host_gapbondmgr.obj (.text.GAPBondMgr_SetParameter)
                  0003775c    0000034c     drivers_cc23x0r5.a : SPILPF3DMA.c.obj (.text.SPILPF3DMA_transfer)
                  00037aa8    00000348     OneLib.a : OneLib_LL_ll.obj (.text.LL_ProcessEvent)
                  00037df0    00000330     ecc.a : scalarMul.c.obj (.text.ATOMICPATTERN)
                  00038120    00000310           : lowlevelapi_m0_gnu.s.obj (.text)
                  00038430    000002f4     rcl_cc23x0r5.a : LRFCC23X0.c.obj (.text.LRF_temperatureCompensateTrim)
                  00038724    000002f4     secure_drivers_cc23x0r5.a : RNGLPF3RF.c.obj (.text.RNGLPF3RF_conditionNoiseToGenerateSeed)
                  00038a18    000002f4     OneLib.a : OneLib_LL_ll_scheduler.obj (.text.llSchedulerConnectable)
                  00038d0c    000002c8     rcl_cc23x0r5.a : LRF.c.obj (.text.LRF_applySettings)
                  00038fd4    000002ac     OneLib.a : OneLib_LL_ll.obj (.text.LE_SetExtAdvParams)
                  00039280    000002a4     rcl_cc23x0r5.a : LRFCC23X0.c.obj (.text.LRF_programFrequency)
                  00039524    0000029c     StackWrapper.a : StackWrapper_Host_gapbondmgr.obj (.text.GAPBondMgr_ProcessEvent)
                  000397c0    00000294     OneLib.a : OneLib_LL_ll_common.obj (.text.llSetupCtrlPkt)
                  00039a54    0000028c              : OneLib_LL_ll_common.obj (.text.llAllocConnId)
                  00039ce0    0000028c              : OneLib_LL_ll_common.obj (.text.llRealignConn)
                  00039f6c    00000288              : OneLib_LL_ll_common.obj (.text.llProcessPeripheralConnectionCreated)
                  0003a1f4    00000244              : OneLib_LL_ll_isr.obj (.text.llRxEntryDoneEventHandleStateConnection)
                  0003a438    0000023c              : OneLib_Host_Profiles_gattservapp.obj (.text.GATTServApp_ReadAttr)
                  0003a674    00000228     nvocmp.o (.text.NVOCMP_addItem)
                  0003a89c    00000220     secure_drivers_cc23x0r5.a : AESCCMLPF3.c.obj (.text.AESCCMLPF3_processSegmentedCBCMAC)
                  0003aabc    00000214     drivers_cc23x0r5.a : UART2LPF3.c.obj (.text.UART2LPF3_hwiIntFxn)
                  0003acd0    0000020c     rcl_cc23x0r5.a : adc_noise.c.obj (.text.RCL_Handler_ADC_Noise_getNoise)
                  0003aedc    00000200                    : RCL.c.obj (.text.rclCommandHwi)
                  0003b0dc    000001f8     OneLib.a : OneLib_LL_ll.obj (.text.LE_SetExtAdvEnable)
                  0003b2d4    000001f4              : OneLib_Host_SM_sm_rsppairing.obj (.text.smResponderSendNextKeyInfo)
                  0003b4c8    000001ec     rcl_cc23x0r5.a : LRFCC23X0.c.obj (.text.LRF_setupRadio)
                  0003b6b4    000001ea     OneLib.a : OneLib_LL_ll_common.obj (.text.llSelectConn)
                  0003b89e    00000002     ti_drivers_config.o (.text.Board_initHook)
                  0003b8a0    000001e4     ecc.a : scalarMul.c.obj (.text.INVERT)
                  0003ba84    000001e4     OneLib.a : OneLib_Host_SM_sm_pairing.obj (.text.smSavePairInfo)
                  0003bc68    000001d4              : OneLib_LL_ll_scheduler.obj (.text.llFindNextSecTask)
                  0003be3c    000001d4     ti_freertos_config.o (.text.mq_open)
                  0003c010    000001c8     drivers_cc23x0r5.a : SPILPF3DMA.c.obj (.text.SPILPF3DMA_hwiFxn)
                  0003c1d8    000001c4     secure_drivers_cc23x0r5.a : AESCMACLPF3.c.obj (.text.AESCMACLPF3_startOperation)
                  0003c39c    000001c4     OneLib.a : OneLib_Host_GAP_gap_advertiser.obj (.text.GapAdv_create)
                  0003c560    000001ba     drivers_cc23x0r5.a : UART2.c.obj (.text.UART2_readTimeout)
                  0003c71a    00000002     app_connection.o (.text.Connection_HciGAPEventHandler)
                  0003c71c    000001a8     secure_drivers_cc23x0r5.a : ECDHLPF3SW.c.obj (.text.ECDH_computeSharedSecret)
                  0003c8c4    000001a8     ecc.a : scalarMul.c.obj (.text.JACADD)
                  0003ca6c    000001a8     OneLib.a : OneLib_Host_GAP_gap_advertiser.obj (.text.gapAdv_controllerCb)
                  0003cc14    000001a8              : OneLib_LL_ll_scheduler.obj (.text.llSchedulerSecondaryTasksConn)
                  0003cdbc    000001a4     ecc.a : scalarMul25519.c.obj (.text.X25519_core)
                  0003cf60    0000019c     OneLib.a : OneLib_LL_ll_common.obj (.text.llCalcConnMaxTimeLength)
                  0003d0fc    0000019c              : OneLib_Host_SM_sm_task.obj (.text.smProcessHCIBLEMetaEventCode)
                  0003d298    00000198              : OneLib_LL_ll_adv_end_causes.obj (.text.llExtAdv_PostProcess)
                  0003d430    00000190     StackWrapper.a : StackWrapper_OSAL_osal.obj (.text.osal_run_system)
                  0003d5c0    00000188     OneLib.a : OneLib_LL_ll_scheduler.obj (.text.llScheduler)
                  0003d748    00000184     secure_drivers_cc23x0r5.a : AESCCMLPF3.c.obj (.text.AESCCMLPF3_hwiFxn)
                  0003d8cc    00000182                               : AESCCMLPF3.c.obj (.text.AESCCMLPF3_oneStepOperation)
                  0003da4e    00000002     ble_user_config.o (.text.DefaultAssertCback)
                  0003da50    00000180     drivers_cc23x0r5.a : UART2LPF3.c.obj (.text.UART2_open)
                  0003dbd0    00000180     OneLib.a : OneLib_Host_L2CAP_l2cap_task.obj (.text.l2capProcessReq)
                  0003dd50    00000180              : OneLib_Host_SM_sm_mgr.obj (.text.sm_f5)
                  0003ded0    0000017c     StackWrapper.a : StackWrapper_Host_gapbondmgr.obj (.text.gapBondMgrAuthenticate)
                  0003e04c    00000178     OneLib.a : OneLib_LL_ll_adv_end_causes.obj (.text.llAdv_TaskConnect)
                  0003e1c4    00000178              : OneLib_LL_ll_common.obj (.text.llGetNextConn)
                  0003e33c    00000174     nvocmp.o (.text.NVOCMP_findItem)
                  0003e4b0    00000170     OneLib.a : OneLib_Host_GATT_gatt_server.obj (.text.gattServerProcessMsgCB)
                  0003e620    00000168              : OneLib_Host_GAP_gap_advertiser.obj (.text.GapAdv_enable)
                  0003e788    00000168              : OneLib_LL_ll.obj (.text.LL_AddDeviceToResolvingList)
                  0003e8f0    00000164              : OneLib_LL_ll_isr.obj (.text.LL_rclAdvRxEntryDone)
                  0003ea54    0000015c     drivers_cc23x0r5.a : SPILPF3DMA.c.obj (.text.SPILPF3DMA_transferCancel)
                  0003ebb0    0000015c     OneLib.a : OneLib_Host_Profiles_gattservapp.obj (.text.gattServApp_ProcessReadByTypeReq)
                  0003ed0c    00000158              : OneLib_LL_ll_common.obj (.text.llConnCleanup)
                  0003ee64    00000156     drivers_cc23x0r5.a : UART2.c.obj (.text.UART2_writeTimeoutBlocking)
                  0003efba    00000002     secure_drivers_cc23x0r5.a : ECDHLPF3SW.c.obj (.text.ECDH_init)
                  0003efbc    00000154     OneLib.a : OneLib_LL_ll.obj (.text.LL_Init)
                  0003f110    00000154     secure_drivers_cc23x0r5.a : RNGLPF3RF.c.obj (.text.RNGLPF3RF_getValidatedNumber)
                  0003f264    0000014c     drivers_cc23x0r5.a : SPILPF3DMA.c.obj (.text.SPILPF3DMA_open)
                  0003f3b0    00000148     StackWrapper.a : StackWrapper_Host_gapbondmgr.obj (.text.gapBondMgrSaveBond)
                  0003f4f8    00000146     OneLib.a : OneLib_LL_ll_common.obj (.text.llCombinePDU)
                  0003f63e    00000002     app_data.o (.text.GATT_EventHandler)
                  0003f640    00000144     drivers_cc23x0r5.a : I2CLPF3.c.obj (.text.I2C_open)
                  0003f784    00000144     OneLib.a : OneLib_Host_GAP_gap_task.obj (.text.gapProcessBLEEvents)
                  0003f8c8    00000144     ti_freertos_config.o (.text.prvTimerTask)
                  0003fa0c    00000140     drivers_cc23x0r5.a : NVSLPF3.c.obj (.text.NVSLPF3_write)
                  0003fb4c    00000140     rcl_cc23x0r5.a : RCL.c.obj (.text.rclStop)
                  0003fc8c    00000138                    : RCL_Scheduler.c.obj (.text.rclSchedulerProcessCmdStartStopTime)
                  0003fdc4    00000134     ecc.a : ECCSW.c.obj (.text.ECCSW_validatePublicKeyWeierstrass)
                  0003fef8    00000134     OneLib.a : OneLib_LL_ll.obj (.text.LL_Reset)
                  0004002c    00000130              : OneLib_LL_ll_scheduler.obj (.text.llCheckIsSecTaskCollideWithPrimTaskInLsto)
                  0004015c    00000130              : OneLib_Host_SM_sm_mgr.obj (.text.sm_CMAC)
                  0004028c    0000012c     drivers_cc23x0r5.a : SPILPF3DMA.c.obj (.text.SPILPF3DMA_control)
                  000403b8    0000012c     OneLib.a : OneLib_Host_L2CAP_l2cap_task.obj (.text.l2capProcessRsp)
                  000404e4    00000128     sscp.o (.text.SSCP_decodePacket)
                  0004060c    00000128     StackWrapper.a : StackWrapper_Host_gapbondmgr.obj (.text.gapBondMgrEraseBonding)
                  00040734    00000128     ti_freertos_config.o (.text.xQueueSemaphoreTake)
                  0004085c    00000126     drivers_cc23x0r5.a : I2C.c.obj (.text.I2C_transferTimeout)
                  00040982    00000002                        : I2C.c.obj (.text.I2C_init)
                  00040984    00000124                        : LGPTimerLPF3.c.obj (.text.LGPTimerLPF3_open)
                  00040aa8    00000124                        : UART2LPF3.c.obj (.text.UART2LPF3_initHw)
                  00040bcc    00000124     OneLib.a : OneLib_LL_ll_scheduler.obj (.text.llExtAdvSchedSetup)
                  00040cf0    00000124              : OneLib_Host_SM_sm_rsppairing.obj (.text.smResponderProcessLTKReq)
                  00040e14    00000120     secure_drivers_cc23x0r5.a : ECDHLPF3SW.c.obj (.text.ECDH_generatePublicKey)
                  00040f34    00000120     StackWrapper.a : StackWrapper_OSAL_osal_timers.obj (.text.osalTimerUpdate)
                  00041054    0000011c     OneLib.a : OneLib_HCI_hci_event.obj (.text.LL_EnhancedConnectionCompleteCback)
                  00041170    0000011c              : OneLib_LL_ll_scheduler.obj (.text.llFindStartType)
                  0004128c    0000011c              : OneLib_LL_ll_isr.obj (.text.llLastCmdDoneEventHandleConnectRequest)
                  000413a8    00000118              : OneLib_LL_ll.obj (.text.LL_ConnUpdate)
                  000414c0    00000118     drivers_cc23x0r5.a : SPILPF3DMA.c.obj (.text.configNextTransfer)
                  000415d8    00000116     icall_POSIX.o (.text.ICall_waitMatch)
                  000416ee    00000002     driverlib.a : interrupt.c.obj (.text.IntDefaultHandler)
                  000416f0    00000114     OneLib.a : OneLib_LL_ll_ae.obj (.text.llFindNextAdvSet)
                  00041804    00000110              : OneLib_Host_SM_sm_rsppairing.obj (.text.smpResponderProcessPairingRandom)
                  00041914    0000010e     secure_drivers_cc23x0r5.a : AESCTRDRBGXX.c.obj (.text.AESCTRDRBG_getRandomBytes)
                  00041a22    00000002     rom_init.o (.text.MAP_Handover_ApplyCnData)
                  00041a24    0000010c     rcl_cc23x0r5.a : ble5.c.obj (.text.RCL_Handler_BLE5_updateTxBuffers)
                  00041b30    00000108     OneLib.a : OneLib_LL_ll_al.obj (.text.AL_AddEntry)
                  00041c38    00000108     drivers_cc23x0r5.a : UART2.c.obj (.text.UART2_writeTimeoutNonblocking)
                  00041d40    00000108     OneLib.a : OneLib_Host_GAP_gap_linkmgr.obj (.text.gapPairingCompleteCB)
                  00041e48    00000108     ti_freertos_config.o (.text.prvAddNewTaskToReadyList)
                  00041f50    00000104     rcl_cc23x0r5.a : ble5.c.obj (.text.RCL_Handler_BLE5_getAuxPtrFromTxBuffer)
                  00042054    00000104     ecc.a : scalarMul.c.obj (.text.SCALARMUL_init)
                  00042158    00000104     drivers_cc23x0r5.a : SPILPF3DMA.c.obj (.text.initHw)
                  0004225c    00000104     main_freertos.o (.text.main)
                  00042360    00000104     OneLib.a : OneLib_Host_SM_sm_mgr.obj (.text.sm_f6)
                  00042464    00000100     secure_drivers_cc23x0r5.a : AESCTRDRBGXX.c.obj (.text.AESCTRDRBG_reseed)
                  00042564    00000100     dev_info_service.o (.text.DevInfo_setParameter)
                  00042664    00000100     sscp.o (.text.SSCP_process)
                  00042764    00000100     OneLib.a : OneLib_Host_GATT_gatt_server.obj (.text.gattProcessFindInfoReq)
                  00042864    00000100     rcl_cc23x0r5.a : RCL.c.obj (.text.rclSchedulerHwi)
                  00042964    000000fc     drivers_cc23x0r5.a : ADCLPF3.c.obj (.text.ADCLPF3_convertChain)
                  00042a60    000000fc     secure_drivers_cc23x0r5.a : AESCTRDRBGXX.c.obj (.text.AESCTRDRBG_construct)
                  00042b5c    000000fc     drivers_cc23x0r5.a : I2CLPF3.c.obj (.text.I2CLPF3_hwiFxn)
                  00042c58    000000fc     OneLib.a : OneLib_LL_ll_privacy.obj (.text.LL_PRIV_ValidatePrivacyCompliance)
                  00042d54    000000fc              : OneLib_LL_ll_common.obj (.text.llProcessAdvAddrResolutionTimeout)
                  00042e50    000000f8     drivers_cc23x0r5.a : PowerCC23X0.c.obj (.text.PowerCC23X0_oscillatorISR)
                  00042f48    000000f8     ti_freertos_config.o (.text.xTaskIncrementTick)
                  00043040    000000f4     OneLib.a : OneLib_Host_GAP_gap_advertiser.obj (.text.GapAdv_loadByHandle)
                  00043134    000000f4              : OneLib_LL_ll_ae.obj (.text.LE_AE_SetData)
                  00043228    000000f4     ti_freertos_config.o (.text.PowerCC23X0_standbyPolicy)
                  0004331c    000000f4     StackWrapper.a : StackWrapper_Host_gapbondmgr.obj (.text.gapBondMgrUpdateCharCfg)
                  00043410    000000f4     OneLib.a : OneLib_Host_SM_sm_rsppairing.obj (.text.smpResponderProcessIncoming)
                  00043504    000000f0     nvocmp.o (.text.NVOCMP_cleanPage)
                  000435f4    000000f0     ecc.a : scalarMul.c.obj (.text.SCALARMUL_final)
                  000436e4    000000f0     OneLib.a : OneLib_Host_SM_sm_mgr.obj (.text.SM_VerifyAuthenSig)
                  000437d4    000000f0              : OneLib_Host_SM_sm_mgr.obj (.text.sm_c1new)
                  000438c4    000000f0     ti_freertos_config.o (.text.xTaskResumeAll)
                  000439b4    000000ec     secure_drivers_cc23x0r5.a : AESCCMLPF3.c.obj (.text.AESCCMLPF3_processOneStepCBCMACPolling)
                  00043aa0    000000ec     drivers_cc23x0r5.a : PowerCC23X0.c.obj (.text.Power_init)
                  00043b8c    000000ec     rcl_cc23x0r5.a : ble5.c.obj (.text.RCL_Handler_BLE5_updateAuxPtr)
                  00043c78    000000ec     OneLib.a : OneLib_LL_ll_common.obj (.text.llConnExists)
                  00043d64    000000ec              : OneLib_Host_SM_sm_pairing.obj (.text.sm_c1)
                  00043e50    000000e8              : OneLib_Host_ATT_att_util.obj (.text.attSendMsg)
                  00043f38    000000e8              : OneLib_LL_ll_ae.obj (.text.llAddAdvSortedEntry)
                  00044020    000000e8              : OneLib_Host_GAP_gap_linkmgr.obj (.text.sendAuthEvent)
                  00044108    000000e8     ti_freertos_config.o (.text.xQueueGenericSend)
                  000441f0    000000e4     bleapputil_task.o (.text.BLEAppUtil_Task)
                  000442d4    000000e4     bleapputil_process.o (.text.BLEAppUtil_convertGAPEvents)
                  000443b8    000000e4     OneLib.a : OneLib_Host_GATT_gatt_task.obj (.text.GATT_ProcessEvent)
                  0004449c    000000e4              : OneLib_Host_SM_sm_pairing.obj (.text.SM_PasskeyUpdate)
                  00044580    000000e4              : OneLib_Host_Profiles_gapgattserver.obj (.text.ggs_ReadAttrCB)
                  00044664    000000e4              : OneLib_LL_ll_common.obj (.text.llSetupConnCmd)
                  00044748    000000e4     ecc.a : lowlevelapi.c.obj (.text.mSET)
                  0004482c    000000e4     ti_freertos_config.o (.text.xQueueReceive)
                  00044910    000000e0     OneLib.a : OneLib_LL_ll.obj (.text.LL_TxData)
                  000449f0    000000e0              : OneLib_LL_ll_data.obj (.text.llDynamicAlloc_connectable)
                  00044ad0    000000e0              : OneLib_Host_SM_sm_mgr.obj (.text.sm_f4)
                  00044bb0    000000e0              : OneLib_Host_SM_sm_mgr.obj (.text.sm_g2)
                  00044c90    000000dc              : OneLib_Host_GATT_gatt_server.obj (.text.GATT_SendRsp)
                  00044d6c    000000dc              : OneLib_LL_ll_common.obj (.text.llPeriSetupConnWindow)
                  00044e48    000000d8     drivers_cc23x0r5.a : GPIOLPF3.c.obj (.text.GPIO_init)
                  00044f20    000000d8     OneLib.a : OneLib_Host_Profiles_gattservapp.obj (.text.gattServApp_HandleConnStatusCB)
                  00044ff8    000000d8              : OneLib_LL_ll_scheduler.obj (.text.llAllocTask)
                  000450d0    000000d8              : OneLib_LL_ll_common.obj (.text.llSendConnEvtCallback)
                  000451a8    000000d8     ti_freertos_config.o (.text.pthread_create)
                  00045280    000000d8     ti_freertos_config.o (.text.pvPortMalloc)
                  00045358    000000d8     rcl_cc23x0r5.a : RCL.c.obj (.text.rclDispatchHwi)
                  00045430    000000d8     ble_user_config.o (.text.setBleUserConfig)
                  00045508    000000d8     OneLib.a : OneLib_Host_SM_sm_pairing.obj (.text.smProcessDataMsg)
                  000455e0    000000d4     simple_gatt_profile.o (.text.SimpleGattProfile_writeAttrCB)
                  000456b4    000000d4     drivers_cc23x0r5.a : UART2LPF3.c.obj (.text.UART2Support_dmaStartRx)
                  00045788    000000d4     OneLib.a : OneLib_LL_ll_data.obj (.text.llDynamicAlloc)
                  0004585c    000000d0     drivers_cc23x0r5.a : ADCLPF3.c.obj (.text.ADCLPF3_convert)
                  0004592c    000000d0     OneLib.a : OneLib_Host_GATT_gatt_server.obj (.text.GATT_RegisterService)
                  000459fc    000000d0     sscp.o (.text.SSCP_encodePacket)
                  00045acc    000000d0     drivers_cc23x0r5.a : UART2LPF3.c.obj (.text.UART2Support_dmaStartTx)
                  00045b9c    000000d0     analog_submodule.o (.text.analogIsrSection)
                  00045c6c    000000d0     OneLib.a : OneLib_Host_Profiles_gapgattserver.obj (.text.ggs_WriteAttrCB)
                  00045d3c    000000d0              : OneLib_Host_SM_sm_pairing.obj (.text.smGenerateAddrInput)
                  00045e0c    000000cc     secure_drivers_cc23x0r5.a : AESCTRLPF3.c.obj (.text.AESCTRLPF3_startOperation)
                  00045ed8    000000cc     StackWrapper.a : StackWrapper_Host_gapbondmgr.obj (.text.gapBondMgr_FindAddr)
                  00045fa4    000000c8     OneLib.a : OneLib_LL_ll_common.obj (.text.llAlignToNextEvent)
                  0004606c    000000c8     ecc.a : lowlevelapi.c.obj (.text.mINVK)
                  00046134    000000c8     OneLib.a : OneLib_Host_SM_sm_rsppairing.obj (.text.smContPublicKeyExchange)
                  000461fc    000000c4     dev_info_service.o (.text.DevInfo_readAttrCB)
                  000462c0    000000c4     OneLib.a : OneLib_Host_GAP_gap_advertiser.obj (.text.gapAdv_init)
                  00046384    000000c0     bleapputil_init.o (.text.BLEAppUtil_initGapBondParams)
                  00046444    000000c0     OneLib.a : OneLib_LL_crypto_port_simplelink.obj (.text.CryptoP_RNGInit)
                  00046504    000000c0     ti_freertos_config.o (.text.xEventGroupWaitBits)
                  000465c4    000000bc     OneLib.a : OneLib_Host_GAP_gap_linkmgr.obj (.text.GAP_Authenticate)
                  00046680    000000bc              : OneLib_Host_GAP_gap_linkmgr.obj (.text.GAP_UpdateLinkParamReqReply)
                  0004673c    000000bc              : OneLib_Host_GAP_gap_linkmgr.obj (.text.gapProcessConnectionCompleteEvt)
                  000467f8    000000bc     StackWrapper.a : StackWrapper_OSAL_osal.obj (.text.osal_set_event)
                  000468b4    000000bc     OneLib.a : OneLib_Host_SM_sm_rsppairing.obj (.text.smpResponderSendPairRspEvent)
                  00046970    000000ba     secure_drivers_cc23x0r5.a : AESCMACLPF3.c.obj (.text.AESCMACLPF3_oneStepOperation)
                  00046a2a    00000002     rom_init.o (.text.MAP_L2CAP_HandoverInitSN)
                  00046a2c    000000b8     StackWrapper.a : StackWrapper_Host_gattservapp_util.obj (.text.GATTServApp_ProcessCharCfg)
                  00046ae4    000000b8     rcl_cc23x0r5.a : RCL.c.obj (.text.RCL_scheduleHook)
                  00046b9c    000000b6     secure_drivers_cc23x0r5.a : AESCTRLPF3.c.obj (.text.AESCTRLPF3_oneStepOperation)
                  00046c52    00000002     rom_init.o (.text.MAP_gapInit_initiatingEnd)
                  00046c54    000000b4     nvocmp.o (.text.NVOCMP_erase)
                  00046d08    000000b4     ti_freertos_config.o (.text.SwiP_construct)
                  00046dbc    000000b4     OneLib.a : OneLib_Host_L2CAP_l2cap_util.obj (.text.l2capDisconnectAllChannels)
                  00046e70    000000b4              : OneLib_LL_ll_adv_end_causes.obj (.text.llAdvSetPhyAndTxPowerInConn)
                  00046f24    000000b4     ti_freertos_config.o (.text.xTaskRemoveFromEventList)
                  00046fd8    000000b2     main_freertos.o (.text.AssertHandler)
                  0004708a    00000002     rom_init.o (.text.MAP_gapInit_sendConnCancelledEvt)
                  0004708c    000000b0     StackWrapper.a : StackWrapper_Host_gapbondmgr.obj (.text.GAPBondMgr_Init)
                  0004713c    000000b0     OneLib.a : OneLib_Host_L2CAP_l2cap_task.obj (.text.L2CAP_Init)
                  000471ec    000000b0              : OneLib_Host_SM_sm_mgr.obj (.text.SM_GenerateAuthenSig)
                  0004729c    000000b0              : OneLib_LL_ll_data.obj (.text.llDynamicFree)
                  0004734c    000000ac              : OneLib_Host_GATT_gatt_server.obj (.text.GATT_Indication)
                  000473f8    000000ac              : OneLib_Host_SM_sm_task.obj (.text.SM_ProcessEvent)
                  000474a4    000000ac     simple_gatt_profile.o (.text.SimpleGattProfile_readAttrCB)
                  00047550    000000ac     StackWrapper.a : StackWrapper_Host_gapbondmgr.obj (.text.gapBondMgrEraseLocalInfo)
                  000475fc    000000ac                    : StackWrapper_Host_gapbondmgr.obj (.text.gapBondMgr_syncResolvingList)
                  000476a8    000000ac     OneLib.a : OneLib_Host_GAP_gap_task.obj (.text.gapProcessHCICmdCompleteEvt)
                  00047754    000000ac              : OneLib_Host_SM_sm_mgr.obj (.text.generate_subkey)
                  00047800    000000ac              : OneLib_LL_ll_common.obj (.text.llFindNextConn)
                  000478ac    000000a8     secure_drivers_cc23x0r5.a : AESECBLPF3.c.obj (.text.AESECBLPF3_startOperation)
                  00047954    000000a8     OneLib.a : OneLib_LL_ll.obj (.text.LL_EXT_GetConnInfo)
                  000479fc    000000a8              : OneLib_HCI_hci_data.obj (.text.LL_RxDataCompleteCback)
                  00047aa4    000000a8     sscp.o (.text.SSCP_handleRxByte)
                  00047b4c    000000a8     digital_submodule.o (.text.XSPI_transfer)
                  00047bf4    000000a8     OneLib.a : OneLib_Host_GAP_linkdb.obj (.text.linkDB_Add)
                  00047c9c    000000a8              : OneLib_LL_ll_scheduler.obj (.text.llScheduleTask)
                  00047d44    000000a4     secure_drivers_cc23x0r5.a : AESCCMLPF3.c.obj (.text.AESCCMLPF3_processSegmentedCTR)
                  00047de8    000000a4     OneLib.a : OneLib_LL_ll_ae.obj (.text.LL_GetAdvSet)
                  00047e8c    000000a4     drivers_cc23x0r5.a : PowerCC23X0.c.obj (.text.PowerCC23X0_lfxtQual)
                  00047f30    000000a4                        : PowerCC23X0.c.obj (.text.PowerLPF3_sleep)
                  00047fd4    000000a4     StackWrapper.a : StackWrapper_Host_gapbondmgr.obj (.text.gapBondStateStartSecurity)
                  00048078    000000a4     OneLib.a : OneLib_Host_L2CAP_l2cap_util.obj (.text.l2capAllocChannel)
                  0004811c    000000a4              : OneLib_Host_SM_sm_pairing.obj (.text.smF5Wrapper)
                  000481c0    000000a4              : OneLib_Host_SM_sm_pairing.obj (.text.smProcessEncryptChange)
                  00048264    000000a2              : OneLib_Host_GATT_gatt_server.obj (.text.GATT_VerifyWritePermissions)
                  00048306    00000002     rom_init.o (.text.MAP_gapScan_processSessionEndEvt)
                  00048308    000000a2     libclang_rt.builtins.a : udivmoddi4.S.obj (.text)
                  000483aa    00000002     rom_init.o (.text.MAP_gap_CentConnRegister)
                  000483ac    000000a0     OneLib.a : OneLib_Host_GATT_gatt_client.obj (.text.GATT_InitClient)
                  0004844c    000000a0     drivers_cc23x0r5.a : LGPTimerLPF3.c.obj (.text.LGPTimerLPF3_initHw)
                  000484ec    000000a0     digital_submodule.o (.text.XUART_readThenWrite)
                  0004858c    000000a0     digital_submodule.o (.text.XUART_writeThenRead)
                  0004862c    000000a0     StackWrapper.a : StackWrapper_OSAL_osal_bufmgr.obj (.text.osal_bm_free)
                  000486cc    000000a0     rcl_cc23x0r5.a : RCL_Scheduler.c.obj (.text.rclSchedulerCancelStopTime)
                  0004876c    0000009c     drivers_cc23x0r5.a : ADCLPF3.c.obj (.text.ADCLPF3_open)
                  00048808    0000009c     OneLib.a : OneLib_LL_crypto_port_simplelink.obj (.text.CryptoP_AESInit)
                  000488a4    0000009c              : OneLib_Host_GAP_gap_linkmgr.obj (.text.GAP_Bond)
                  00048940    0000009c     rcl_cc23x0r5.a : LRF.c.obj (.text.LRF_TxPowerTable_findValue)
                  000489dc    0000009c     StackWrapper.a : StackWrapper_OSAL_osal_cbtimer.obj (.text.cbTimerSetup)
                  00048a78    0000009c     drivers_cc23x0r5.a : NVSLPF3.c.obj (.text.doErase)
                  00048b14    0000009c     OneLib.a : OneLib_LL_ll_common.obj (.text.llInitFeatureSet)
                  00048bb0    0000009c              : OneLib_Host_SM_sm_pairing.obj (.text.smGetECCKeys)
                  00048c4c    0000009a     drivers_cc23x0r5.a : UART2.c.obj (.text.UART2_writeCancel)
                  00048ce6    00000002     rom_init.o (.text.MAP_l2capDisconnectChannel)
                  00048ce8    00000098     StackWrapper.a : StackWrapper_Host_gap.obj (.text.GAP_DeviceInit)
                  00048d80    00000098     drivers_cc23x0r5.a : I2CLPF3.c.obj (.text.I2CLPF3_swiFxn)
                  00048e18    00000098     rcl_cc23x0r5.a : RCL_Buffer.c.obj (.text.RCL_MultiBuffer_RxEntry_next)
                  00048eb0    00000098     OneLib.a : OneLib_Host_Profiles_gattservapp.obj (.text.gattServApp_SetNumPrepareWrites)
                  00048f48    00000098              : OneLib_LL_ll_scheduler.obj (.text.llFreeTask)
                  00048fe0    00000098              : OneLib_LL_ll_common.obj (.text.llProcessTxData)
                  00049078    00000094              : OneLib_Host_Profiles_gattservapp.obj (.text.GATTServApp_Init)
                  0004910c    00000094              : OneLib_HCI_hci_event.obj (.text.HCI_CommandCompleteEvent)
                  000491a0    00000094     icall_POSIX.o (.text.ICall_send)
                  00049234    00000094     drivers_cc23x0r5.a : NVSLPF3.c.obj (.text.NVSLPF3_open)
                  000492c8    00000094     rcl_cc23x0r5.a : RCL_Scheduler.c.obj (.text.RCL_Scheduler_setStopTimes)
                  0004935c    00000094     OneLib.a : OneLib_Host_SM_sm_pairing.obj (.text.SM_StartPairing)
                  000493f0    00000094     ecc.a : scalarMul.c.obj (.text.SQUAREMULTIPLYWORD)
                  00049484    00000094     simple_gatt_profile.o (.text.SimpleGattProfile_setParameter)
                  00049518    00000094     OneLib.a : OneLib_LL_ll_common.obj (.text.llReleaseConnId)
                  000495ac    00000092              : OneLib_LL_ll_common.obj (.text.llApplyParamUpdate)
                  0004963e    00000092              : OneLib_LL_ll_common.obj (.text.llValidateConnParams)
                  000496d0    00000092     driverlib.a : aes_ticlang.s.obj (.text)
                  00049762    00000002     rom_init.o (.text.MAP_l2capGetCoChannelInfo)
                  00049764    00000090     secure_drivers_cc23x0r5.a : AESCMACLPF3.c.obj (.text.AESCMACLPF3_getResult)
                  000497f4    00000090     OneLib.a : OneLib_Host_L2CAP_l2cap_if.obj (.text.L2CAP_SendData)
                  00049884    00000090              : OneLib_LL_ll.obj (.text.LE_SetExtAdvParamsAdvConn)
                  00049914    00000090     rcl_cc23x0r5.a : RCL_Buffer.c.obj (.text.RCL_MultiBuffer_RxEntry_get)
                  000499a4    00000090     drivers_cc23x0r5.a : UART2LPF3.c.obj (.text.UART2_close)
                  00049a34    00000090     OneLib.a : OneLib_Host_Profiles_gattservapp.obj (.text.gattServApp_EnqueueReTx)
                  00049ac4    00000090              : OneLib_Host_L2CAP_l2cap_util.obj (.text.l2capEncapSendData)
                  00049b54    00000090              : OneLib_Host_L2CAP_l2cap_util.obj (.text.l2capSendReq)
                  00049be4    00000090              : OneLib_LL_ll_scheduler.obj (.text.llLinkSchedSetup)
                  00049c74    00000090              : OneLib_LL_ll_ble.obj (.text.llManageControlPacketQueue)
                  00049d04    00000090              : OneLib_LL_ll_common.obj (.text.llRclUpdateFilterList)
                  00049d94    00000090     StackWrapper.a : StackWrapper_OSAL_osal_cbtimer.obj (.text.osal_CbTimerProcessEvent)
                  00049e24    00000090     ti_freertos_config.o (.text.vTaskDelete)
                  00049eb4    00000090     ti_freertos_config.o (.text.vTaskRemoveFromUnorderedEventList)
                  00049f44    00000090     ti_freertos_config.o (.text.vTaskSuspend)
                  00049fd4    00000090     ti_freertos_config.o (.text.xQueueGenericReset)
                  0004a064    00000090     ecc.a : lowlevelapi.c.obj (.text.zSUB)
                  0004a0f4    0000008c     OneLib.a : OneLib_Host_Profiles_gattservapp.obj (.text.GATTServApp_WriteAttr)
                  0004a180    0000008c              : OneLib_Host_GATT_gatt_server.obj (.text.GATT_FindNextAttr)
                  0004a20c    0000008c              : OneLib_Host_GATT_gatt_client.obj (.text.gattClientHandleConnStatusCB)
                  0004a298    0000008c              : OneLib_Host_GATT_gatt_server.obj (.text.gattServerHandleConnStatusCB)
                  0004a324    0000008c     StackWrapper.a : StackWrapper_OSAL_osal.obj (.text.osal_msg_enqueue_push)
                  0004a3b0    0000008c     OneLib.a : OneLib_Host_SM_sm_pairing.obj (.text.smUpdateEncInfo)
                  0004a43c    0000008c     ti_freertos_config.o (.text.xTaskPriorityInherit)
                  0004a4c8    00000088     secure_drivers_cc23x0r5.a : AESCTRLPF3.c.obj (.text.AESCTRLPF3_processData)
                  0004a550    00000088     OneLib.a : OneLib_Host_GATT_gatt_task.obj (.text.GATT_bm_alloc)
                  0004a5d8    00000088     nvocmp.o (.text.NVOCMP_getDstPage)
                  0004a660    00000088     rcl_cc23x0r5.a : RCL_AdcNoise.c.obj (.text.RCL_AdcNoise_get_samples_blocking)
                  0004a6e8    00000088     drivers_cc23x0r5.a : SPILPF3DMA.c.obj (.text.SPILPF3DMA_close)
                  0004a770    00000088     digital_submodule.o (.text.XUART_receive)
                  0004a7f8    00000088     StackWrapper.a : StackWrapper_Host_gapbondmgr.obj (.text.gapBondMgr_ServiceChangeInd)
                  0004a880    00000088     sscp_app.o (.text.gpioPinctrlRegCallback)
                  0004a908    00000088     StackWrapper.a : StackWrapper_ICallBLE_ble_dispatch_lite.obj (.text.icall_liteTranslation)
                  0004a990    00000088     OneLib.a : OneLib_Host_L2CAP_l2cap_task.obj (.text.l2capProcessSignal)
                  0004aa18    00000088              : OneLib_LL_ll_common.obj (.text.llCBTimer_AptoExpiredCback)
                  0004aaa0    00000088              : OneLib_LL_ll_common.obj (.text.llVerifyConnParamReqParams)
                  0004ab28    00000088              : OneLib_Host_SM_sm_rsppairing.obj (.text.smpResponderProcessPairingConfirm)
                  0004abb0    00000088     libc.a : strcmp-armv6m.S.obj (.text:strcmp)
                  0004ac38    00000086     OneLib.a : OneLib_LL_ll.obj (.text.LL_RemoteConnParamReqReply)
                  0004acbe    00000086              : OneLib_LL_ll_common.obj (.text.llWriteTxData)
                  0004ad44    00000086              : OneLib_Host_SMP_smp.obj (.text.smpParsePairingReq)
                  0004adca    00000002     rom_init.o (.text.MAP_l2capNotifyChannelEstEvt)
                  0004adcc    00000084     bleapputil_init.o (.text.BLEAppUtil_initGatt)
                  0004ae50    00000084     OneLib.a : OneLib_Host_L2CAP_l2cap_task.obj (.text.L2CAP_ProcessEvent)
                  0004aed4    00000084              : OneLib_LL_ll_privacy.obj (.text.LL_PRIV_FindPeerInRL)
                  0004af58    00000084     ti_freertos_config.o (.text.SwiP_dispatch)
                  0004afdc    00000084     StackWrapper.a : StackWrapper_Host_gattservapp_util.obj (.text.gattServApp_SendNotiInd)
                  0004b060    00000084     OneLib.a : OneLib_LL_ll_ae.obj (.text.llFindNextSecCmd)
                  0004b0e4    00000084     ti_freertos_config.o (.text.memalign)
                  0004b168    00000084     rcl_cc23x0r5.a : RCL_Scheduler.c.obj (.text.rclSchedulerSetNewStopTime)
                  0004b1ec    00000084     OneLib.a : OneLib_Host_SM_sm_pairing.obj (.text.smGenerateDHKeyCheck)
                  0004b270    00000084              : OneLib_Host_SMP_smp.obj (.text.smpBuildPairingReqRsp)
                  0004b2f4    00000080     secure_drivers_cc23x0r5.a : AESCTRLPF3.c.obj (.text.AESCTRLPF3_hwiFxn)
                  0004b374    00000080     OneLib.a : OneLib_LL_crypto_port_simplelink.obj (.text.CryptoP_ECDHGenerateDHKey)
                  0004b3f4    00000080              : OneLib_LL_ll.obj (.text.LL_EXT_GetActiveConnInfo)
                  0004b474    00000080              : OneLib_Host_Profiles_gattservapp.obj (.text.gattServApp_buildReadByTypeRsp)
                  0004b4f4    00000080              : OneLib_LL_ll_common.obj (.text.llPeriSetConnChannelParams)
                  0004b574    00000080              : OneLib_LL_ll_common.obj (.text.llReplaceCtrlPkt)
                  0004b5f4    00000080              : OneLib_LL_ll_ble.obj (.text.llReplaceRxBuffers)
                  0004b674    00000080     ti_freertos_config.o (.text.prvAddCurrentTaskToDelayedList)
                  0004b6f4    00000080     ti_freertos_config.o (.text.vTaskSwitchContext)
                  0004b774    00000080     ecc.a : lowlevelapi.c.obj (.text.zMACC32)
                  0004b7f4    0000007e           : scalarMul25519.c.obj (.text.X25519_final)
                  0004b872    00000002     rom_init.o (.text.MAP_l2capNotifyChannelTermEvt)
                  0004b874    0000007c     ti_freertos_config.o (.text.ClockP_startup)
                  0004b8f0    0000007c     StackWrapper.a : StackWrapper_Host_gapbondmgr.obj (.text.GAPBondMgr_checkRandomAddr)
                  0004b96c    0000007c     OneLib.a : OneLib_Host_Profiles_gattservapp.obj (.text.GATTServApp_RegisterService)
                  0004b9e8    0000007c              : OneLib_Host_GATT_gatt_server.obj (.text.GATT_Notification)
                  0004ba64    0000007c              : OneLib_Host_L2CAP_l2cap_if.obj (.text.L2CAP_ConnParamUpdateReq)
                  0004bae0    0000007c              : OneLib_LL_ll_isr.obj (.text.LL_rclPeripheralCallback)
                  0004bb5c    0000007c     digital_submodule.o (.text.XI2C_transfer)
                  0004bbd8    0000007c     StackWrapper.a : StackWrapper_Host_gapbondmgr.obj (.text.gapBondMgr_SyncCharCfg)
                  0004bc54    0000007c     OneLib.a : OneLib_Host_GAP_gap_linkmgr.obj (.text.gapProcessDisconnectCompleteEvt)
                  0004bcd0    0000007c              : OneLib_Host_GAP_gap_task.obj (.text.gapProcessOSALMsg)
                  0004bd4c    0000007c     main_freertos.o (.text.hsadctimer_callback)
                  0004bdc8    0000007c     OneLib.a : OneLib_Host_L2CAP_l2cap_task.obj (.text.l2capProcessRxData)
                  0004be44    0000007c     drivers_cc23x0r5.a : TemperatureLPF3.c.obj (.text.temperatureEventCb)
                  0004bec0    0000007c     ti_freertos_config.o (.text.xQueueGenericSendFromISR)
                  0004bf3c    0000007c     libc.a : copy_decompress_lzss.c.obj (.text:decompress:lzss)
                  0004bfb8    0000007a     ecc.a : ECCSW.c.obj (.text.ECCSW_validatePrivateKeyWeierstrass)
                  0004c032    0000007a     OneLib.a : OneLib_Host_GATT_gatt_client.obj (.text.gattResetClientInfo)
                  0004c0ac    0000007a              : OneLib_LL_ll_common.obj (.text.llFragmentPDU)
                  0004c126    00000078     secure_drivers_cc23x0r5.a : AESECBLPF3.c.obj (.text.AESECB_oneStepEncrypt)
                  0004c19e    00000002     rom_init.o (.text.MAP_l2capProcessConnectReq)
                  0004c1a0    00000078     bleapputil_process.o (.text.BLEAppUtil_isStackEventRequired)
                  0004c218    00000078     ti_freertos_config.o (.text.ClockP_hwiCallback)
                  0004c290    00000078     OneLib.a : OneLib_LL_crypto_port_simplelink.obj (.text.CryptoP_ECDHGenerateKeyPair)
                  0004c308    00000078     digital_submodule.o (.text.DIO_readInput)
                  0004c380    00000078     OneLib.a : OneLib_Host_GATT_gatt_server.obj (.text.GATT_ServiceChangedInd)
                  0004c3f8    00000078     drivers_cc23x0r5.a : GPIOLPF3.c.obj (.text.GPIO_setConfigAndMux)
                  0004c470    00000078     ti_freertos_config.o (.text.HwiP_construct)
                  0004c4e8    00000078     drivers_cc23x0r5.a : I2CLPF3.c.obj (.text.I2CSupport_primeTransfer)
                  0004c560    00000078     icall_POSIX.o (.text.ICall_setTimer)
                  0004c5d8    00000078     OneLib.a : OneLib_LL_ll_enc.obj (.text.LL_ENC_Decrypt)
                  0004c650    00000078              : OneLib_LL_ll.obj (.text.LL_EXT_SetMaxDataLen)
                  0004c6c8    00000078     nvocmp.o (.text.NVOCMP_writeItemApi)
                  0004c740    00000078     rcl_cc23x0r5.a : RCL_Scheduler.c.obj (.text.RCL_Scheduler_findStopStatus)
                  0004c7b8    00000078     app_simple_gatt.o (.text.SimpleGatt_start)
                  0004c830    00000078     OneLib.a : OneLib_Host_GAP_gap_perilinkmgr.obj (.text.gapPeriProcessSignalEvt)
                  0004c8a8    00000078              : OneLib_Host_GAP_gap_task.obj (.text.gapProcessCommandStatusEvt)
                  0004c920    00000078     rcl_cc23x0r5.a : hal_cc23x0.c.obj (.text.hal_init_fsm)
                  0004c998    00000078     StackWrapper.a : StackWrapper_OSAL_osal.obj (.text.osal_init_system)
                  0004ca10    00000078                    : StackWrapper_OSAL_osal.obj (.text.osal_msg_receive)
                  0004ca88    00000078     rcl_cc23x0r5.a : RCL_Scheduler.c.obj (.text.rclSchedulerFindEarliestStopTime)
                  0004cb00    00000078     OneLib.a : OneLib_Host_GAP_gap_linkmgr.obj (.text.sendEstLinkEvent)
                  0004cb78    00000078     driverlib.a : udma.c.obj (.text.uDMASetChannelTransfer)
                  0004cbf0    00000078     ti_freertos_config.o (.text.xEventGroupSetBits)
                  0004cc68    00000078     ti_freertos_config.o (.text.xQueueReceiveFromISR)
                  0004cce0    00000076     secure_drivers_cc23x0r5.a : AESCTRDRBGXX.c.obj (.text.AESCTRDRBGXX_updateState)
                  0004cd56    00000076     ti_freertos_config.o (.text.prvCopyDataToQueue)
                  0004cdcc    00000074     OneLib.a : OneLib_LL_crypto_port_simplelink.obj (.text.CryptoP_AESCCM)
                  0004ce40    00000074              : OneLib_Host_L2CAP_l2cap_util.obj (.text.l2capSendCmd)
                  0004ceb4    00000074              : OneLib_LL_ll_common.obj (.text.llIsThereACollisionBetweenConn)
                  0004cf28    00000074     ti_freertos_config.o (.text.prvUnlockQueue)
                  0004cf9c    00000074     OneLib.a : OneLib_Host_SM_sm_pairing.obj (.text.smOobSCAuthentication)
                  0004d010    00000072              : OneLib_Host_GATT_gatt_server.obj (.text.GATT_VerifyReadPermissions)
                  0004d082    00000072     osal_icall_ble.o (.text.osalInitTasks)
                  0004d0f4    00000070     OneLib.a : OneLib_LL_ll_al.obj (.text.AL_FindEntry)
                  0004d164    00000070     app_connection.o (.text.Connection_ConnEventHandler)
                  0004d1d4    00000070     StackWrapper.a : StackWrapper_Host_gap.obj (.text.GAP_DeviceInit_validate_params)
                  0004d244    00000070     OneLib.a : OneLib_Host_GAP_gap_configmgr.obj (.text.GAP_GetDevAddress)
                  0004d2b4    00000070              : OneLib_Host_GATT_gatt_server.obj (.text.GATT_FindHandleUUID)
                  0004d324    00000070              : OneLib_Host_GATT_gatt_server.obj (.text.GATT_InitServer)
                  0004d394    00000070     drivers_cc23x0r5.a : I2CLPF3.c.obj (.text.I2C_close)
                  0004d404    00000070     OneLib.a : OneLib_HCI_hci_event.obj (.text.LL_PhyUpdateCompleteEventCback)
                  0004d474    00000070     nvocmp.o (.text.NVOCMP_eraseNvApi)
                  0004d4e4    00000070     nvocmp.o (.text.NVOCMP_readItemApi)
                  0004d554    00000070     drivers_cc23x0r5.a : PowerCC23X0.c.obj (.text.PowerCC23X0_startHFXT)
                  0004d5c4    00000070                        : PowerCC23X0.c.obj (.text.Power_sleep)
                  0004d634    00000070     OneLib.a : OneLib_Host_SM_sm_rsppairing.obj (.text.SM_ResponderInit)
                  0004d6a4    00000070     drivers_cc23x0r5.a : UART2LPF3.c.obj (.text.UART2Support_dmaStopTx)
                  0004d714    00000070     StackWrapper.a : StackWrapper_Host_gapbondmgr.obj (.text.gapBondMgrSetStateFlagFromConnhandle)
                  0004d784    00000070     drivers_cc23x0r5.a : SPILPF3DMA.c.obj (.text.initIO)
                  0004d7f4    00000070     OneLib.a : OneLib_Host_L2CAP_l2cap_util.obj (.text.l2capParsePacket)
                  0004d864    00000070              : OneLib_Host_L2CAP_l2cap_task.obj (.text.l2capProcessOSALMsg)
                  0004d8d4    00000070              : OneLib_LL_ll_common.obj (.text.llAllocConnection)
                  0004d944    00000070              : OneLib_LL_ll_common.obj (.text.llEstimateConnMinTimeLength)
                  0004d9b4    00000070              : OneLib_LL_ll_common.obj (.text.llPeriSetConnSyncParams)
                  0004da24    00000070     StackWrapper.a : StackWrapper_OSAL_osal.obj (.text.osal_event_send)
                  0004da94    00000070     ti_freertos_config.o (.text.prvInitialiseNewTask)
                  0004db04    00000070     OneLib.a : OneLib_Host_SM_sm_pairing.obj (.text.smFreePairingParams)
                  0004db74    00000070     sscp_app.o (.text.spiControlRegCallback)
                  0004dbe4    00000070     ti_freertos_config.o (.text.vTaskPriorityDisinheritAfterTimeout)
                  0004dc54    0000006c     drivers_cc23x0r5.a : BatMonSupportLPF3.c.obj (.text.BatMonSupportLPF3_init)
                  0004dcc0    0000006c     secure_drivers_cc23x0r5.a : CryptoUtils.c.obj (.text.CryptoUtils_reverseCopyPad)
                  0004dd2c    0000006c     OneLib.a : OneLib_Host_Profiles_gapgattserver.obj (.text.GGS_SetParameter)
                  0004dd98    0000006c              : OneLib_LL_ll.obj (.text.LE_RemoveAdvSet)
                  0004de04    0000006c              : OneLib_LL_ll_enc.obj (.text.LL_ENC_Encrypt)
                  0004de70    0000006c              : OneLib_LL_ll_isr.obj (.text.LL_rclAdvCallback)
                  0004dedc    0000006c     nvocmp.o (.text.NVOCMP_getFreeNvApi)
                  0004df48    0000006c     nvocmp.o (.text.NVOCMP_readHeader)
                  0004dfb4    0000006c     OneLib.a : OneLib_LL_ll_common.obj (.text.RfBleDpl_setConnPhy)
                  0004e020    0000006c              : OneLib_Host_GAP_gap_perilinkmgr.obj (.text.gapPeriProcessConnUpdateCompleteEvt)
                  0004e08c    0000006c              : OneLib_Host_GAP_gap_configmgr.obj (.text.gapSendDeviceInitDoneEvent)
                  0004e0f8    0000006c              : OneLib_Host_GAP_gap_configmgr.obj (.text.gapSetIRK)
                  0004e164    0000006c              : OneLib_LL_ll_ae.obj (.text.llCompareSecondaryPrimaryTasksQoSParam)
                  0004e1d0    0000006c              : OneLib_LL_ll_ble.obj (.text.llSetupConnRxDataEntryQueue)
                  0004e23c    0000006c              : OneLib_LL_ll_common.obj (.text.llUpdateRxBuffersForActiveConnections)
                  0004e2a8    0000006c              : OneLib_LL_ll_ae.obj (.text.llUpdateSortedAdvList)
                  0004e314    0000006c     ti_freertos_config.o (.text.prvCheckForValidListAndQueue)
                  0004e380    0000006c     ti_freertos_config.o (.text.vPortGetHeapStats)
                  0004e3ec    00000068     ti_freertos_config.o (.text.ClockP_start)
                  0004e454    00000068     secure_drivers_cc23x0r5.a : ECDHLPF3SW.c.obj (.text.ECDHLPF3SW_getKeyResult)
                  0004e4bc    00000068     OneLib.a : OneLib_Host_GAP_gap_task.obj (.text.GAP_ProcessEvent)
                  0004e524    00000068     ecc.a : scalarMul.c.obj (.text.GETDIGITL2R)
                  0004e58c    00000068     icall_POSIX.o (.text.ICall_enrollService)
                  0004e5f4    00000068     OneLib.a : OneLib_LL_ll_ae.obj (.text.LL_DisableAdvSets)
                  0004e65c    00000068              : OneLib_LL_ll_privacy.obj (.text.LL_PRIV_Init)
                  0004e6c4    00000068              : OneLib_HCI_hci_event.obj (.text.LL_RemoteConnParamReqCback)
                  0004e72c    00000068              : OneLib_LL_ll.obj (.text.LL_WriteDefaultDataLen)
                  0004e794    00000068     rcl_cc23x0r5.a : LRFCC23X0.c.obj (.text.LRF_setTrimCommon)
                  0004e7fc    00000068     drivers_cc23x0r5.a : SPILPF3DMA.c.obj (.text.csnCallback)
                  0004e864    00000068     OneLib.a : OneLib_Host_GAP_gap_linkmgr.obj (.text.gapSendPairingReqEvent)
                  0004e8cc    00000068              : OneLib_Host_GATT_gatt_client.obj (.text.gattReadByType)
                  0004e934    00000068              : OneLib_Host_GAP_linkdb.obj (.text.linkDB_Authen)
                  0004e99c    00000068              : OneLib_Host_GAP_linkdb.obj (.text.linkDB_Init)
                  0004ea04    00000068              : OneLib_LL_ll_common.obj (.text.llSetNextDataChan)
                  0004ea6c    00000068     ti_freertos_config.o (.text.mq_send)
                  0004ead4    00000068     OneLib.a : OneLib_Host_SM_sm_rsppairing.obj (.text.smpResponderProcessCentralID)
                  0004eb3c    00000068              : OneLib_Host_SM_sm_rsppairing.obj (.text.smpResponderProcessPairingDHKeyCheck)
                  0004eba4    00000068     drivers_cc23x0r5.a : SPILPF3DMA.c.obj (.text.spiPostNotify)
                  0004ec0c    00000066     OneLib.a : OneLib_HCI_hci_event_raw.obj (.text.HCI_SendCommandCompleteEvent)
                  0004ec72    00000002              : common_lib_opt_ctrl_stub_scanner.obj (.text.OPT_LL_DisableScanning)
                  0004ec74    00000064     secure_drivers_cc23x0r5.a : AESCommonLPF3.c.obj (.text.AESCommonLPF3_construct)
                  0004ecd8    00000064     bleapputil_init.o (.text.BLEAppUtil_initHostAdvSet)
                  0004ed3c    00000064     secure_drivers_cc23x0r5.a : CryptoUtils.c.obj (.text.CryptoUtils_copyPad)
                  0004eda0    00000064     OneLib.a : OneLib_HCI_hci_event.obj (.text.HCI_VendorSpecifcCommandCompleteEvent)
                  0004ee04    00000064     driverlib.a : interrupt.c.obj (.text.IntSetPriority)
                  0004ee68    00000064     OneLib.a : OneLib_LL_ll.obj (.text.LL_ClearAdvSets)
                  0004eecc    00000064              : OneLib_HCI_hci_event.obj (.text.LL_ReadLocalP256PublicKeyCompleteEventCback)
                  0004ef30    00000064     rcl_cc23x0r5.a : ble5.c.obj (.text.RCL_Handler_BLE5_findRfFreq)
                  0004ef94    00000064                    : ble5.c.obj (.text.RCL_Handler_BLE5_updateConnStats)
                  0004eff8    00000064     drivers_cc23x0r5.a : UART2LPF3.c.obj (.text.UART2Support_dmaStopRx)
                  0004f05c    00000064     StackWrapper.a : StackWrapper_Host_gapbondmgr.obj (.text.gapBondStateDoGATTDisc)
                  0004f0c0    00000064     OneLib.a : OneLib_LL_ll_common.obj (.text.llEnqueueCtrlPkt)
                  0004f124    00000064              : OneLib_LL_ll_common.obj (.text.llPeriUpdateConnParamsByInitiatorPhy)
                  0004f188    00000064              : OneLib_LL_ll_scheduler.obj (.text.llScheduler_getHandle)
                  0004f1ec    00000064              : OneLib_LL_ll_ae.obj (.text.llSendAdvSetTermEvent)
                  0004f250    00000064     ti_freertos_config.o (.text.xQueueGiveFromISR)
                  0004f2b4    00000064     ti_freertos_config.o (.text.xTaskCreate)
                  0004f318    00000062     StackWrapper.a : StackWrapper_Host_gapbondmgr.obj (.text.gapBondMgrBondReq)
                  0004f37a    00000002     OneLib.a : common_lib_opt_ctrl_stub_initiator.obj (.text.OPT_LL_DisableScanningForInitiator)
                  0004f37c    00000060     drivers_cc23x0r5.a : ADCLPF3.c.obj (.text.ADCLPF3_close)
                  0004f3dc    00000060     driverlib.a : adc.c.obj (.text.ADCSetAdjustmentOffset)
                  0004f43c    00000060     secure_drivers_cc23x0r5.a : AESCMACLPF3.c.obj (.text.AESCMACLPF3_hwiFxn)
                  0004f49c    00000060     OneLib.a : OneLib_Host_ATT_att_util.obj (.text.ATT_ParsePacket)
                  0004f4fc    00000060     bleapputil_task.o (.text.BLEAppUtil_createBLEAppUtilTask)
                  0004f55c    00000060     ti_freertos_config.o (.text.ClockP_stop)
                  0004f5bc    00000060     OneLib.a : OneLib_HCI_hci.obj (.text.HCI_HostNumCompletedPktCmd)
                  0004f61c    00000060     icall_POSIX.o (.text.ICall_sendServiceComplete)
                  0004f67c    00000060     OneLib.a : OneLib_LL_ll_dfl.obj (.text.LL_DFL_AddEntry)
                  0004f6dc    00000060              : OneLib_LL_ll.obj (.text.LL_EncLtkNegReply)
                  0004f73c    00000060     nvocmp.o (.text.NVOCMP_compactNvApi)
                  0004f79c    00000060     app_pairing.o (.text.Pairing_pairStateHandler)
                  0004f7fc    00000060     rcl_cc23x0r5.a : ble5.c.obj (.text.RCL_BLE5_updateFilterList)
                  0004f85c    00000060     StackWrapper.a : StackWrapper_Host_gapbondmgr.obj (.text.gapBondMgrUpdateLruBondList)
                  0004f8bc    00000060                    : StackWrapper_Host_gapbondmgr.obj (.text.gapBondMgr_Pair)
                  0004f91c    00000060     icall_POSIX.o (.text.icall_directAPIva)
                  0004f97c    00000060     OneLib.a : OneLib_LL_ll_common.obj (.text.llDequeueCtrlPkt)
                  0004f9dc    00000060              : OneLib_Host_SM_sm_task.obj (.text.smProcessLTKRequest_gapBond)
                  0004fa3c    00000060              : OneLib_Host_SM_sm_rsppairing.obj (.text.smpResponderProcessPairingPublicKey)
                  0004fa9c    00000060     ti_freertos_config.o (.text.xTaskPriorityDisinherit)
                  0004fafc    0000005e     OneLib.a : OneLib_Host_L2CAP_l2cap_util.obj (.text.l2capNotifyEvent)
                  0004fb5a    00000002              : common_lib_opt_ctrl_stub_connection_handover.obj (.text.OPT_LL_Handover_SetRxBlockValue)
                  0004fb5c    0000005c     secure_drivers_cc23x0r5.a : AESECBLPF3.c.obj (.text.AESECBLPF3_hwiFxn)
                  0004fbb8    0000005c     bleapputil_stack_callbacks.o (.text.BLEAppUtil_advCB)
                  0004fc14    0000005c     ti_freertos_config.o (.text.ClockP_walkQueueDynamic)
                  0004fc70    0000005c     secure_drivers_cc23x0r5.a : CryptoResourceLPF3.c.obj (.text.CryptoResourceLPF3_constructRTOSObjects)
                  0004fccc    0000005c     digital_submodule.o (.text.DIO_writeOutput)
                  0004fd28    0000005c     OneLib.a : OneLib_Host_GAP_gap_advertiser.obj (.text.GapAdv_abortLoad)
                  0004fd84    0000005c              : OneLib_HCI_hci_event_raw.obj (.text.HCI_getPacketLen)
                  0004fde0    0000005c     icall_POSIX.o (.text.ICall_createRemoteTasksAtRuntime)
                  0004fe3c    0000005c     OneLib.a : OneLib_LL_ll.obj (.text.LL_Disconnect)
                  0004fe98    0000005c              : OneLib_LL_ll_enc.obj (.text.LL_ENC_DecryptMsg)
                  0004fef4    0000005c              : OneLib_LL_ll.obj (.text.LL_RemoveDeviceFromResolvingList)
                  0004ff50    0000005c              : OneLib_LL_ll.obj (.text.LL_SetAddressResolutionEnable)
                  0004ffac    0000005c              : OneLib_LL_ll.obj (.text.LL_SetRandomAddress)
                  00050008    0000005c     nvocmp.o (.text.NVOCMP_checkItem)
                  00050064    0000005c     nvocmp.o (.text.NVOCMP_verifyCRC)
                  000500c0    0000005c     rcl_cc23x0r5.a : adc_noise.c.obj (.text.RCL_Handler_Adc_Noise_powerDown)
                  0005011c    0000005c     StackWrapper.a : StackWrapper_Host_sm_ecc.obj (.text.SM_p256KeyCB)
                  00050178    0000005c     ti_freertos_config.o (.text.SwiP_post)
                  000501d4    0000005c     StackWrapper.a : StackWrapper_Host_gapbondmgr.obj (.text.gapBondMgr_UpdateCharCfg)
                  00050230    0000005c     OneLib.a : OneLib_Host_GAP_gap_configmgr.obj (.text.gap_ParamsInit)
                  0005028c    0000005c              : OneLib_LL_ll_common.obj (.text.llQueryTxQueue)
                  000502e8    0000005c     StackWrapper.a : StackWrapper_OSAL_osal_cbtimer.obj (.text.osal_CbTimerUpdate)
                  00050344    0000005c                    : StackWrapper_OSAL_osal_timers.obj (.text.osal_timer_refTimeUpdate)
                  000503a0    0000005c     ti_freertos_config.o (.text.prvIdleTask)
                  000503fc    0000005c     OneLib.a : OneLib_Host_SM_sm_rsppairing.obj (.text.smResponderAuthStageTwo)
                  00050458    0000005c     main_freertos.o (.text.timer_init)
                  000504b4    0000005a     StackWrapper.a : StackWrapper_Host_gapbondmgr.obj (.text.GapBondMgr_GetPrevAuth)
                  0005050e    0000005a     OneLib.a : OneLib_LL_ll_common.obj (.text.llValidateConnectIndPkt)
                  00050568    00000058     secure_drivers_cc23x0r5.a : AESECBLPF3.c.obj (.text.AESECBLPF3_processData)
                  000505c0    00000058     bleapputil_init.o (.text.BLEAppUtil_init)
                  00050618    00000058     bleapputil_process.o (.text.BLEAppUtil_processStackEvents)
                  00050670    00000058     bleapputil_init.o (.text.BLEAppUtil_stackInit)
                  000506c8    00000058     app_dev_info.o (.text.DevInfo_start)
                  00050720    00000058     icall_POSIX.o (.text.ICall_fetchMsg)
                  00050778    00000058     icall_POSIX.o (.text.ICall_workerThreadSendMsg)
                  000507d0    00000058     OneLib.a : OneLib_LL_ll.obj (.text.LE_SetExtScanRspData)
                  00050828    00000058              : OneLib_LL_ll.obj (.text.LE_checkAdvConnStatus)
                  00050880    00000058              : OneLib_LL_ll.obj (.text.LL_GenerateDHKeyCmd)
                  000508d8    00000058              : OneLib_HCI_hci_event_raw.obj (.text.LL_ReadRemoteUsedFeaturesCompleteCback)
                  00050930    00000058     rcl_cc23x0r5.a : LRFCC23X0.c.obj (.text.LRF_setRxFifoEffSz)
                  00050988    00000058     oad_reset_service.o (.text.OadResetWriteAttrCB)
                  000509e0    00000058     drivers_cc23x0r5.a : PowerCC23X0.c.obj (.text.Power_releaseDependency)
                  00050a38    00000058                        : PowerCC23X0.c.obj (.text.Power_setDependency)
                  00050a90    00000058     digital_submodule.o (.text.XUART_transmit)
                  00050ae8    00000058     libclang_rt.builtins.a : clzsi2.c.obj (.text.__clzsi2)
                  00050b40    00000058     StackWrapper.a : StackWrapper_Host_gapbondmgr.obj (.text.gapBondMgrChangeState)
                  00050b98    00000058     OneLib.a : OneLib_Host_GATT_gatt_server.obj (.text.gattProcessReadMultiReq)
                  00050bf0    00000058     sscp_app.o (.text.i2cTransferConfigRegCallback)
                  00050c48    00000058     OneLib.a : OneLib_LL_ll_common.obj (.text.llSetupDenyList)
                  00050ca0    00000058              : OneLib_LL_ll_common.obj (.text.llShellSortActiveConns)
                  00050cf8    00000058     ti_freertos_config.o (.text.pthread_exit)
                  00050d50    00000058     OneLib.a : OneLib_Host_SM_sm_pairing.obj (.text.smDetermineIOCaps)
                  00050da8    00000058              : OneLib_Host_SM_sm_pairing.obj (.text.smSendPublicKeys)
                  00050e00    00000058     osal_icall_ble.o (.text.stack_main)
                  00050e58    00000058     ti_freertos_config.o (.text.vTaskStartScheduler)
                  00050eb0    00000058     ti_freertos_config.o (.text.xQueueGenericCreate)
                  00050f08    00000056     StackWrapper.a : StackWrapper_Host_gapbondmgr.obj (.text.GAPBondMgr_ReadLocalLTK)
                  00050f5e    00000056     OneLib.a : OneLib_LL_ll.obj (.text.LE_SetExtAdvData)
                  00050fb4    00000056     libclang_rt.builtins.a : aeabi_idivmod.S.obj (.text.__aeabi_idivmod)
                  0005100a    00000056     OneLib.a : OneLib_Host_GATT_gatt_client.obj (.text.gattFindByTypeValue)
                  00051060    00000056              : OneLib_LL_ll_common.obj (.text.llBuildCtrlPktPeri)
                  000510b6    00000056              : OneLib_LL_ll_dfl.obj (.text.llDFLUpdateRanks)
                  0005110c    00000054     ti_drivers_config.o (.text.Board_shutDownExtFlash)
                  00051160    00000054     OneLib.a : OneLib_LL_crypto_port_simplelink.obj (.text.CryptoP_AESECB)
                  000511b4    00000054              : OneLib_Host_GAP_gap_perilinkmgr.obj (.text.GAP_SendPeripheralSecurityRequest)
                  00051208    00000054              : OneLib_Host_GAP_gap_configmgr.obj (.text.GapConfig_SetParameter)
                  0005125c    00000054     icall_POSIX.o (.text.ICall_registerApp)
                  000512b0    00000054     OneLib.a : OneLib_HCI_hci_event.obj (.text.LL_GenerateDHKeyCompleteEventCback)
                  00051304    00000054              : OneLib_LL_ll_privacy.obj (.text.LL_PRIV_GenerateRPA)
                  00051358    00000054     rcl_cc23x0r5.a : LRFCC23X0.c.obj (.text.LRF_readRxFifoWords)
                  000513ac    00000054                    : RCL.c.obj (.text.RCL_Command_pend)
                  00051400    00000054                    : RCL_Scheduler.c.obj (.text.RCL_Scheduler_setStartStopTimeEarliestStart)
                  00051454    00000054     drivers_cc23x0r5.a : UART2.c.obj (.text.UART2_readCancel)
                  000514a8    00000054     OneLib.a : OneLib_Host_GAP_gap_linkmgr.obj (.text.gapPasskeyNeededCB)
                  000514fc    00000054              : OneLib_Host_GATT_gatt_task.obj (.text.gattNotifyEvent)
                  00051550    00000054     rcl_cc23x0r5.a : hal_cc23x0.c.obj (.text.hal_check_clear_timer_compare)
                  000515a4    00000054     OneLib.a : OneLib_Host_L2CAP_l2cap_util.obj (.text.l2capSendFCPkt)
                  000515f8    00000054              : OneLib_LL_ll_common.obj (.text.llAllocatePDU)
                  0005164c    00000054              : OneLib_LL_ll_data.obj (.text.llDynamicFree_connectable)
                  000516a0    00000054              : OneLib_LL_ll_common.obj (.text.llSetCodedMaxTxTime)
                  000516f4    00000054              : OneLib_LL_ll_common.obj (.text.llVerifyCodedConnInterval)
                  00051748    00000054              : OneLib_LL_ll_ecc.obj (.text.ll_GenerateDHKey)
                  0005179c    00000054     StackWrapper.a : StackWrapper_OSAL_osal_clock.obj (.text.osalAdjustTimer)
                  000517f0    00000054                    : StackWrapper_OSAL_osal_bufmgr.obj (.text.osal_bm_alloc)
                  00051844    00000054     rcl_cc23x0r5.a : RCL.c.obj (.text.rclPowerNotify)
                  00051898    00000054     OneLib.a : OneLib_Host_SM_sm_rsppairing.obj (.text.smpResponderProcessIdentityAddrInfo)
                  000518ec    00000052     StackWrapper.a : StackWrapper_Host_gap.obj (.text.GAP_DeviceInit_per_role)
                  0005193e    00000052     OneLib.a : OneLib_LL_ll.obj (.text.LL_EncLtkReply)
                  00051990    00000052              : OneLib_Host_GAP_gap_devmgr.obj (.text.gapFindADType)
                  000519e2    00000052              : OneLib_Host_GATT_gatt_client.obj (.text.gattPrepareWriteReq)
                  00051a34    00000052              : OneLib_LL_ll_common.obj (.text.llGetNextDataChanAlgo1)
                  00051a86    00000052              : OneLib_LL_ll_ble.obj (.text.llMoveTempTxDataEntries)
                  00051ad8    00000052              : OneLib_Host_SMP_smp.obj (.text.smSendSMMsg)
                  00051b2a    00000002              : common_lib_opt_ctrl_stub_past_receiver.obj (.text.OPT_LL_PAST_R_DynamicFree)
                  00051b2c    00000050     secure_drivers_cc23x0r5.a : AESCCMLPF3.c.obj (.text.AESCCMLPF3_processB1withAAD)
                  00051b7c    00000050                               : AESCTRLPF3.c.obj (.text.AESCTRLPF3_configDataDMA)
                  00051bcc    00000050     bleapputil_process.o (.text.BLEAppUtil_convertGATTEvents)
                  00051c1c    00000050     bleapputil_stack_callbacks.o (.text.BLEAppUtil_passcodeCB)
                  00051c6c    00000050     ti_drivers_config.o (.text.Board_sendExtFlashByte)
                  00051cbc    00000050     secure_drivers_cc23x0r5.a : ECCInitLPF3SW.c.obj (.text.ECCInitLPF3SW_NISTP256)
                  00051d0c    00000050     OneLib.a : OneLib_Host_GAP_gap_linkmgr.obj (.text.GAP_Signable)
                  00051d5c    00000050              : OneLib_Host_GAP_gap_advertiser.obj (.text.GapAdv_setEventMask)
                  00051dac    00000050     StackWrapper.a : StackWrapper_Host_gapbondmgr.obj (.text.GapBondMgr_StartEnc)
                  00051dfc    00000050     OneLib.a : OneLib_HCI_hci_event.obj (.text.HCI_CommandStatusEvent)
                  00051e4c    00000050              : OneLib_HCI_hci_event_raw.obj (.text.HCI_SendEventToHost)
                  00051e9c    00000050              : OneLib_LL_ll_enc.obj (.text.LL_ENC_AES128_Encrypt)
                  00051eec    00000050     rcl_cc23x0r5.a : ble5.c.obj (.text.RCL_Handler_BLE5_initAdvScanInitStats)
                  00051f3c    00000050     secure_drivers_cc23x0r5.a : RNGLPF3RF.c.obj (.text.RNG_construct)
                  00051f8c    00000050     drivers_cc23x0r5.a : UDMALPF3.c.obj (.text.UDMALPF3_init)
                  00051fdc    00000050     analog_submodule.o (.text.dacTestModeHandler)
                  0005202c    00000050     StackWrapper.a : StackWrapper_Host_gapbondmgr.obj (.text.gapBondMgrReadBonds)
                  0005207c    00000050                    : StackWrapper_Host_gapbondmgr.obj (.text.gapBondMgr_SupportsCentAddrRes)
                  000520cc    00000050     OneLib.a : OneLib_Host_GAP_gap_perilinkmgr.obj (.text.gapPeriProcessConnEvt)
                  0005211c    00000050              : OneLib_Host_GAP_gap_perilinkmgr.obj (.text.gap_PeriConnRegister)
                  0005216c    00000050              : OneLib_Host_L2CAP_l2cap_util.obj (.text.l2capAllocConnChannel)
                  000521bc    00000050              : OneLib_LL_ll_ae.obj (.text.llSendAdvSetEndEvent)
                  0005220c    00000050     StackWrapper.a : StackWrapper_OSAL_osal_cbtimer.obj (.text.osal_CbTimerStop)
                  0005225c    00000050     OneLib.a : OneLib_Host_SM_sm_pairing.obj (.text.smGenerateAddrInput_sPatch)
                  000522ac    00000050              : OneLib_Host_SM_sm_pairing.obj (.text.smProcessPairingReq)
                  000522fc    00000050              : OneLib_Host_SM_sm_mgr.obj (.text.sm_s1)
                  0005234c    00000050     ti_freertos_config.o (.text.xTaskCreateStatic)
                  0005239c    00000050     xdac.o (.text.xdac_writeOutput)
                  000523ec    0000004e     OneLib.a : OneLib_Host_ATT_att_util.obj (.text.ATT_CompareUUID)
                  0005243a    0000004e     ti_freertos_config.o (.text.realloc)
                  00052488    0000004c     secure_drivers_cc23x0r5.a : AESCommonLPF3.c.obj (.text.AESCommonLPF3_cleanup)
                  000524d4    0000004c     bleapputil_process.o (.text.BLEAppUtil_convertHCIGAPEvents)
                  00052520    0000004c     OneLib.a : OneLib_LL_crypto_port_simplelink.obj (.text.CryptoP_ECDHInit)
                  0005256c    0000004c              : OneLib_Host_GAP_gap_linkmgr.obj (.text.GAP_PasscodeUpdate)
                  000525b8    0000004c              : OneLib_Host_GAP_gap_linkmgr.obj (.text.GAP_TerminateLinkReq)
                  00052604    0000004c              : OneLib_Host_Profiles_gattservapp.obj (.text.GATTServApp_AddService)
                  00052650    0000004c     StackWrapper.a : StackWrapper_Host_gattservapp_util.obj (.text.GATTServApp_ProcessCCCWriteReq)
                  0005269c    0000004c     OneLib.a : OneLib_Host_Profiles_gattservapp.obj (.text.GATTServApp_SendCCCUpdatedEvent)
                  000526e8    0000004c              : OneLib_Host_GATT_gatt_task.obj (.text.GATT_UpdateMTU)
                  00052734    0000004c              : OneLib_HCI_hci_event.obj (.text.HCI_HardwareErrorEvent)
                  00052780    0000004c              : OneLib_HCI_hci_event_raw.obj (.text.HCI_InitEventMasks)
                  000527cc    0000004c              : OneLib_HCI_hci.obj (.text.HCI_LE_ConnUpdateCmd)
                  00052818    0000004c              : OneLib_HCI_hci_event.obj (.text.HCI_NumOfCompletedPacketsEvent)
                  00052864    0000004c     driverlib.a : interrupt.c.obj (.text.IntSetPend)
                  000528b0    0000004c     OneLib.a : OneLib_LL_ll.obj (.text.LL_ClearResolvingList)
                  000528fc    0000004c              : OneLib_LL_ll.obj (.text.LL_clearAllActiveConns)
                  00052948    0000004c     driverlib.a : lrfd.c.obj (.text.LRFDApplyClockDependencies)
                  00052994    0000004c     rcl_cc23x0r5.a : LRFCC23X0.c.obj (.text.LRF_programTemperatureCompensatedTxPower)
                  000529e0    0000004c                    : LRFCC23X0.c.obj (.text.LRF_writeTxFifoWords)
                  00052a2c    0000004c     ti_freertos_config.o (.text.MessageQueueP_pend)
                  00052a78    0000004c     ti_freertos_config.o (.text.MessageQueueP_post)
                  00052ac4    0000004c     rcl_cc23x0r5.a : RCL.c.obj (.text.RCL_open)
                  00052b10    0000004c     digital_submodule.o (.text.RS485_init)
                  00052b5c    0000004c     ti_freertos_config.o (.text.SemaphoreP_construct)
                  00052ba8    0000004c     simple_gatt_profile.o (.text.SimpleGattProfile_getParameter)
                  00052bf4    0000004c     ti_freertos_config.o (.text.__aeabi_errno_addr)
                  00052c40    0000004c     OneLib.a : OneLib_Host_GAP_gap_configmgr.obj (.text.gapReadBufSizeCmdStatus)
                  00052c8c    0000004c              : OneLib_Host_Profiles_gattservapp.obj (.text.gattServApp_ClearPrepareWriteQ)
                  00052cd8    0000004c              : OneLib_LL_ll_common.obj (.text.llGenPrnE)
                  00052d24    0000004c              : OneLib_LL_ll_common.obj (.text.llProcessChanMap)
                  00052d70    0000004c              : OneLib_LL_ll_common.obj (.text.llReleaseAllConnId)
                  00052dbc    0000004c              : OneLib_LL_ll_ae.obj (.text.llRemoveAdvSortedEntry)
                  00052e08    0000004c              : OneLib_LL_ll_scheduler.obj (.text.llSelectTaskAdv)
                  00052e54    0000004c              : OneLib_LL_ll_common.obj (.text.llSetStarvationMode)
                  00052ea0    0000004c              : OneLib_LL_ll_common.obj (.text.llTrySendCtrlPktImmed)
                  00052eec    0000004c              : OneLib_LL_ll_ecc.obj (.text.ll_eccInit)
                  00052f38    0000004c     ti_freertos_config.o (.text.removeThreadKeys)
                  00052f84    0000004c     OneLib.a : OneLib_Host_SM_sm_pairing.obj (.text.sm_computeDHKey)
                  00052fd0    0000004c     sscp_app.o (.text.uartTransferControlRegCallback)
                  0005301c    0000004c     ti_freertos_config.o (.text.xTaskCheckForTimeOut)
                  00053068    0000004a     rcl_cc23x0r5.a : LRF.c.obj (.text.LRF_loadImage)
                  000530b2    0000004a     ti_freertos_config.o (.text.calloc)
                  000530fc    0000004a     OneLib.a : OneLib_Host_GAP_linkdb.obj (.text.linkDB_GetInfo)
                  00053146    0000004a              : OneLib_LL_ll_common.obj (.text.llGetNextDataChanAlgo2)
                  00053190    0000004a     ecc.a : lowlevelapi.c.obj (.text.zADD32)
                  000531da    00000002     OneLib.a : common_lib_opt_ctrl_stub_past_receiver.obj (.text.OPT_LL_PAST_R_ProcessIndPackets)
                  000531dc    00000048     secure_drivers_cc23x0r5.a : AESCCMLPF3.c.obj (.text.AESCCMLPF3_processCTRCounterBlock)
                  00053224    00000048                               : AESCCMLPF3.c.obj (.text.AESCCMLPF3_processOneStepCTRPolling)
                  0005326c    00000048     bleapputil_process.o (.text.BLEAppUtil_callEventHandler)
                  000532b4    00000048     bleapputil_init.o (.text.BLEAppUtil_invokeFunction)
                  000532fc    00000048     bleapputil_stack_callbacks.o (.text.BLEAppUtil_processStackMsgCB)
                  00053344    00000048     ti_freertos_config.o (.text.ClockP_construct)
                  0005338c    00000048     digital_submodule.o (.text.ESPI_init)
                  000533d4    00000048     OneLib.a : OneLib_Host_Profiles_gattservapp.obj (.text.GATTServApp_SendServiceChangedInd)
                  0005341c    00000048     icall_POSIX.o (.text.ICall_newTask)
                  00053464    00000048     icall_POSIX.o (.text.ICall_wait)
                  000534ac    00000048     OneLib.a : OneLib_LL_ll_ae.obj (.text.LL_AE_Init)
                  000534f4    00000048              : OneLib_HCI_hci_event.obj (.text.LL_ConnParamUpdateCback)
                  0005353c    00000048              : OneLib_HCI_hci_event.obj (.text.LL_ConnParamUpdateRejectCback)
                  00053584    00000048              : OneLib_HCI_hci_event.obj (.text.LL_DataLengthChangeEventCback)
                  000535cc    00000048              : OneLib_HCI_hci_event.obj (.text.LL_EncLtkReqCback)
                  00053614    00000048              : OneLib_LL_ll.obj (.text.LL_RemoteConnParamReqNegReply)
                  0005365c    00000048              : OneLib_LL_ll.obj (.text.LL_SetResolvablePrivateAddressTimeout)
                  000536a4    00000048     rcl_cc23x0r5.a : LRFCC23X0.c.obj (.text.LRF_setTemperatureTrim)
                  000536ec    00000048     nvocmp.o (.text.NVOCMP_loadApiPtrsMin)
                  00053734    00000048     nvocmp.o (.text.NVOCMP_readItem)
                  0005377c    00000048     drivers_cc23x0r5.a : NVS.c.obj (.text.NVS_open)
                  000537c4    00000048                        : PowerCC23X0.c.obj (.text.PowerCC23X0_hfxtAmpsettledTimeout)
                  0005380c    00000048                        : PowerCC23X0.c.obj (.text.PowerLPF3_getHfxtAmpAdjustment)
                  00053854    00000048     rcl_cc23x0r5.a : RCL_Scheduler.c.obj (.text.RCL_Scheduler_postEvent)
                  0005389c    00000048     drivers_cc23x0r5.a : RingBuf.c.obj (.text.RingBuf_put)
                  000538e4    00000048                        : UART2.c.obj (.text.UART2_readFull)
                  0005392c    00000048                        : TemperatureLPF3.c.obj (.text.degreesToCode)
                  00053974    00000048     StackWrapper.a : StackWrapper_Host_gapbondmgr.obj (.text.gapBondStateStartNextGATTDisc)
                  000539bc    00000048     OneLib.a : OneLib_Host_GAP_gap_linkmgr.obj (.text.gapFreeAuthLink)
                  00053a04    00000048              : OneLib_Host_GATT_gatt_server.obj (.text.gattProcessReadByGrpTypeReq)
                  00053a4c    00000048              : OneLib_HCI_hci_event_raw.obj (.text.hciAllocAndPrepHciEvtPkt)
                  00053a94    00000048              : OneLib_Host_L2CAP_l2cap_util.obj (.text.l2capNotifySignal)
                  00053adc    00000048              : OneLib_Host_L2CAP_l2cap_util.obj (.text.l2capSendPkt)
                  00053b24    00000048              : OneLib_LL_ll_common.obj (.text.llCalcConnMissCount)
                  00053b6c    00000048              : OneLib_LL_ll_common.obj (.text.llConnSetupBuffers)
                  00053bb4    00000048              : OneLib_LL_ll_common.obj (.text.llCreateCommonFeatureSet)
                  00053bfc    00000048              : OneLib_LL_ll_common.obj (.text.llPostSetupCtrlPktPeri)
                  00053c44    00000048              : OneLib_LL_ll_scheduler.obj (.text.llSchedulerInit)
                  00053c8c    00000048              : OneLib_LL_ll_common.obj (.text.llSendReject)
                  00053cd4    00000048              : OneLib_LL_ll_common.obj (.text.llSetPhy)
                  00053d1c    00000048              : OneLib_LL_ll_scheduler.obj (.text.llSetTaskAdv)
                  00053d64    00000048     ti_freertos_config.o (.text.mq_receive)
                  00053dac    00000048     StackWrapper.a : StackWrapper_OSAL_osal.obj (.text.osal_msg_extract)
[...]
200078f0  extStackSettings                                 
200078f4  gpioPinctrlReg                                   
200078f8  gpioReadReg                                      
200078fc  gpioToggleReg                                    
20007900  gpioWriteReg                                     
20007904  hsAdcControlReg                                  
20007908  hsAdcSamplesReg                                  
2000790c  hsadcTimerHandle                                 
20007910  i2cControlReg                                    
20007914  i2cReadDataReg                                   
20007918  i2cTransferConfigReg                             
2000791c  i2cWriteDataReg                                  
20007920  l2capChannels                                    
20007924  l2capPsm                                         
20007928  linkDB                                           
2000792c  llECCCurveParams                                 
20007930  operationResult                                  
20007934  osal_last_timestamp                              
20007938  osal_max_msecs                                   
2000793c  osal_qHead                                       
20007940  osal_syncHandle                                  
20007944  osal_tickperiod                                  
20007948  pNextAdvSet                                      
2000794c  pRfPathComp                                      
20007950  resolvingList                                    
20007954  rfHandle                                         
20007958  rngHandle                                        
2000795c  spiControlReg                                    
20007960  spiReadDataReg                                   
20007964  spiWriteDataReg                                  
20007968  taskEndAction                                    
2000796c  tasksEvents                                      
20007970  timerHandle                                      
20007974  timerHead                                        
20007978  uartPhyControlReg                                
2000797c  uartReadDataReg                                  
20007980  uartTransferConfigReg                            
20007984  uartTransferControlReg                           
20007988  uartWriteDataReg                                 
2000798c  xspiChipSelectPolarity                           
20007990  xspiTransferSize                                 
20007994  xuartReadSize                                    
20007998  xuartReceiveByteCount                            
2000799c  xuartReceiveTimeout                              
200079a0  xuartWriteSize                                   
200079a4  gAntennasInfo                                    
200079a8  connInitialMaxTxTime                             
200079aa  connInitialMaxTxTimeCoded                        
200079ac  connInitialMaxTxTimeUncoded                      
200079ae  maximumPduSize                                   
200079b0  pwrmgr_attribute                                 
200079b2  spiTransferWordU16                               
200079b4  supportedMaxRxOctets                             
200079b6  supportedMaxRxTime                               
200079b8  supportedMaxTxOctets                             
200079ba  supportedMaxTxTime                               
200079bc  LL_TaskID                                        
200079bd  NVOCMP_size                                      
200079be  adcNoiseHandlerState                             
200079bf  aeCurAdvEnableHandle                             
200079c0  aeCurConnHandle                                  
200079c1  aeCurHandle                                      
200079c2  alSize                                           
200079c3  defaultPhy                                       
200079c4  extInitIndex                                     
200079c5  extScanIndex                                     
200079c6  fastTxRespTime                                   
200079c7  gAction                                          
200079c8  gCurTxPowerVal                                   
200079c9  gapDeviceAddrMode                                
200079ca  gapTaskID                                        
200079cb  gattNumConns                                     
200079cc  gattTaskID                                       
200079cd  hciGapTaskID                                     
200079ce  hciL2capTaskID                                   
200079cf  hciSmpTaskID                                     
200079d0  hciTaskID                                        
200079d1  hciTestTaskID                                    
200079d2  hciVsEvtMask                                     
200079d3  icall_liteTaskId                                 
200079d4  l2capNumChannels                                 
200079d5  l2capTaskID                                      
200079d6  l2cap_gattServAppTaskID                          
200079d7  linkDBNumConns                                   
200079d8  llCryptoMode                                     
200079d9  llECDHMode                                       
200079da  llState                                          
200079db  maxNumConns                                      
200079dc  maxNumTxDataBufs                                 
200079dd  maxTxPwrForDTM                                   
200079de  numActiveAdvSets                                 
200079df  numComplPkts                                     
200079e0  numComplPktsFlush                                
200079e1  numComplPktsLimit                                
200079e2  numTxDataBufs                                    
200079e3  onePktPerEvt                                     
200079e4  osal_entity                                      
200079e5  peripheralAdvHandles                             
200079e6  rlSize                                           
200079e7  rs485RxByte                                      
200079e8  rxFifoFlowCtrl                                   
200079e9  secondaryAdvChannelMapPopCount                   
200079ea  slOverride                                       
200079eb  smGenerateDHKeyStatus                            
200079ec  smReadLocalP256PublicKeyStatus                   
200079ed  smTaskID                                         
20007b80  sscpBleHandle                                    
20007cb8  sscpSerialHandle                                 
200080e8  gapAttrTbl                                       
200082c6  devInfoHardwareRev                               
2000831a  smExpectAppKeysInd                               
2000831b  SM_appTaskID                                     
200084b4  HwiP_swiPIntNum                                  
200084d0  dacTestModeEnable                                
200084e8  dacVoltage                                       
200084f8  dacSingleEndedOutputGain                         
20008518  dacSingleEndedOutputOffset                       
20008538  gpioPinConfigs                                   
200085a0  gapBond_removeLRUBond                            
200085a1  gapBond_syncRL                                   
200085bc  gapBondStateNodeHead                             
200085c0  gapBond_lruBondList                              
200085d0  clientCbs                                        
200085e4  gapBond_remoteOobData                            
200087b4  pairMode                                         
200087b5  mitm                                             
200087b6  ioCap                                            
200087b7  bonding                                          
200087b8  secureConnection                                 
200087b9  authenPairingOnly                                
200087ba  autoSyncAL                                       
200087bb  eccReGenPolicy                                   
200087bc  KeySize                                          
200087bd  removeLRUBond                                    
200087be  KeyDistList                                      
200087bf  eccDebugKeys                                     
200087c0  allowDebugKeys                                   
200087c1  eraseBondWhileInConn                             
200087c2  sameIrkAction                                    
200087c3  advData1                                         
200087ca  scanResData1                                     
200087e4  advParams1                                       
20008800  llUserConfig                                     
2000888c  sm_eccKeys_sc_host_debug                         
200088cc  ctrlToHostEnable                                 
200088ce  numHostBufs                                      
200088d0  centAddrRes                                      
200088d1  resolvablePrivateAddressOnly                     
200088d2  appearance                                       
200088d8  periConnParameters                               
200088e0  deviceName                                       
2000898a  gapAppTaskID                                     
2000898b  gapEndAppTaskID                                  
2000898c  linkParam                                        
20008990  rxDataQ                                          
200089b4  appMainPeriCentParams                            
200089bc  appMainParams                                    
200089dc  eccParams_NISTP256                               
20008a00  gapProfileRole                                   
20008a01  gapConfig_IRK                                    
20008a11  gapConfig_SRK                                    
20008a21  ADCLPF3_adcExternalReferenceUsageCount           
20008a22  ADCLPF3_adcInstanceCount                         
20008a24  dacTestMode_channelCode                          
20008a44  enckey                                           
20008a64  attDeviceName                                    
20008a84  gapParameters                                    
20008ab1  SSCP_bleRequestPacket                            
20008ac1  SSCP_deviceIdUUID                                
20008ac6  rclTemperatureThreshold                          
20008ae0  hciEvtMaskLe                                     
20008ae8  hciEvtMaskPage1                                  
20008af0  hciEvtMaskPage2                                  
20008af8  connectionConnHandler                            
20008b04  connectionHciGAPHandler                          
20008b10  pairingPasscodeHandler                           
20008b1c  PairingPairStateHandler                          
20008b28  peripheralConnHandler                            
20008b34  peripheralAdvHandler                             
20008b54  randomAddressConfigured                          
20008b58  defaultChannelMap                                
20008b60  secondaryAdvChannelMap                           
20008bba  SSCP_deviceSerialNumberUUID                      
20008bcc  maxSupportedAdvSets                              
20008bcd  aePeripheralSCA                                  
20008bd0  advSetList                                       
20008bd4  extScanInfo                                      
20008bd8  extInitInfo                                      
20008be0  osal_eventloop_hook                              
20008be4  osal_icallMsg_hook                               
20008bec  BLEAppUtilLocal_GeneralParams                    
20008bf0  BLEAppUtilLocal_PeriCentParams                   
20008bf4  BLEAppUtil_bondMgrCBs                            
20008bfc  uartHandle                                       
20008c00  i2cHandle                                        
20008c04  xuartReceiveTimeoutStatus                        
20008c08  xi2cTransferTimeout                              
20008c1c  hsadc_currentSampleCount                         
20008c20  hsadc_targetSampleCount                          
20008c24  hsadc_currentChannel                             
20008c28  hsadc_dualChannelMode                            
20008c30  oadConnHandler                                   
20008c6c  eccCryptoKey                                     
20008c7c  encCryptoKey                                     
20008c9c  gapBondParams                                    
20008cac  pPairingParams                                   
20008cb0  pfnResponderCBs                                  
20008cb4  pfnInitiatorCBs                                  
20008cb8  alTable                                          
20008cbc  alTableScan                                      
20008cc0  gDenyList                                        
20008cd0  ICall_enterCriticalSection                       
20008cd4  ICall_leaveCriticalSection                       
20008cd8  ICall_dispatcher                                 
20008cdc  halSchedFsmCb                                    
20008ce0  halDispatchFsmCb                                 
20008ce4  halCommandFsmCb                                  
20008ce8  bleAppServiceInfoTable                           
20008cf4  dataGATTHandler                                  
20008d00  hciEvtMask                                       
20008d38  terminateReason                                  
20008d3a  gParamUpdateConnHandle                           
20008d3c  pAuthLink                                        
20008d58  assertSubcause                                   
20008d59  legacyMode                                       
20008d5c  halAssertCback                                   
20008d60  bm_preReleaseBuffCB                              
20008d68  OSAL_timeSeconds                                 
20008d70  fXtalInv                                         
20008d78  rclHandles                                       
20008d80  user0Cfg                                         
20008d88  l2capNumDataPkts                                 
20008d89  flowCtrlTaskId                                   
20008d8a  flowCtrlFwdTaskId                                
20008d8b  l2capNumPSM                                      
20008d8c  l2capNumCoChannels                               
20008d8d  l2capUserConfig                                  
20008d8f  pRandomAddress                                   
20008d96  defaultTxPowerDbm                                
20008d98  bleUserCfg_maxPduSize                            
20008d9e  SSCP_requestPacketUUID                           
20008da0  BLEAppUtilEventHandlersHead                      
20008da8  RNGLPF3RF_noiseConditioningKeyWord0              
20008dac  RNGLPF3RF_noiseConditioningKeyWord1              
20008db0  RNGLPF3RF_noiseConditioningKeyWord2              
20008db4  RNGLPF3RF_noiseConditioningKeyWord3              
20008db8  RemoteTask                                       
20008dc0  appAssertCback                                   
20008dc4  attClientNotifyTxCB                              
20008dc8  attServerNotifyTxCB                              
20008dcc  enckeyLen                                        
20008dd4  ggs_AppCBs                                       
20008dd8  i2cTransferStatus                                
20008ddc  linkCmd                                          
20008de0  llSystemStatus                                   
20008de4  localPrivKeyMaterialLen                          
20008de8  pAdvDataEntry                                    
20008dec  pGapPeripheralConnCBs                            
20008df4  pSmResponderCBs                                  
20008df8  pfnBMAlloc                                       
20008dfc  pfnBMFree                                        
20008e00  pfnBondMgrCBs                                    
20008e04  pfnCentralConnCBs                                
20008e08  pfnPeripheralConnCBs                             
20008e0c  pxCurrentTCB                                     
20008e1c  spiHandle                                        
20008e20  txDataQ                                          
20008e28  xdacRet                                          
20008e2c  xspiStatus                                       
20008e30  xuartReadWriteInterval                           
20008e34  SSCP_responsePacketUUID                          
20008e36  baseTaskID                                       
20008e38  devInfo11073CertUUID                             
20008e3a  devInfoFirmwareRevUUID                           
20008e3c  devInfoHardwareRevUUID                           
20008e3e  devInfoMfrNameUUID                               
20008e40  devInfoModelNumberUUID                           
20008e42  devInfoPnpIdUUID                                 
20008e44  devInfoSerialNumberUUID                          
20008e46  devInfoServUUID                                  
20008e48  devInfoSoftwareRevUUID                           
20008e4a  devInfoSystemIdUUID                              
20008e4c  disconnectImmedConnId                            
20008e4e  l2capMtuSize                                     
20008e52  llUserConfig_maxPduSize                          
20008e54  maxExtAdvDataLen                                 
20008e56  simpleGattProfile_ServUUID                       
20008e58  simpleGattProfile_char1UUID                      
20008e5a  simpleGattProfile_char2UUID                      
20008e5c  simpleGattProfile_char3UUID                      
20008e5e  simpleGattProfile_char4UUID                      
20008e60  simpleGattProfile_char5UUID                      
20008e62  smRspWaitingConnHandle                           
20008e66  appTaskID                                        
20008e67  appearanceCharProps                              
20008e68  att_sendRspOnly                                  
20008e69  centAddrResCharProps                             
20008e6a  channel2usage                                    
20008e74  deviceNameCharProps                              
20008e75  extScanChanMap                                   
20008e76  gapState                                         
20008e77  gapUnwantedTaskID                                
20008e79  hciPTMenabled                                    
20008e84  l2capFlowCtrlMode                                
20008e85  l2capId                                          
20008e86  linkDB_secureConnectionOnlyMode                  
20008e89  periConnParamCharProps                           
20008e8a  pwrmgr_initialized                               
20008e8b  qosDefaultPriorityAdvParameter                   
20008e8c  qosDefaultPriorityConnParameter                  
20008e8d  rclPbeGpoMask                                    
20008e8f  resolvablePrivateAddressOnlyCharProps            
20008e97  smAllowDebugKeysMode                             
20008e98  smAppProcessLTKRequest                           
20008e99  smAuthenPairingOnlyMode                          
4e020000  ccfg                                             
4e020000  ti_utils_build_GenMap_sym_CRC_CCFG_BOOT_CFG_begin
4e02000b  ti_utils_build_GenMap_sym_CRC_CCFG_BOOT_CFG_end  
4e020010  ti_utils_build_GenMap_sym_CRC_CCFG_begin         
4e02074b  ti_utils_build_GenMap_sym_CRC_CCFG_end           
4e0207d0  ti_utils_build_GenMap_sym_CRC_CCFG_DEBUG_begin   
4e0207fb  ti_utils_build_GenMap_sym_CRC_CCFG_DEBUG_end     
90000000  TimestampP_nativeFormat64_copy                   
90000004  TimestampP_nativeFormat32_copy                   
ffffffff  __TI_pprof_out_hndl                              
ffffffff  __TI_prof_data_size                              
ffffffff  __TI_prof_data_start                             
ffffffff  __binit__                                        
ffffffff  binit                                            
UNDEFED   RCL_Debug_assertProxy                            
UNDEFED   RCL_Profiling_eventHook                          
UNDEFED   __mpu_init                                       
UNDEFED   _system_post_cinit                               

[2514 symbols]
