******************************************************************************
            TI ARM Clang Linker PC v4.0.4                      
******************************************************************************
>> Linked Fri Apr 10 01:58:04 2026

OUTPUT FILE NAME:   <basic_persistent_LP_EM_CC2340R5_freertos_ticlang.out>
ENTRY POINT SYMBOL: "resetISR"  address: 0002cd81


MEMORY CONFIGURATION

         name            origin    length      used     unused   attr    fill
----------------------  --------  ---------  --------  --------  ----  --------
  MCUBOOT_SLOT          00000000   00006000  00000000  00006000  R  X
  PERSISTENT_HDR_SLOT   00006000   00000100  00000000  00000100  R  X
  PERSISTENT_SLOT       00006100   0002bf00  0002b7ee  00000712  R  X
  APP_HDR_SLOT          00032000   00000100  00000000  00000100  R  X
  APP_SLOT              00032100   0004af00  00000000  0004af00  R  X
  NVS_SLOT              0007d000   00003000  00003000  00000000  R  X
  SRAM                  20000000   00009000  0000768e  00001972  RW X
  S2RRAM                40098000   00001000  00000000  00001000  RW  
  CCFG                  4e020000   00000800  00000800  00000000  R   
  LOG_DATA              90000000   00040000  00000000  00040000  R   
  LOG_PTR               94000008   00040000  00000000  00040000  R   


SEGMENT ALLOCATION MAP

run origin  load origin   length   init length attrs members
----------  ----------- ---------- ----------- ----- -------
00006100    00006100    0002b7f4   0002b7f4    r-x
  00006100    00006100    0000008c   0000008c    r-- .resetVecs
  00006190    00006190    00027cd4   00027cd4    r-x .text
  0002de64    0002de64    00003716   00003716    r-- .rodata
  0003157c    0003157c    00000378   00000378    r-- .cinit
0007d000    0007d000    00003000   00000000    rw-
  0007d000    0007d000    00003000   00000000    rw- .TI.bound:flashBuf0
20000440    20000440    00000020   00000000    rw-
  20000440    20000440    00000010   00000000    rw- .TI.bound:dmaChannel4ControlTableEntry
  20000450    20000450    00000010   00000000    rw- .TI.bound:dmaChannel5ControlTableEntry
20000460    20000460    000071e4   00000000    rw-
  20000460    20000460    0000657e   00000000    rw- .bss
  200069e0    200069e0    00000c64   00000000    rw- .data
20008c00    20008c00    00000400   00000000    rw-
  20008c00    20008c00    00000400   00000000    rw- .stack
4e020000    4e020000    00000800   00000800    r--
  4e020000    4e020000    00000800   00000800    r-- .ccfg


SECTION ALLOCATION MAP

 output                                  attributes/
section   page    origin      length       input sections
--------  ----  ----------  ----------   ----------------
.resetVecs 
*          0    00006100    0000008c     
                  00006100    0000008c     ti_freertos_config.o (.resetVecs)

.text      0    00006190    00027cd4     
                  00006190    00000c78     rcl_cc23x0r5.a : ble5.c.obj (.text.RCL_Handler_BLE5_adv)
                  00006e08    00000aa8     OneLib.a : OneLib_LL_ll_ble.obj (.text.llProcessPeripheralControlPacket)
                  000078b0    00000a54              : OneLib_Host_Profiles_gattservapp.obj (.text.GATTServApp_ProcessEvent)
                  00008304    00000790     StackWrapper.a : StackWrapper_Host_gapbondmgr.obj (.text.GAPBondMgr_ProcessGAPMsg)
                  00008a94    0000061c     OneLib.a : OneLib_Host_GATT_gatt_client.obj (.text.gattClientProcessMsgCB)
                  000090b0    000005a8              : OneLib_LL_ll_peripheral_end_causes.obj (.text.llProcessPeripheralControlProcedures)
                  00009658    000004f8     nvocmp.o (.text.NVOCMP_compactPage)
                  00009b50    000004c8     nvocmp.o (.text.NVOCMP_initNvApi)
                  0000a018    000004ac     rcl_cc23x0r5.a : ble5.c.obj (.text.RCL_Handler_BLE5_conn)
                  0000a4c4    00000410     OneLib.a : OneLib_LL_ll_peripheral_end_causes.obj (.text.llPeripheral_TaskEnd)
                  0000a8d4    00000400              : OneLib_LL_ll_ae.obj (.text.llSetupExtAdvLegacy)
                  0000acd4    000003c0              : OneLib_LL_ll_peripheral_end_causes.obj (.text.llSetupNextPeripheralEvent)
                  0000b094    0000036c     ecc.a : scalarMul.c.obj (.text.SCALARMUL_core)
                  0000b400    0000035c     StackWrapper.a : StackWrapper_Host_gapbondmgr.obj (.text.GAPBondMgr_SetParameter)
                  0000b75c    00000348     OneLib.a : OneLib_LL_ll.obj (.text.LL_ProcessEvent)
                  0000baa4    00000330     ecc.a : scalarMul.c.obj (.text.ATOMICPATTERN)
                  0000bdd4    00000310           : lowlevelapi_m0_gnu.s.obj (.text)
                  0000c0e4    000002f4     rcl_cc23x0r5.a : LRFCC23X0.c.obj (.text.LRF_temperatureCompensateTrim)
                  0000c3d8    000002f4     secure_drivers_cc23x0r5.a : RNGLPF3RF.c.obj (.text.RNGLPF3RF_conditionNoiseToGenerateSeed)
                  0000c6cc    000002f4     OneLib.a : OneLib_LL_ll_scheduler.obj (.text.llSchedulerConnectable)
                  0000c9c0    000002c8     rcl_cc23x0r5.a : LRF.c.obj (.text.LRF_applySettings)
                  0000cc88    000002ac     OneLib.a : OneLib_LL_ll.obj (.text.LE_SetExtAdvParams)
                  0000cf34    000002a4     rcl_cc23x0r5.a : LRFCC23X0.c.obj (.text.LRF_programFrequency)
                  0000d1d8    0000029c     StackWrapper.a : StackWrapper_Host_gapbondmgr.obj (.text.GAPBondMgr_ProcessEvent)
                  0000d474    00000294     OneLib.a : OneLib_LL_ll_common.obj (.text.llSetupCtrlPkt)
                  0000d708    0000028c              : OneLib_LL_ll_common.obj (.text.llAllocConnId)
                  0000d994    0000028c              : OneLib_LL_ll_common.obj (.text.llRealignConn)
                  0000dc20    00000288              : OneLib_LL_ll_common.obj (.text.llProcessPeripheralConnectionCreated)
                  0000dea8    00000260     oad_profile.o (.text.oadStateMachine)
                  0000e108    00000244     OneLib.a : OneLib_LL_ll_isr.obj (.text.llRxEntryDoneEventHandleStateConnection)
                  0000e34c    0000023c              : OneLib_Host_Profiles_gattservapp.obj (.text.GATTServApp_ReadAttr)
                  0000e588    00000228     nvocmp.o (.text.NVOCMP_addItem)
                  0000e7b0    00000220     secure_drivers_cc23x0r5.a : AESCCMLPF3.c.obj (.text.AESCCMLPF3_processSegmentedCBCMAC)
                  0000e9d0    0000020c     rcl_cc23x0r5.a : adc_noise.c.obj (.text.RCL_Handler_ADC_Noise_getNoise)
                  0000ebdc    00000200                    : RCL.c.obj (.text.rclCommandHwi)
                  0000eddc    000001f8     OneLib.a : OneLib_LL_ll.obj (.text.LE_SetExtAdvEnable)
                  0000efd4    000001f4              : OneLib_Host_SM_sm_rsppairing.obj (.text.smResponderSendNextKeyInfo)
                  0000f1c8    000001ec     rcl_cc23x0r5.a : LRFCC23X0.c.obj (.text.LRF_setupRadio)
                  0000f3b4    000001ea     OneLib.a : OneLib_LL_ll_common.obj (.text.llSelectConn)
                  0000f59e    00000002     ti_drivers_config.o (.text.Board_initHook)
                  0000f5a0    000001e4     ecc.a : scalarMul.c.obj (.text.INVERT)
                  0000f784    000001e4     OneLib.a : OneLib_Host_SM_sm_pairing.obj (.text.smSavePairInfo)
                  0000f968    000001d4              : OneLib_LL_ll_scheduler.obj (.text.llFindNextSecTask)
                  0000fb3c    000001d4     ti_freertos_config.o (.text.mq_open)
                  0000fd10    000001c4     secure_drivers_cc23x0r5.a : AESCMACLPF3.c.obj (.text.AESCMACLPF3_startOperation)
                  0000fed4    000001c4     OneLib.a : OneLib_Host_GAP_gap_advertiser.obj (.text.GapAdv_create)
                  00010098    000001a8     secure_drivers_cc23x0r5.a : ECDHLPF3SW.c.obj (.text.ECDH_computeSharedSecret)
                  00010240    000001a8     ecc.a : scalarMul.c.obj (.text.JACADD)
                  000103e8    000001a8     OneLib.a : OneLib_Host_GAP_gap_advertiser.obj (.text.gapAdv_controllerCb)
                  00010590    000001a8              : OneLib_LL_ll_scheduler.obj (.text.llSchedulerSecondaryTasksConn)
                  00010738    000001a4     ecc.a : scalarMul25519.c.obj (.text.X25519_core)
                  000108dc    0000019c     OneLib.a : OneLib_LL_ll_common.obj (.text.llCalcConnMaxTimeLength)
                  00010a78    0000019c              : OneLib_Host_SM_sm_task.obj (.text.smProcessHCIBLEMetaEventCode)
                  00010c14    00000198              : OneLib_LL_ll_adv_end_causes.obj (.text.llExtAdv_PostProcess)
                  00010dac    00000190     StackWrapper.a : StackWrapper_OSAL_osal.obj (.text.osal_run_system)
                  00010f3c    00000188     OneLib.a : OneLib_LL_ll_scheduler.obj (.text.llScheduler)
                  000110c4    00000184     secure_drivers_cc23x0r5.a : AESCCMLPF3.c.obj (.text.AESCCMLPF3_hwiFxn)
                  00011248    00000182                               : AESCCMLPF3.c.obj (.text.AESCCMLPF3_oneStepOperation)
                  000113ca    00000002     app_connection.o (.text.Connection_HciGAPEventHandler)
                  000113cc    00000180     OneLib.a : OneLib_Host_L2CAP_l2cap_task.obj (.text.l2capProcessReq)
                  0001154c    00000180              : OneLib_Host_SM_sm_mgr.obj (.text.sm_f5)
                  000116cc    0000017c     StackWrapper.a : StackWrapper_Host_gapbondmgr.obj (.text.gapBondMgrAuthenticate)
                  00011848    00000178     OneLib.a : OneLib_LL_ll_adv_end_causes.obj (.text.llAdv_TaskConnect)
                  000119c0    00000178              : OneLib_LL_ll_common.obj (.text.llGetNextConn)
                  00011b38    00000178     ti_freertos_config.o (.text.timer_settime)
                  00011cb0    00000174     nvocmp.o (.text.NVOCMP_findItem)
                  00011e24    00000170     OneLib.a : OneLib_Host_GATT_gatt_server.obj (.text.gattServerProcessMsgCB)
                  00011f94    00000168              : OneLib_Host_GAP_gap_advertiser.obj (.text.GapAdv_enable)
                  000120fc    00000168              : OneLib_LL_ll.obj (.text.LL_AddDeviceToResolvingList)
                  00012264    00000164              : OneLib_LL_ll_isr.obj (.text.LL_rclAdvRxEntryDone)
                  000123c8    0000015c              : OneLib_Host_Profiles_gattservapp.obj (.text.gattServApp_ProcessReadByTypeReq)
                  00012524    00000158              : OneLib_LL_ll_common.obj (.text.llConnCleanup)
                  0001267c    00000154              : OneLib_LL_ll.obj (.text.LL_Init)
                  000127d0    00000154     secure_drivers_cc23x0r5.a : RNGLPF3RF.c.obj (.text.RNGLPF3RF_getValidatedNumber)
                  00012924    00000148     StackWrapper.a : StackWrapper_Host_gapbondmgr.obj (.text.gapBondMgrSaveBond)
                  00012a6c    00000146     OneLib.a : OneLib_LL_ll_common.obj (.text.llCombinePDU)
                  00012bb2    00000002     ble_user_config.o (.text.DefaultAssertCback)
                  00012bb4    00000144     OneLib.a : OneLib_Host_GAP_gap_task.obj (.text.gapProcessBLEEvents)
                  00012cf8    00000144     ti_freertos_config.o (.text.prvTimerTask)
                  00012e3c    00000140     drivers_cc23x0r5.a : NVSLPF3.c.obj (.text.NVSLPF3_write)
                  00012f7c    00000140     rcl_cc23x0r5.a : RCL.c.obj (.text.rclStop)
                  000130bc    00000138                    : RCL_Scheduler.c.obj (.text.rclSchedulerProcessCmdStartStopTime)
                  000131f4    00000134     ecc.a : ECCSW.c.obj (.text.ECCSW_validatePublicKeyWeierstrass)
                  00013328    00000134     OneLib.a : OneLib_LL_ll.obj (.text.LL_Reset)
                  0001345c    00000130              : OneLib_LL_ll_scheduler.obj (.text.llCheckIsSecTaskCollideWithPrimTaskInLsto)
                  0001358c    00000130              : OneLib_Host_SM_sm_mgr.obj (.text.sm_CMAC)
                  000136bc    0000012c              : OneLib_Host_L2CAP_l2cap_task.obj (.text.l2capProcessRsp)
                  000137e8    00000128     StackWrapper.a : StackWrapper_Host_gapbondmgr.obj (.text.gapBondMgrEraseBonding)
                  00013910    00000128     ti_freertos_config.o (.text.xQueueSemaphoreTake)
                  00013a38    00000124     OneLib.a : OneLib_LL_ll_scheduler.obj (.text.llExtAdvSchedSetup)
                  00013b5c    00000124              : OneLib_Host_SM_sm_rsppairing.obj (.text.smResponderProcessLTKReq)
                  00013c80    00000120     secure_drivers_cc23x0r5.a : ECDHLPF3SW.c.obj (.text.ECDH_generatePublicKey)
                  00013da0    00000120     StackWrapper.a : StackWrapper_OSAL_osal_timers.obj (.text.osalTimerUpdate)
                  00013ec0    0000011c     OneLib.a : OneLib_HCI_hci_event.obj (.text.LL_EnhancedConnectionCompleteCback)
                  00013fdc    0000011c              : OneLib_LL_ll_scheduler.obj (.text.llFindStartType)
                  000140f8    0000011c              : OneLib_LL_ll_isr.obj (.text.llLastCmdDoneEventHandleConnectRequest)
                  00014214    00000118              : OneLib_LL_ll.obj (.text.LL_ConnUpdate)
                  0001432c    00000116     icall_POSIX.o (.text.ICall_waitMatch)
                  00014442    00000002     secure_drivers_cc23x0r5.a : ECDHLPF3SW.c.obj (.text.ECDH_init)
                  00014444    00000114     OneLib.a : OneLib_LL_ll_ae.obj (.text.llFindNextAdvSet)
                  00014558    00000110              : OneLib_Host_SM_sm_rsppairing.obj (.text.smpResponderProcessPairingRandom)
                  00014668    0000010e     secure_drivers_cc23x0r5.a : AESCTRDRBGXX.c.obj (.text.AESCTRDRBG_getRandomBytes)
                  00014776    00000002     rom_init.o (.text.MAP_Handover_ApplyCnData)
                  00014778    0000010c     rcl_cc23x0r5.a : ble5.c.obj (.text.RCL_Handler_BLE5_updateTxBuffers)
                  00014884    0000010c     oad_profile.o (.text.oadInvokeFromFWContextOAD)
                  00014990    00000108     OneLib.a : OneLib_LL_ll_al.obj (.text.AL_AddEntry)
                  00014a98    00000108              : OneLib_Host_GAP_gap_linkmgr.obj (.text.gapPairingCompleteCB)
                  00014ba0    00000108     ti_freertos_config.o (.text.prvAddNewTaskToReadyList)
                  00014ca8    00000104     rcl_cc23x0r5.a : ble5.c.obj (.text.RCL_Handler_BLE5_getAuxPtrFromTxBuffer)
                  00014dac    00000104     ecc.a : scalarMul.c.obj (.text.SCALARMUL_init)
                  00014eb0    00000104     OneLib.a : OneLib_Host_SM_sm_mgr.obj (.text.sm_f6)
                  00014fb4    00000100     secure_drivers_cc23x0r5.a : AESCTRDRBGXX.c.obj (.text.AESCTRDRBG_reseed)
                  000150b4    00000100     OneLib.a : OneLib_Host_GATT_gatt_server.obj (.text.gattProcessFindInfoReq)
                  000151b4    00000100     rcl_cc23x0r5.a : RCL.c.obj (.text.rclSchedulerHwi)
                  000152b4    000000fc     secure_drivers_cc23x0r5.a : AESCTRDRBGXX.c.obj (.text.AESCTRDRBG_construct)
                  000153b0    000000fc     OneLib.a : OneLib_LL_ll_privacy.obj (.text.LL_PRIV_ValidatePrivacyCompliance)
                  000154ac    000000fc              : OneLib_LL_ll_common.obj (.text.llProcessAdvAddrResolutionTimeout)
                  000155a8    000000f8     drivers_cc23x0r5.a : PowerCC23X0.c.obj (.text.PowerCC23X0_oscillatorISR)
                  000156a0    000000f8     ti_freertos_config.o (.text.xTaskIncrementTick)
                  00015798    000000f4     OneLib.a : OneLib_Host_GAP_gap_advertiser.obj (.text.GapAdv_loadByHandle)
                  0001588c    000000f4              : OneLib_LL_ll_ae.obj (.text.LE_AE_SetData)
                  00015980    000000f4     ti_freertos_config.o (.text.PowerCC23X0_standbyPolicy)
                  00015a74    000000f4     StackWrapper.a : StackWrapper_Host_gapbondmgr.obj (.text.gapBondMgrUpdateCharCfg)
                  00015b68    000000f4     OneLib.a : OneLib_Host_SM_sm_rsppairing.obj (.text.smpResponderProcessIncoming)
                  00015c5c    000000f0     nvocmp.o (.text.NVOCMP_cleanPage)
                  00015d4c    000000f0     ecc.a : scalarMul.c.obj (.text.SCALARMUL_final)
                  00015e3c    000000f0     OneLib.a : OneLib_Host_SM_sm_mgr.obj (.text.SM_VerifyAuthenSig)
                  00015f2c    000000f0              : OneLib_Host_SM_sm_mgr.obj (.text.sm_c1new)
                  0001601c    000000f0     ti_freertos_config.o (.text.xTaskResumeAll)
                  0001610c    000000ec     secure_drivers_cc23x0r5.a : AESCCMLPF3.c.obj (.text.AESCCMLPF3_processOneStepCBCMACPolling)
                  000161f8    000000ec     drivers_cc23x0r5.a : PowerCC23X0.c.obj (.text.Power_init)
                  000162e4    000000ec     rcl_cc23x0r5.a : ble5.c.obj (.text.RCL_Handler_BLE5_updateAuxPtr)
                  000163d0    000000ec     OneLib.a : OneLib_LL_ll_common.obj (.text.llConnExists)
                  000164bc    000000ec              : OneLib_Host_SM_sm_pairing.obj (.text.sm_c1)
                  000165a8    000000e8              : OneLib_Host_ATT_att_util.obj (.text.attSendMsg)
                  00016690    000000e8              : OneLib_LL_ll_ae.obj (.text.llAddAdvSortedEntry)
                  00016778    000000e8              : OneLib_Host_GAP_gap_linkmgr.obj (.text.sendAuthEvent)
                  00016860    000000e8     ti_freertos_config.o (.text.xQueueGenericSend)
                  00016948    000000e4     bleapputil_task.o (.text.BLEAppUtil_Task)
                  00016a2c    000000e4     bleapputil_process.o (.text.BLEAppUtil_convertGAPEvents)
                  00016b10    000000e4     OneLib.a : OneLib_Host_GATT_gatt_task.obj (.text.GATT_ProcessEvent)
                  00016bf4    000000e4              : OneLib_Host_SM_sm_pairing.obj (.text.SM_PasskeyUpdate)
                  00016cd8    000000e4              : OneLib_Host_Profiles_gapgattserver.obj (.text.ggs_ReadAttrCB)
                  00016dbc    000000e4              : OneLib_LL_ll_common.obj (.text.llSetupConnCmd)
                  00016ea0    000000e4     ecc.a : lowlevelapi.c.obj (.text.mSET)
                  00016f84    000000e4     ti_freertos_config.o (.text.xQueueReceive)
                  00017068    000000e0     OneLib.a : OneLib_LL_ll.obj (.text.LL_TxData)
                  00017148    000000e0              : OneLib_LL_ll_data.obj (.text.llDynamicAlloc_connectable)
                  00017228    000000e0              : OneLib_Host_SM_sm_mgr.obj (.text.sm_f4)
                  00017308    000000e0              : OneLib_Host_SM_sm_mgr.obj (.text.sm_g2)
                  000173e8    000000dc              : OneLib_Host_GATT_gatt_server.obj (.text.GATT_SendRsp)
                  000174c4    000000dc              : OneLib_LL_ll_common.obj (.text.llPeriSetupConnWindow)
                  000175a0    000000d8     drivers_cc23x0r5.a : GPIOLPF3.c.obj (.text.GPIO_init)
                  00017678    000000d8     OneLib.a : OneLib_Host_Profiles_gattservapp.obj (.text.gattServApp_HandleConnStatusCB)
                  00017750    000000d8              : OneLib_LL_ll_scheduler.obj (.text.llAllocTask)
                  00017828    000000d8              : OneLib_LL_ll_common.obj (.text.llSendConnEvtCallback)
                  00017900    000000d8     ti_freertos_config.o (.text.pthread_create)
                  000179d8    000000d8     ti_freertos_config.o (.text.pvPortMalloc)
                  00017ab0    000000d8     rcl_cc23x0r5.a : RCL.c.obj (.text.rclDispatchHwi)
                  00017b88    000000d8     ble_user_config.o (.text.setBleUserConfig)
                  00017c60    000000d8     OneLib.a : OneLib_Host_SM_sm_pairing.obj (.text.smProcessDataMsg)
                  00017d38    000000d4     util.o (.text.Util_constructClock)
                  00017e0c    000000d4     OneLib.a : OneLib_LL_ll_data.obj (.text.llDynamicAlloc)
                  00017ee0    000000d0              : OneLib_Host_GATT_gatt_server.obj (.text.GATT_RegisterService)
                  00017fb0    000000d0              : OneLib_Host_Profiles_gapgattserver.obj (.text.ggs_WriteAttrCB)
                  00018080    000000d0              : OneLib_Host_SM_sm_pairing.obj (.text.smGenerateAddrInput)
                  00018150    000000cc     secure_drivers_cc23x0r5.a : AESCTRLPF3.c.obj (.text.AESCTRLPF3_startOperation)
                  0001821c    000000cc     StackWrapper.a : StackWrapper_Host_gapbondmgr.obj (.text.gapBondMgr_FindAddr)
                  000182e8    000000c8     OneLib.a : OneLib_LL_ll_common.obj (.text.llAlignToNextEvent)
                  000183b0    000000c8     ecc.a : lowlevelapi.c.obj (.text.mINVK)
                  00018478    000000c8     OneLib.a : OneLib_Host_SM_sm_rsppairing.obj (.text.smContPublicKeyExchange)
                  00018540    000000c4              : OneLib_Host_GAP_gap_advertiser.obj (.text.gapAdv_init)
                  00018604    000000c0     bleapputil_init.o (.text.BLEAppUtil_initGapBondParams)
                  000186c4    000000c0     OneLib.a : OneLib_LL_crypto_port_simplelink.obj (.text.CryptoP_RNGInit)
                  00018784    000000c0     ti_freertos_config.o (.text.xEventGroupWaitBits)
                  00018844    000000bc     OneLib.a : OneLib_Host_GAP_gap_linkmgr.obj (.text.GAP_Authenticate)
                  00018900    000000bc              : OneLib_Host_GAP_gap_linkmgr.obj (.text.GAP_UpdateLinkParamReqReply)
                  000189bc    000000bc              : OneLib_Host_GAP_gap_linkmgr.obj (.text.gapProcessConnectionCompleteEvt)
                  00018a78    000000bc     StackWrapper.a : StackWrapper_OSAL_osal.obj (.text.osal_set_event)
                  00018b34    000000bc     OneLib.a : OneLib_Host_SM_sm_rsppairing.obj (.text.smpResponderSendPairRspEvent)
                  00018bf0    000000ba     secure_drivers_cc23x0r5.a : AESCMACLPF3.c.obj (.text.AESCMACLPF3_oneStepOperation)
                  00018caa    00000002     rom_init.o (.text.MAP_L2CAP_HandoverInitSN)
                  00018cac    000000b8     rcl_cc23x0r5.a : RCL.c.obj (.text.RCL_scheduleHook)
                  00018d64    000000b6     secure_drivers_cc23x0r5.a : AESCTRLPF3.c.obj (.text.AESCTRLPF3_oneStepOperation)
                  00018e1a    00000002     rom_init.o (.text.MAP_gapInit_initiatingEnd)
                  00018e1c    000000b4     nvocmp.o (.text.NVOCMP_erase)
                  00018ed0    000000b4     OneLib.a : OneLib_Host_L2CAP_l2cap_util.obj (.text.l2capDisconnectAllChannels)
                  00018f84    000000b4              : OneLib_LL_ll_adv_end_causes.obj (.text.llAdvSetPhyAndTxPowerInConn)
                  00019038    000000b4     ti_freertos_config.o (.text.xTaskRemoveFromEventList)
                  000190ec    000000b2     main_freertos.o (.text.AssertHandler)
                  0001919e    00000002     rom_init.o (.text.MAP_gapInit_sendConnCancelledEvt)
                  000191a0    000000b0     StackWrapper.a : StackWrapper_Host_gapbondmgr.obj (.text.GAPBondMgr_Init)
                  00019250    000000b0     OneLib.a : OneLib_Host_L2CAP_l2cap_task.obj (.text.L2CAP_Init)
                  00019300    000000b0              : OneLib_Host_SM_sm_mgr.obj (.text.SM_GenerateAuthenSig)
                  000193b0    000000b0              : OneLib_LL_ll_data.obj (.text.llDynamicFree)
                  00019460    000000ac              : OneLib_Host_GATT_gatt_server.obj (.text.GATT_Indication)
                  0001950c    000000ac     oad_service.o (.text.OadWriteAttrCB)
                  000195b8    000000ac     OneLib.a : OneLib_Host_SM_sm_task.obj (.text.SM_ProcessEvent)
                  00019664    000000ac     StackWrapper.a : StackWrapper_Host_gapbondmgr.obj (.text.gapBondMgrEraseLocalInfo)
                  00019710    000000ac                    : StackWrapper_Host_gapbondmgr.obj (.text.gapBondMgr_syncResolvingList)
                  000197bc    000000ac     OneLib.a : OneLib_Host_GAP_gap_task.obj (.text.gapProcessHCICmdCompleteEvt)
                  00019868    000000ac              : OneLib_Host_SM_sm_mgr.obj (.text.generate_subkey)
                  00019914    000000ac              : OneLib_LL_ll_common.obj (.text.llFindNextConn)
                  000199c0    000000a8     secure_drivers_cc23x0r5.a : AESECBLPF3.c.obj (.text.AESECBLPF3_startOperation)
                  00019a68    000000a8     OneLib.a : OneLib_LL_ll.obj (.text.LL_EXT_GetConnInfo)
                  00019b10    000000a8              : OneLib_HCI_hci_data.obj (.text.LL_RxDataCompleteCback)
                  00019bb8    000000a8              : OneLib_Host_GAP_linkdb.obj (.text.linkDB_Add)
                  00019c60    000000a8              : OneLib_LL_ll_scheduler.obj (.text.llScheduleTask)
                  00019d08    000000a4     secure_drivers_cc23x0r5.a : AESCCMLPF3.c.obj (.text.AESCCMLPF3_processSegmentedCTR)
                  00019dac    000000a4     OneLib.a : OneLib_LL_ll_ae.obj (.text.LL_GetAdvSet)
                  00019e50    000000a4     drivers_cc23x0r5.a : PowerCC23X0.c.obj (.text.PowerCC23X0_lfxtQual)
                  00019ef4    000000a4                        : PowerCC23X0.c.obj (.text.PowerLPF3_sleep)
                  00019f98    000000a4     StackWrapper.a : StackWrapper_Host_gapbondmgr.obj (.text.gapBondStateStartSecurity)
                  0001a03c    000000a4     OneLib.a : OneLib_Host_L2CAP_l2cap_util.obj (.text.l2capAllocChannel)
                  0001a0e0    000000a4              : OneLib_Host_SM_sm_pairing.obj (.text.smF5Wrapper)
                  0001a184    000000a4              : OneLib_Host_SM_sm_pairing.obj (.text.smProcessEncryptChange)
                  0001a228    000000a2              : OneLib_Host_GATT_gatt_server.obj (.text.GATT_VerifyWritePermissions)
                  0001a2ca    00000002     rom_init.o (.text.MAP_gapScan_processSessionEndEvt)
                  0001a2cc    000000a2     libclang_rt.builtins.a : udivmoddi4.S.obj (.text)
                  0001a36e    00000002     rom_init.o (.text.MAP_gap_CentConnRegister)
                  0001a370    000000a0     OneLib.a : OneLib_Host_GATT_gatt_client.obj (.text.GATT_InitClient)
                  0001a410    000000a0     oad_service.o (.text.OADService_setParameter)
                  0001a4b0    000000a0     StackWrapper.a : StackWrapper_OSAL_osal_bufmgr.obj (.text.osal_bm_free)
                  0001a550    000000a0     rcl_cc23x0r5.a : RCL_Scheduler.c.obj (.text.rclSchedulerCancelStopTime)
                  0001a5f0    0000009c     OneLib.a : OneLib_LL_crypto_port_simplelink.obj (.text.CryptoP_AESInit)
                  0001a68c    0000009c              : OneLib_Host_GAP_gap_linkmgr.obj (.text.GAP_Bond)
                  0001a728    0000009c     rcl_cc23x0r5.a : LRF.c.obj (.text.LRF_TxPowerTable_findValue)
                  0001a7c4    0000009c     StackWrapper.a : StackWrapper_OSAL_osal_cbtimer.obj (.text.cbTimerSetup)
                  0001a860    0000009c     drivers_cc23x0r5.a : NVSLPF3.c.obj (.text.doErase)
                  0001a8fc    0000009c     OneLib.a : OneLib_LL_ll_common.obj (.text.llInitFeatureSet)
                  0001a998    0000009c              : OneLib_Host_SM_sm_pairing.obj (.text.smGetECCKeys)
                  0001aa34    00000098     StackWrapper.a : StackWrapper_Host_gap.obj (.text.GAP_DeviceInit)
                  0001aacc    00000098     rcl_cc23x0r5.a : RCL_Buffer.c.obj (.text.RCL_MultiBuffer_RxEntry_next)
                  0001ab64    00000098     OneLib.a : OneLib_Host_Profiles_gattservapp.obj (.text.gattServApp_SetNumPrepareWrites)
                  0001abfc    00000098              : OneLib_LL_ll_scheduler.obj (.text.llFreeTask)
                  0001ac94    00000098              : OneLib_LL_ll_common.obj (.text.llProcessTxData)
                  0001ad2c    00000094              : OneLib_Host_Profiles_gattservapp.obj (.text.GATTServApp_Init)
                  0001adc0    00000094              : OneLib_HCI_hci_event.obj (.text.HCI_CommandCompleteEvent)
                  0001ae54    00000094     icall_POSIX.o (.text.ICall_send)
                  0001aee8    00000094     drivers_cc23x0r5.a : NVSLPF3.c.obj (.text.NVSLPF3_open)
                  0001af7c    00000094     rcl_cc23x0r5.a : RCL_Scheduler.c.obj (.text.RCL_Scheduler_setStopTimes)
                  0001b010    00000094     OneLib.a : OneLib_Host_SM_sm_pairing.obj (.text.SM_StartPairing)
                  0001b0a4    00000094     ecc.a : scalarMul.c.obj (.text.SQUAREMULTIPLYWORD)
                  0001b138    00000094     ti_freertos_config.o (.text.clock_gettime)
                  0001b1cc    00000094     OneLib.a : OneLib_LL_ll_common.obj (.text.llReleaseConnId)
                  0001b260    00000092              : OneLib_LL_ll_common.obj (.text.llApplyParamUpdate)
                  0001b2f2    00000092              : OneLib_LL_ll_common.obj (.text.llValidateConnParams)
                  0001b384    0000000c     secure_drivers_cc23x0r5.a : AESCMAC.c.obj (.text.AESCMAC_Operation_init)
                  0001b390    00000092     driverlib.a : aes_ticlang.s.obj (.text)
                  0001b422    00000002     rom_init.o (.text.MAP_l2capDisconnectChannel)
                  0001b424    00000090     secure_drivers_cc23x0r5.a : AESCMACLPF3.c.obj (.text.AESCMACLPF3_getResult)
                  0001b4b4    00000090     OneLib.a : OneLib_Host_L2CAP_l2cap_if.obj (.text.L2CAP_SendData)
                  0001b544    00000090              : OneLib_LL_ll.obj (.text.LE_SetExtAdvParamsAdvConn)
                  0001b5d4    00000090     rcl_cc23x0r5.a : RCL_Buffer.c.obj (.text.RCL_MultiBuffer_RxEntry_get)
                  0001b664    00000090     OneLib.a : OneLib_Host_Profiles_gattservapp.obj (.text.gattServApp_EnqueueReTx)
                  0001b6f4    00000090              : OneLib_Host_L2CAP_l2cap_util.obj (.text.l2capEncapSendData)
                  0001b784    00000090              : OneLib_Host_L2CAP_l2cap_util.obj (.text.l2capSendReq)
                  0001b814    00000090              : OneLib_LL_ll_scheduler.obj (.text.llLinkSchedSetup)
                  0001b8a4    00000090              : OneLib_LL_ll_ble.obj (.text.llManageControlPacketQueue)
                  0001b934    00000090              : OneLib_LL_ll_common.obj (.text.llRclUpdateFilterList)
                  0001b9c4    00000090     StackWrapper.a : StackWrapper_OSAL_osal_cbtimer.obj (.text.osal_CbTimerProcessEvent)
                  0001ba54    00000090     ti_freertos_config.o (.text.vTaskDelete)
                  0001bae4    00000090     ti_freertos_config.o (.text.vTaskRemoveFromUnorderedEventList)
                  0001bb74    00000090     ti_freertos_config.o (.text.vTaskSuspend)
                  0001bc04    00000090     ti_freertos_config.o (.text.xQueueGenericReset)
                  0001bc94    00000090     ecc.a : lowlevelapi.c.obj (.text.zSUB)
                  0001bd24    0000008c     OneLib.a : OneLib_Host_Profiles_gattservapp.obj (.text.GATTServApp_WriteAttr)
                  0001bdb0    0000008c              : OneLib_Host_GATT_gatt_server.obj (.text.GATT_FindNextAttr)
                  0001be3c    0000008c     oad_profile.o (.text.OADProfile_start)
                  0001bec8    0000008c     OneLib.a : OneLib_Host_GATT_gatt_client.obj (.text.gattClientHandleConnStatusCB)
                  0001bf54    0000008c              : OneLib_Host_GATT_gatt_server.obj (.text.gattServerHandleConnStatusCB)
                  0001bfe0    0000008c     StackWrapper.a : StackWrapper_OSAL_osal.obj (.text.osal_msg_enqueue_push)
                  0001c06c    0000008c     OneLib.a : OneLib_Host_SM_sm_pairing.obj (.text.smUpdateEncInfo)
                  0001c0f8    0000008c     ti_freertos_config.o (.text.timer_create)
                  0001c184    0000008c     ti_freertos_config.o (.text.xTaskPriorityInherit)
                  0001c210    00000088     secure_drivers_cc23x0r5.a : AESCTRLPF3.c.obj (.text.AESCTRLPF3_processData)
                  0001c298    00000088     OneLib.a : OneLib_Host_GATT_gatt_task.obj (.text.GATT_bm_alloc)
                  0001c320    00000088     nvocmp.o (.text.NVOCMP_getDstPage)
                  0001c3a8    00000088     rcl_cc23x0r5.a : RCL_AdcNoise.c.obj (.text.RCL_AdcNoise_get_samples_blocking)
                  0001c430    00000088     StackWrapper.a : StackWrapper_Host_gapbondmgr.obj (.text.gapBondMgr_ServiceChangeInd)
                  0001c4b8    00000088                    : StackWrapper_ICallBLE_ble_dispatch_lite.obj (.text.icall_liteTranslation)
                  0001c540    00000088     OneLib.a : OneLib_Host_L2CAP_l2cap_task.obj (.text.l2capProcessSignal)
                  0001c5c8    00000088              : OneLib_LL_ll_common.obj (.text.llCBTimer_AptoExpiredCback)
                  0001c650    00000088              : OneLib_LL_ll_common.obj (.text.llVerifyConnParamReqParams)
                  0001c6d8    00000088              : OneLib_Host_SM_sm_rsppairing.obj (.text.smpResponderProcessPairingConfirm)
                  0001c760    00000088     libc.a : strcmp-armv6m.S.obj (.text:strcmp)
                  0001c7e8    00000086     OneLib.a : OneLib_LL_ll.obj (.text.LL_RemoteConnParamReqReply)
                  0001c86e    00000086              : OneLib_LL_ll_common.obj (.text.llWriteTxData)
                  0001c8f4    00000086              : OneLib_Host_SMP_smp.obj (.text.smpParsePairingReq)
                  0001c97a    00000002     rom_init.o (.text.MAP_l2capGetCoChannelInfo)
                  0001c97c    00000084     bleapputil_init.o (.text.BLEAppUtil_initGatt)
                  0001ca00    00000084     OneLib.a : OneLib_Host_L2CAP_l2cap_task.obj (.text.L2CAP_ProcessEvent)
                  0001ca84    00000084              : OneLib_LL_ll_privacy.obj (.text.LL_PRIV_FindPeerInRL)
                  0001cb08    00000084     ti_freertos_config.o (.text._clock_abstime2ticks)
                  0001cb8c    00000084     OneLib.a : OneLib_LL_ll_ae.obj (.text.llFindNextSecCmd)
                  0001cc10    00000084     ti_freertos_config.o (.text.memalign)
                  0001cc94    00000084     rcl_cc23x0r5.a : RCL_Scheduler.c.obj (.text.rclSchedulerSetNewStopTime)
                  0001cd18    00000084     OneLib.a : OneLib_Host_SM_sm_pairing.obj (.text.smGenerateDHKeyCheck)
                  0001cd9c    00000084              : OneLib_Host_SMP_smp.obj (.text.smpBuildPairingReqRsp)
                  0001ce20    00000080     secure_drivers_cc23x0r5.a : AESCTRLPF3.c.obj (.text.AESCTRLPF3_hwiFxn)
                  0001cea0    00000080     OneLib.a : OneLib_LL_crypto_port_simplelink.obj (.text.CryptoP_ECDHGenerateDHKey)
                  0001cf20    00000080              : OneLib_LL_ll.obj (.text.LL_EXT_GetActiveConnInfo)
                  0001cfa0    00000080              : OneLib_Host_Profiles_gattservapp.obj (.text.gattServApp_buildReadByTypeRsp)
                  0001d020    00000080              : OneLib_LL_ll_common.obj (.text.llPeriSetConnChannelParams)
                  0001d0a0    00000080              : OneLib_LL_ll_common.obj (.text.llReplaceCtrlPkt)
                  0001d120    00000080              : OneLib_LL_ll_ble.obj (.text.llReplaceRxBuffers)
                  0001d1a0    00000080     ti_freertos_config.o (.text.prvAddCurrentTaskToDelayedList)
                  0001d220    00000080     ti_freertos_config.o (.text.vTaskSwitchContext)
                  0001d2a0    00000080     ecc.a : lowlevelapi.c.obj (.text.zMACC32)
                  0001d320    0000007e           : scalarMul25519.c.obj (.text.X25519_final)
                  0001d39e    00000002     rom_init.o (.text.MAP_l2capNotifyChannelEstEvt)
                  0001d3a0    0000007c     ti_freertos_config.o (.text.ClockP_startup)
                  0001d41c    0000007c     StackWrapper.a : StackWrapper_Host_gapbondmgr.obj (.text.GAPBondMgr_checkRandomAddr)
                  0001d498    0000007c     OneLib.a : OneLib_Host_Profiles_gattservapp.obj (.text.GATTServApp_RegisterService)
                  0001d514    0000007c              : OneLib_Host_GATT_gatt_server.obj (.text.GATT_Notification)
                  0001d590    0000007c              : OneLib_Host_L2CAP_l2cap_if.obj (.text.L2CAP_ConnParamUpdateReq)
                  0001d60c    0000007c              : OneLib_LL_ll_isr.obj (.text.LL_rclPeripheralCallback)
                  0001d688    0000007c     oad_service.o (.text.OAD_AddService)
                  0001d704    0000007c     StackWrapper.a : StackWrapper_Host_gapbondmgr.obj (.text.gapBondMgr_SyncCharCfg)
                  0001d780    0000007c     OneLib.a : OneLib_Host_GAP_gap_linkmgr.obj (.text.gapProcessDisconnectCompleteEvt)
                  0001d7fc    0000007c              : OneLib_Host_GAP_gap_task.obj (.text.gapProcessOSALMsg)
                  0001d878    0000007c              : OneLib_Host_L2CAP_l2cap_task.obj (.text.l2capProcessRxData)
                  0001d8f4    0000007c     drivers_cc23x0r5.a : TemperatureLPF3.c.obj (.text.temperatureEventCb)
                  0001d970    0000007c     ti_freertos_config.o (.text.xQueueGenericSendFromISR)
                  0001d9ec    0000007c     libc.a : copy_decompress_lzss.c.obj (.text:decompress:lzss)
                  0001da68    0000007a     ecc.a : ECCSW.c.obj (.text.ECCSW_validatePrivateKeyWeierstrass)
                  0001dae2    0000007a     OneLib.a : OneLib_Host_GATT_gatt_client.obj (.text.gattResetClientInfo)
                  0001db5c    0000007a              : OneLib_LL_ll_common.obj (.text.llFragmentPDU)
                  0001dbd6    00000078     secure_drivers_cc23x0r5.a : AESECBLPF3.c.obj (.text.AESECB_oneStepEncrypt)
                  0001dc4e    00000002     rom_init.o (.text.MAP_l2capNotifyChannelTermEvt)
                  0001dc50    00000078     bleapputil_process.o (.text.BLEAppUtil_isStackEventRequired)
                  0001dcc8    00000078     ti_freertos_config.o (.text.ClockP_hwiCallback)
                  0001dd40    00000078     OneLib.a : OneLib_LL_crypto_port_simplelink.obj (.text.CryptoP_ECDHGenerateKeyPair)
                  0001ddb8    00000078              : OneLib_Host_GATT_gatt_server.obj (.text.GATT_ServiceChangedInd)
                  0001de30    00000078     drivers_cc23x0r5.a : GPIOLPF3.c.obj (.text.GPIO_setConfigAndMux)
                  0001dea8    00000078     ti_freertos_config.o (.text.HwiP_construct)
                  0001df20    00000078     icall_POSIX.o (.text.ICall_setTimer)
                  0001df98    00000078     OneLib.a : OneLib_LL_ll_enc.obj (.text.LL_ENC_Decrypt)
                  0001e010    00000078              : OneLib_LL_ll.obj (.text.LL_EXT_SetMaxDataLen)
                  0001e088    00000078     nvocmp.o (.text.NVOCMP_writeItemApi)
                  0001e100    00000078     rcl_cc23x0r5.a : RCL_Scheduler.c.obj (.text.RCL_Scheduler_findStopStatus)
                  0001e178    00000078     OneLib.a : OneLib_Host_GAP_gap_perilinkmgr.obj (.text.gapPeriProcessSignalEvt)
                  0001e1f0    00000078              : OneLib_Host_GAP_gap_task.obj (.text.gapProcessCommandStatusEvt)
                  0001e268    00000078     rcl_cc23x0r5.a : hal_cc23x0.c.obj (.text.hal_init_fsm)
                  0001e2e0    00000078     StackWrapper.a : StackWrapper_OSAL_osal.obj (.text.osal_init_system)
                  0001e358    00000078                    : StackWrapper_OSAL_osal.obj (.text.osal_msg_receive)
                  0001e3d0    00000078     rcl_cc23x0r5.a : RCL_Scheduler.c.obj (.text.rclSchedulerFindEarliestStopTime)
                  0001e448    00000078     OneLib.a : OneLib_Host_GAP_gap_linkmgr.obj (.text.sendEstLinkEvent)
                  0001e4c0    00000078     driverlib.a : udma.c.obj (.text.uDMASetChannelTransfer)
                  0001e538    00000078     ti_freertos_config.o (.text.xEventGroupSetBits)
                  0001e5b0    00000078     ti_freertos_config.o (.text.xQueueReceiveFromISR)
                  0001e628    00000076     secure_drivers_cc23x0r5.a : AESCTRDRBGXX.c.obj (.text.AESCTRDRBGXX_updateState)
                  0001e69e    00000076     ti_freertos_config.o (.text.prvCopyDataToQueue)
                  0001e714    00000074     OneLib.a : OneLib_LL_crypto_port_simplelink.obj (.text.CryptoP_AESCCM)
                  0001e788    00000074              : OneLib_Host_L2CAP_l2cap_util.obj (.text.l2capSendCmd)
                  0001e7fc    00000074              : OneLib_LL_ll_common.obj (.text.llIsThereACollisionBetweenConn)
                  0001e870    00000074     ti_freertos_config.o (.text.prvUnlockQueue)
                  0001e8e4    00000074     OneLib.a : OneLib_Host_SM_sm_pairing.obj (.text.smOobSCAuthentication)
                  0001e958    00000072              : OneLib_Host_GATT_gatt_server.obj (.text.GATT_VerifyReadPermissions)
                  0001e9ca    00000072     osal_icall_ble.o (.text.osalInitTasks)
                  0001ea3c    00000070     OneLib.a : OneLib_LL_ll_al.obj (.text.AL_FindEntry)
                  0001eaac    00000070     app_connection.o (.text.Connection_ConnEventHandler)
                  0001eb1c    00000070     StackWrapper.a : StackWrapper_Host_gap.obj (.text.GAP_DeviceInit_validate_params)
                  0001eb8c    00000070     OneLib.a : OneLib_Host_GAP_gap_configmgr.obj (.text.GAP_GetDevAddress)
                  0001ebfc    00000070              : OneLib_Host_GATT_gatt_server.obj (.text.GATT_FindHandleUUID)
                  0001ec6c    00000070              : OneLib_Host_GATT_gatt_server.obj (.text.GATT_InitServer)
                  0001ecdc    00000070              : OneLib_HCI_hci_event.obj (.text.LL_PhyUpdateCompleteEventCback)
                  0001ed4c    00000070     nvocmp.o (.text.NVOCMP_eraseNvApi)
                  0001edbc    00000070     nvocmp.o (.text.NVOCMP_readItemApi)
                  0001ee2c    00000070     drivers_cc23x0r5.a : PowerCC23X0.c.obj (.text.PowerCC23X0_startHFXT)
                  0001ee9c    00000070                        : PowerCC23X0.c.obj (.text.Power_sleep)
                  0001ef0c    00000070     OneLib.a : OneLib_Host_SM_sm_rsppairing.obj (.text.SM_ResponderInit)
                  0001ef7c    00000070     StackWrapper.a : StackWrapper_Host_gapbondmgr.obj (.text.gapBondMgrSetStateFlagFromConnhandle)
                  0001efec    00000070     OneLib.a : OneLib_Host_L2CAP_l2cap_util.obj (.text.l2capParsePacket)
                  0001f05c    00000070              : OneLib_Host_L2CAP_l2cap_task.obj (.text.l2capProcessOSALMsg)
                  0001f0cc    00000070              : OneLib_LL_ll_common.obj (.text.llAllocConnection)
                  0001f13c    00000070              : OneLib_LL_ll_common.obj (.text.llEstimateConnMinTimeLength)
                  0001f1ac    00000070              : OneLib_LL_ll_common.obj (.text.llPeriSetConnSyncParams)
                  0001f21c    00000070     StackWrapper.a : StackWrapper_OSAL_osal.obj (.text.osal_event_send)
                  0001f28c    00000070     ti_freertos_config.o (.text.prvInitialiseNewTask)
                  0001f2fc    00000070     OneLib.a : OneLib_Host_SM_sm_pairing.obj (.text.smFreePairingParams)
                  0001f36c    00000070     ti_freertos_config.o (.text.vTaskPriorityDisinheritAfterTimeout)
                  0001f3dc    0000006c     drivers_cc23x0r5.a : BatMonSupportLPF3.c.obj (.text.BatMonSupportLPF3_init)
                  0001f448    0000006c     secure_drivers_cc23x0r5.a : CryptoUtils.c.obj (.text.CryptoUtils_reverseCopyPad)
                  0001f4b4    0000006c     OneLib.a : OneLib_Host_Profiles_gapgattserver.obj (.text.GGS_SetParameter)
                  0001f520    0000006c              : OneLib_LL_ll.obj (.text.LE_RemoveAdvSet)
                  0001f58c    0000006c              : OneLib_LL_ll_enc.obj (.text.LL_ENC_Encrypt)
                  0001f5f8    0000006c              : OneLib_LL_ll_isr.obj (.text.LL_rclAdvCallback)
                  0001f664    0000006c     nvocmp.o (.text.NVOCMP_getFreeNvApi)
                  0001f6d0    0000006c     nvocmp.o (.text.NVOCMP_readHeader)
                  0001f73c    0000006c     OneLib.a : OneLib_LL_ll_common.obj (.text.RfBleDpl_setConnPhy)
                  0001f7a8    0000006c              : OneLib_Host_GAP_gap_perilinkmgr.obj (.text.gapPeriProcessConnUpdateCompleteEvt)
                  0001f814    0000006c              : OneLib_Host_GAP_gap_configmgr.obj (.text.gapSendDeviceInitDoneEvent)
                  0001f880    0000006c              : OneLib_Host_GAP_gap_configmgr.obj (.text.gapSetIRK)
                  0001f8ec    0000006c              : OneLib_LL_ll_ae.obj (.text.llCompareSecondaryPrimaryTasksQoSParam)
                  0001f958    0000006c              : OneLib_LL_ll_ble.obj (.text.llSetupConnRxDataEntryQueue)
                  0001f9c4    0000006c              : OneLib_LL_ll_common.obj (.text.llUpdateRxBuffersForActiveConnections)
                  0001fa30    0000006c              : OneLib_LL_ll_ae.obj (.text.llUpdateSortedAdvList)
                  0001fa9c    0000006c     ti_freertos_config.o (.text.prvCheckForValidListAndQueue)
                  0001fb08    0000006c     ti_freertos_config.o (.text.vPortGetHeapStats)
                  0001fb74    00000068     ti_freertos_config.o (.text.ClockP_start)
                  0001fbdc    00000068     secure_drivers_cc23x0r5.a : ECDHLPF3SW.c.obj (.text.ECDHLPF3SW_getKeyResult)
                  0001fc44    00000068     OneLib.a : OneLib_Host_GAP_gap_task.obj (.text.GAP_ProcessEvent)
                  0001fcac    00000068     ecc.a : scalarMul.c.obj (.text.GETDIGITL2R)
                  0001fd14    00000068     icall_POSIX.o (.text.ICall_enrollService)
                  0001fd7c    00000068     OneLib.a : OneLib_LL_ll_ae.obj (.text.LL_DisableAdvSets)
                  0001fde4    00000068              : OneLib_LL_ll_privacy.obj (.text.LL_PRIV_Init)
                  0001fe4c    00000068              : OneLib_HCI_hci_event.obj (.text.LL_RemoteConnParamReqCback)
                  0001feb4    00000068              : OneLib_LL_ll.obj (.text.LL_WriteDefaultDataLen)
                  0001ff1c    00000068     rcl_cc23x0r5.a : LRFCC23X0.c.obj (.text.LRF_setTrimCommon)
                  0001ff84    00000068     sw_update.o (.text.SwUpdate_Open)
                  0001ffec    00000068     sw_update.o (.text.SwUpdate_WriteBlock)
                  00020054    00000068     ti_freertos_config.o (.text._clock_gettimeMono)
                  000200bc    00000068     OneLib.a : OneLib_Host_GAP_gap_linkmgr.obj (.text.gapSendPairingReqEvent)
                  00020124    00000068              : OneLib_Host_GATT_gatt_client.obj (.text.gattReadByType)
                  0002018c    00000068              : OneLib_Host_GAP_linkdb.obj (.text.linkDB_Authen)
                  000201f4    00000068              : OneLib_Host_GAP_linkdb.obj (.text.linkDB_Init)
                  0002025c    00000068              : OneLib_LL_ll_common.obj (.text.llSetNextDataChan)
                  000202c4    00000068     ti_freertos_config.o (.text.mq_send)
                  0002032c    00000068     OneLib.a : OneLib_Host_SM_sm_rsppairing.obj (.text.smpResponderProcessCentralID)
                  00020394    00000068              : OneLib_Host_SM_sm_rsppairing.obj (.text.smpResponderProcessPairingDHKeyCheck)
                  000203fc    00000066              : OneLib_HCI_hci_event_raw.obj (.text.HCI_SendCommandCompleteEvent)
                  00020462    00000002     rom_init.o (.text.MAP_l2capProcessConnectReq)
                  00020464    00000064     secure_drivers_cc23x0r5.a : AESCommonLPF3.c.obj (.text.AESCommonLPF3_construct)
                  000204c8    00000064     bleapputil_init.o (.text.BLEAppUtil_initHostAdvSet)
                  0002052c    00000064     secure_drivers_cc23x0r5.a : CryptoUtils.c.obj (.text.CryptoUtils_copyPad)
                  00020590    00000064     OneLib.a : OneLib_HCI_hci_event.obj (.text.HCI_VendorSpecifcCommandCompleteEvent)
                  000205f4    00000064     driverlib.a : interrupt.c.obj (.text.IntSetPriority)
                  00020658    00000064     OneLib.a : OneLib_LL_ll.obj (.text.LL_ClearAdvSets)
                  000206bc    00000064              : OneLib_HCI_hci_event.obj (.text.LL_ReadLocalP256PublicKeyCompleteEventCback)
                  00020720    00000064     rcl_cc23x0r5.a : ble5.c.obj (.text.RCL_Handler_BLE5_findRfFreq)
                  00020784    00000064                    : ble5.c.obj (.text.RCL_Handler_BLE5_updateConnStats)
                  000207e8    00000064     StackWrapper.a : StackWrapper_Host_gapbondmgr.obj (.text.gapBondStateDoGATTDisc)
                  0002084c    00000064     OneLib.a : OneLib_LL_ll_common.obj (.text.llEnqueueCtrlPkt)
                  000208b0    00000064              : OneLib_LL_ll_common.obj (.text.llPeriUpdateConnParamsByInitiatorPhy)
                  00020914    00000064              : OneLib_LL_ll_scheduler.obj (.text.llScheduler_getHandle)
                  00020978    00000064              : OneLib_LL_ll_ae.obj (.text.llSendAdvSetTermEvent)
                  000209dc    00000064     ti_freertos_config.o (.text.xQueueGiveFromISR)
                  00020a40    00000064     ti_freertos_config.o (.text.xTaskCreate)
                  00020aa4    00000062     StackWrapper.a : StackWrapper_Host_gapbondmgr.obj (.text.gapBondMgrBondReq)
                  00020b06    00000002     OneLib.a : common_lib_opt_ctrl_stub_scanner.obj (.text.OPT_LL_DisableScanning)
                  00020b08    00000060     secure_drivers_cc23x0r5.a : AESCMACLPF3.c.obj (.text.AESCMACLPF3_hwiFxn)
                  00020b68    00000060     OneLib.a : OneLib_Host_ATT_att_util.obj (.text.ATT_ParsePacket)
                  00020bc8    00000060     bleapputil_task.o (.text.BLEAppUtil_createBLEAppUtilTask)
                  00020c28    00000060     ti_freertos_config.o (.text.ClockP_stop)
                  00020c88    00000060     OneLib.a : OneLib_HCI_hci.obj (.text.HCI_HostNumCompletedPktCmd)
                  00020ce8    00000060     icall_POSIX.o (.text.ICall_sendServiceComplete)
                  00020d48    00000060     OneLib.a : OneLib_LL_ll_dfl.obj (.text.LL_DFL_AddEntry)
                  00020da8    00000060              : OneLib_LL_ll.obj (.text.LL_EncLtkNegReply)
                  00020e08    00000060     nvocmp.o (.text.NVOCMP_compactNvApi)
                  00020e68    00000060     app_pairing.o (.text.Pairing_pairStateHandler)
                  00020ec8    00000060     rcl_cc23x0r5.a : ble5.c.obj (.text.RCL_BLE5_updateFilterList)
                  00020f28    00000060     StackWrapper.a : StackWrapper_Host_gapbondmgr.obj (.text.gapBondMgrUpdateLruBondList)
                  00020f88    00000060                    : StackWrapper_Host_gapbondmgr.obj (.text.gapBondMgr_Pair)
                  00020fe8    00000060     icall_POSIX.o (.text.icall_directAPIva)
                  00021048    00000060     OneLib.a : OneLib_LL_ll_common.obj (.text.llDequeueCtrlPkt)
                  000210a8    00000060              : OneLib_Host_SM_sm_task.obj (.text.smProcessLTKRequest_gapBond)
                  00021108    00000060              : OneLib_Host_SM_sm_rsppairing.obj (.text.smpResponderProcessPairingPublicKey)
                  00021168    00000060     ti_freertos_config.o (.text.xTaskPriorityDisinherit)
                  000211c8    0000005e     OneLib.a : OneLib_Host_L2CAP_l2cap_util.obj (.text.l2capNotifyEvent)
                  00021226    00000002              : common_lib_opt_ctrl_stub_initiator.obj (.text.OPT_LL_DisableScanningForInitiator)
                  00021228    0000005c     secure_drivers_cc23x0r5.a : AESECBLPF3.c.obj (.text.AESECBLPF3_hwiFxn)
                  00021284    0000005c     bleapputil_stack_callbacks.o (.text.BLEAppUtil_advCB)
                  000212e0    0000005c     ti_freertos_config.o (.text.ClockP_walkQueueDynamic)
                  0002133c    0000005c     secure_drivers_cc23x0r5.a : CryptoResourceLPF3.c.obj (.text.CryptoResourceLPF3_constructRTOSObjects)
                  00021398    0000005c     OneLib.a : OneLib_Host_GAP_gap_advertiser.obj (.text.GapAdv_abortLoad)
                  000213f4    0000005c              : OneLib_HCI_hci_event_raw.obj (.text.HCI_getPacketLen)
                  00021450    0000005c     icall_POSIX.o (.text.ICall_createRemoteTasksAtRuntime)
                  000214ac    0000005c     OneLib.a : OneLib_LL_ll.obj (.text.LL_Disconnect)
                  00021508    0000005c              : OneLib_LL_ll_enc.obj (.text.LL_ENC_DecryptMsg)
                  00021564    0000005c              : OneLib_LL_ll.obj (.text.LL_RemoveDeviceFromResolvingList)
                  000215c0    0000005c              : OneLib_LL_ll.obj (.text.LL_SetAddressResolutionEnable)
                  0002161c    0000005c              : OneLib_LL_ll.obj (.text.LL_SetRandomAddress)
                  00021678    0000005c     nvocmp.o (.text.NVOCMP_checkItem)
                  000216d4    0000005c     nvocmp.o (.text.NVOCMP_verifyCRC)
                  00021730    0000005c     rcl_cc23x0r5.a : adc_noise.c.obj (.text.RCL_Handler_Adc_Noise_powerDown)
                  0002178c    0000005c     StackWrapper.a : StackWrapper_Host_sm_ecc.obj (.text.SM_p256KeyCB)
                  000217e8    0000005c                    : StackWrapper_Host_gapbondmgr.obj (.text.gapBondMgr_UpdateCharCfg)
                  00021844    0000005c     OneLib.a : OneLib_Host_GAP_gap_configmgr.obj (.text.gap_ParamsInit)
                  000218a0    0000005c              : OneLib_LL_ll_common.obj (.text.llQueryTxQueue)
                  000218fc    0000005c     StackWrapper.a : StackWrapper_OSAL_osal_cbtimer.obj (.text.osal_CbTimerUpdate)
                  00021958    0000005c                    : StackWrapper_OSAL_osal_timers.obj (.text.osal_timer_refTimeUpdate)
                  000219b4    0000005c     ti_freertos_config.o (.text.prvIdleTask)
                  00021a10    0000005c     OneLib.a : OneLib_Host_SM_sm_rsppairing.obj (.text.smResponderAuthStageTwo)
                  00021a6c    0000005a     StackWrapper.a : StackWrapper_Host_gapbondmgr.obj (.text.GapBondMgr_GetPrevAuth)
                  00021ac6    0000005a     OneLib.a : OneLib_LL_ll_common.obj (.text.llValidateConnectIndPkt)
                  00021b20    00000058     secure_drivers_cc23x0r5.a : AESECBLPF3.c.obj (.text.AESECBLPF3_processData)
                  00021b78    00000058     bleapputil_init.o (.text.BLEAppUtil_init)
                  00021bd0    00000058     bleapputil_process.o (.text.BLEAppUtil_processStackEvents)
                  00021c28    00000058     bleapputil_init.o (.text.BLEAppUtil_stackInit)
                  00021c80    00000058     icall_POSIX.o (.text.ICall_fetchMsg)
                  00021cd8    00000058     icall_POSIX.o (.text.ICall_workerThreadSendMsg)
                  00021d30    00000058     OneLib.a : OneLib_LL_ll.obj (.text.LE_SetExtScanRspData)
                  00021d88    00000058              : OneLib_LL_ll.obj (.text.LE_checkAdvConnStatus)
                  00021de0    00000058              : OneLib_LL_ll.obj (.text.LL_GenerateDHKeyCmd)
                  00021e38    00000058              : OneLib_HCI_hci_event_raw.obj (.text.LL_ReadRemoteUsedFeaturesCompleteCback)
                  00021e90    00000058     rcl_cc23x0r5.a : LRFCC23X0.c.obj (.text.LRF_setRxFifoEffSz)
                  00021ee8    00000058     drivers_cc23x0r5.a : PowerCC23X0.c.obj (.text.Power_releaseDependency)
                  00021f40    00000058                        : PowerCC23X0.c.obj (.text.Power_setDependency)
                  00021f98    00000058     libclang_rt.builtins.a : clzsi2.c.obj (.text.__clzsi2)
                  00021ff0    00000058     StackWrapper.a : StackWrapper_Host_gapbondmgr.obj (.text.gapBondMgrChangeState)
                  00022048    00000058     OneLib.a : OneLib_Host_GATT_gatt_server.obj (.text.gattProcessReadMultiReq)
                  000220a0    00000058              : OneLib_LL_ll_common.obj (.text.llSetupDenyList)
                  000220f8    00000058              : OneLib_LL_ll_common.obj (.text.llShellSortActiveConns)
                  00022150    00000058     ti_freertos_config.o (.text.pthread_exit)
                  000221a8    00000058     OneLib.a : OneLib_Host_SM_sm_pairing.obj (.text.smDetermineIOCaps)
                  00022200    00000058              : OneLib_Host_SM_sm_pairing.obj (.text.smSendPublicKeys)
                  00022258    00000058     osal_icall_ble.o (.text.stack_main)
                  000222b0    00000058     ti_freertos_config.o (.text.vTaskStartScheduler)
                  00022308    00000058     ti_freertos_config.o (.text.xQueueGenericCreate)
                  00022360    00000056     StackWrapper.a : StackWrapper_Host_gapbondmgr.obj (.text.GAPBondMgr_ReadLocalLTK)
                  000223b6    00000056     OneLib.a : OneLib_LL_ll.obj (.text.LE_SetExtAdvData)
                  0002240c    00000056     libclang_rt.builtins.a : aeabi_idivmod.S.obj (.text.__aeabi_idivmod)
                  00022462    00000056     OneLib.a : OneLib_Host_GATT_gatt_client.obj (.text.gattFindByTypeValue)
                  000224b8    00000056              : OneLib_LL_ll_common.obj (.text.llBuildCtrlPktPeri)
                  0002250e    00000056              : OneLib_LL_ll_dfl.obj (.text.llDFLUpdateRanks)
                  00022564    00000054     ti_drivers_config.o (.text.Board_shutDownExtFlash)
                  000225b8    00000054     OneLib.a : OneLib_LL_crypto_port_simplelink.obj (.text.CryptoP_AESECB)
                  0002260c    00000054              : OneLib_Host_GAP_gap_perilinkmgr.obj (.text.GAP_SendPeripheralSecurityRequest)
                  00022660    00000054              : OneLib_Host_GAP_gap_configmgr.obj (.text.GapConfig_SetParameter)
                  000226b4    00000054     icall_POSIX.o (.text.ICall_registerApp)
                  00022708    00000054     OneLib.a : OneLib_HCI_hci_event.obj (.text.LL_GenerateDHKeyCompleteEventCback)
                  0002275c    00000054              : OneLib_LL_ll_privacy.obj (.text.LL_PRIV_GenerateRPA)
                  000227b0    00000054     rcl_cc23x0r5.a : LRFCC23X0.c.obj (.text.LRF_readRxFifoWords)
                  00022804    00000054                    : RCL.c.obj (.text.RCL_Command_pend)
                  00022858    00000054                    : RCL_Scheduler.c.obj (.text.RCL_Scheduler_setStartStopTimeEarliestStart)
                  000228ac    00000054     sw_update.o (.text.SwUpdate_CheckImageHeader)
                  00022900    00000054     OneLib.a : OneLib_Host_GAP_gap_linkmgr.obj (.text.gapPasskeyNeededCB)
                  00022954    00000054              : OneLib_Host_GATT_gatt_task.obj (.text.gattNotifyEvent)
                  000229a8    00000054     rcl_cc23x0r5.a : hal_cc23x0.c.obj (.text.hal_check_clear_timer_compare)
                  000229fc    00000054     OneLib.a : OneLib_Host_L2CAP_l2cap_util.obj (.text.l2capSendFCPkt)
                  00022a50    00000054              : OneLib_LL_ll_common.obj (.text.llAllocatePDU)
                  00022aa4    00000054              : OneLib_LL_ll_data.obj (.text.llDynamicFree_connectable)
                  00022af8    00000054              : OneLib_LL_ll_common.obj (.text.llSetCodedMaxTxTime)
                  00022b4c    00000054              : OneLib_LL_ll_common.obj (.text.llVerifyCodedConnInterval)
                  00022ba0    00000054              : OneLib_LL_ll_ecc.obj (.text.ll_GenerateDHKey)
                  00022bf4    00000054     StackWrapper.a : StackWrapper_OSAL_osal_clock.obj (.text.osalAdjustTimer)
                  00022c48    00000054                    : StackWrapper_OSAL_osal_bufmgr.obj (.text.osal_bm_alloc)
                  00022c9c    00000054     rcl_cc23x0r5.a : RCL.c.obj (.text.rclPowerNotify)
                  00022cf0    00000054     OneLib.a : OneLib_Host_SM_sm_rsppairing.obj (.text.smpResponderProcessIdentityAddrInfo)
                  00022d44    00000052     StackWrapper.a : StackWrapper_Host_gap.obj (.text.GAP_DeviceInit_per_role)
                  00022d96    00000052     OneLib.a : OneLib_LL_ll.obj (.text.LL_EncLtkReply)
                  00022de8    00000052              : OneLib_Host_GAP_gap_devmgr.obj (.text.gapFindADType)
                  00022e3a    00000052              : OneLib_Host_GATT_gatt_client.obj (.text.gattPrepareWriteReq)
                  00022e8c    00000052              : OneLib_LL_ll_common.obj (.text.llGetNextDataChanAlgo1)
                  00022ede    00000052              : OneLib_LL_ll_ble.obj (.text.llMoveTempTxDataEntries)
                  00022f30    00000052              : OneLib_Host_SMP_smp.obj (.text.smSendSMMsg)
                  00022f82    00000002              : common_lib_opt_ctrl_stub_connection_handover.obj (.text.OPT_LL_Handover_SetRxBlockValue)
                  00022f84    00000050     secure_drivers_cc23x0r5.a : AESCCMLPF3.c.obj (.text.AESCCMLPF3_processB1withAAD)
                  00022fd4    00000050                               : AESCTRLPF3.c.obj (.text.AESCTRLPF3_configDataDMA)
                  00023024    00000050     bleapputil_process.o (.text.BLEAppUtil_convertGATTEvents)
                  00023074    00000050     bleapputil_stack_callbacks.o (.text.BLEAppUtil_passcodeCB)
                  000230c4    00000050     ti_drivers_config.o (.text.Board_sendExtFlashByte)
                  00023114    00000050     secure_drivers_cc23x0r5.a : ECCInitLPF3SW.c.obj (.text.ECCInitLPF3SW_NISTP256)
                  00023164    00000050     OneLib.a : OneLib_Host_GAP_gap_linkmgr.obj (.text.GAP_Signable)
                  000231b4    00000050              : OneLib_Host_GAP_gap_advertiser.obj (.text.GapAdv_setEventMask)
                  00023204    00000050     StackWrapper.a : StackWrapper_Host_gapbondmgr.obj (.text.GapBondMgr_StartEnc)
                  00023254    00000050     OneLib.a : OneLib_HCI_hci_event.obj (.text.HCI_CommandStatusEvent)
                  000232a4    00000050              : OneLib_HCI_hci_event_raw.obj (.text.HCI_SendEventToHost)
                  000232f4    00000050              : OneLib_LL_ll_enc.obj (.text.LL_ENC_AES128_Encrypt)
                  00023344    00000050     rcl_cc23x0r5.a : ble5.c.obj (.text.RCL_Handler_BLE5_initAdvScanInitStats)
                  00023394    00000050     secure_drivers_cc23x0r5.a : RNGLPF3RF.c.obj (.text.RNG_construct)
                  000233e4    00000050     drivers_cc23x0r5.a : UDMALPF3.c.obj (.text.UDMALPF3_init)
                  00023434    00000050     StackWrapper.a : StackWrapper_Host_gapbondmgr.obj (.text.gapBondMgrReadBonds)
                  00023484    00000050                    : StackWrapper_Host_gapbondmgr.obj (.text.gapBondMgr_SupportsCentAddrRes)
                  000234d4    00000050     OneLib.a : OneLib_Host_GAP_gap_perilinkmgr.obj (.text.gapPeriProcessConnEvt)
                  00023524    00000050              : OneLib_Host_GAP_gap_perilinkmgr.obj (.text.gap_PeriConnRegister)
                  00023574    00000050              : OneLib_Host_L2CAP_l2cap_util.obj (.text.l2capAllocConnChannel)
                  000235c4    00000050              : OneLib_LL_ll_ae.obj (.text.llSendAdvSetEndEvent)
                  00023614    00000050     StackWrapper.a : StackWrapper_OSAL_osal_cbtimer.obj (.text.osal_CbTimerStop)
                  00023664    00000050     OneLib.a : OneLib_Host_SM_sm_pairing.obj (.text.smGenerateAddrInput_sPatch)
                  000236b4    00000050              : OneLib_Host_SM_sm_pairing.obj (.text.smProcessPairingReq)
                  00023704    00000050              : OneLib_Host_SM_sm_mgr.obj (.text.sm_s1)
                  00023754    00000050     ti_freertos_config.o (.text.timer_gettime)
                  000237a4    00000050     ti_freertos_config.o (.text.xTaskCreateStatic)
                  000237f4    0000004e     OneLib.a : OneLib_Host_ATT_att_util.obj (.text.ATT_CompareUUID)
                  00023842    0000004e     ti_freertos_config.o (.text.realloc)
                  00023890    0000004c     secure_drivers_cc23x0r5.a : AESCommonLPF3.c.obj (.text.AESCommonLPF3_cleanup)
                  000238dc    0000004c     bleapputil_process.o (.text.BLEAppUtil_convertHCIGAPEvents)
                  00023928    0000004c     OneLib.a : OneLib_LL_crypto_port_simplelink.obj (.text.CryptoP_ECDHInit)
                  00023974    0000004c              : OneLib_Host_GAP_gap_linkmgr.obj (.text.GAP_PasscodeUpdate)
                  000239c0    0000004c              : OneLib_Host_GAP_gap_linkmgr.obj (.text.GAP_TerminateLinkReq)
                  00023a0c    0000004c              : OneLib_Host_Profiles_gattservapp.obj (.text.GATTServApp_AddService)
                  00023a58    0000004c     StackWrapper.a : StackWrapper_Host_gattservapp_util.obj (.text.GATTServApp_ProcessCCCWriteReq)
                  00023aa4    0000004c     OneLib.a : OneLib_Host_Profiles_gattservapp.obj (.text.GATTServApp_SendCCCUpdatedEvent)
                  00023af0    0000004c              : OneLib_Host_GATT_gatt_task.obj (.text.GATT_UpdateMTU)
                  00023b3c    0000004c              : OneLib_HCI_hci_event.obj (.text.HCI_HardwareErrorEvent)
                  00023b88    0000004c              : OneLib_HCI_hci_event_raw.obj (.text.HCI_InitEventMasks)
                  00023bd4    0000004c              : OneLib_HCI_hci.obj (.text.HCI_LE_ConnUpdateCmd)
                  00023c20    0000004c              : OneLib_HCI_hci_event.obj (.text.HCI_NumOfCompletedPacketsEvent)
                  00023c6c    0000004c     driverlib.a : interrupt.c.obj (.text.IntSetPend)
                  00023cb8    0000004c     OneLib.a : OneLib_LL_ll.obj (.text.LL_ClearResolvingList)
                  00023d04    0000004c              : OneLib_LL_ll.obj (.text.LL_clearAllActiveConns)
                  00023d50    0000004c     driverlib.a : lrfd.c.obj (.text.LRFDApplyClockDependencies)
                  00023d9c    0000004c     rcl_cc23x0r5.a : LRFCC23X0.c.obj (.text.LRF_programTemperatureCompensatedTxPower)
                  00023de8    0000004c                    : LRFCC23X0.c.obj (.text.LRF_writeTxFifoWords)
                  00023e34    0000004c     ti_freertos_config.o (.text.MessageQueueP_pend)
                  00023e80    0000004c     ti_freertos_config.o (.text.MessageQueueP_post)
                  00023ecc    0000004c     rcl_cc23x0r5.a : RCL.c.obj (.text.RCL_open)
                  00023f18    0000004c     ti_freertos_config.o (.text.SemaphoreP_construct)
                  00023f64    0000004c     ti_freertos_config.o (.text.__aeabi_errno_addr)
                  00023fb0    0000004c     OneLib.a : OneLib_Host_GAP_gap_configmgr.obj (.text.gapReadBufSizeCmdStatus)
                  00023ffc    0000004c              : OneLib_Host_Profiles_gattservapp.obj (.text.gattServApp_ClearPrepareWriteQ)
                  00024048    0000004c              : OneLib_LL_ll_common.obj (.text.llGenPrnE)
                  00024094    0000004c              : OneLib_LL_ll_common.obj (.text.llProcessChanMap)
                  000240e0    0000004c              : OneLib_LL_ll_common.obj (.text.llReleaseAllConnId)
                  0002412c    0000004c              : OneLib_LL_ll_ae.obj (.text.llRemoveAdvSortedEntry)
                  00024178    0000004c              : OneLib_LL_ll_scheduler.obj (.text.llSelectTaskAdv)
                  000241c4    0000004c              : OneLib_LL_ll_common.obj (.text.llSetStarvationMode)
                  00024210    0000004c              : OneLib_LL_ll_common.obj (.text.llTrySendCtrlPktImmed)
                  0002425c    0000004c              : OneLib_LL_ll_ecc.obj (.text.ll_eccInit)
                  000242a8    0000004c     ti_freertos_config.o (.text.removeThreadKeys)
                  000242f4    0000004c     OneLib.a : OneLib_Host_SM_sm_pairing.obj (.text.sm_computeDHKey)
                  00024340    0000004c     ti_freertos_config.o (.text.xTaskCheckForTimeOut)
                  0002438c    0000004c     ti_freertos_config.o (.text.xTimerGenericCommand)
                  000243d8    0000004a     rcl_cc23x0r5.a : LRF.c.obj (.text.LRF_loadImage)
                  00024422    0000004a     ti_freertos_config.o (.text.calloc)
                  0002446c    0000004a     OneLib.a : OneLib_Host_GAP_linkdb.obj (.text.linkDB_GetInfo)
                  000244b6    0000004a              : OneLib_LL_ll_common.obj (.text.llGetNextDataChanAlgo2)
                  00024500    0000004a     ecc.a : lowlevelapi.c.obj (.text.zADD32)
                  0002454a    00000002     OneLib.a : common_lib_opt_ctrl_stub_past_receiver.obj (.text.OPT_LL_PAST_R_DynamicFree)
                  0002454c    00000048     secure_drivers_cc23x0r5.a : AESCCMLPF3.c.obj (.text.AESCCMLPF3_processCTRCounterBlock)
                  00024594    00000048                               : AESCCMLPF3.c.obj (.text.AESCCMLPF3_processOneStepCTRPolling)
                  000245dc    00000048     bleapputil_process.o (.text.BLEAppUtil_callEventHandler)
                  00024624    00000048     bleapputil_init.o (.text.BLEAppUtil_invokeFunction)
                  0002466c    00000048     bleapputil_stack_callbacks.o (.text.BLEAppUtil_processStackMsgCB)
                  000246b4    00000048     ti_freertos_config.o (.text.ClockP_construct)
                  000246fc    00000048     OneLib.a : OneLib_Host_Profiles_gattservapp.obj (.text.GATTServApp_SendServiceChangedInd)
                  00024744    00000048     icall_POSIX.o (.text.ICall_newTask)
                  0002478c    00000048     icall_POSIX.o (.text.ICall_wait)
                  000247d4    00000048     OneLib.a : OneLib_LL_ll_ae.obj (.text.LL_AE_Init)
                  0002481c    00000048              : OneLib_HCI_hci_event.obj (.text.LL_ConnParamUpdateCback)
                  00024864    00000048              : OneLib_HCI_hci_event.obj (.text.LL_ConnParamUpdateRejectCback)
                  000248ac    00000048              : OneLib_HCI_hci_event.obj (.text.LL_DataLengthChangeEventCback)
                  000248f4    00000048              : OneLib_HCI_hci_event.obj (.text.LL_EncLtkReqCback)
                  0002493c    00000048              : OneLib_LL_ll.obj (.text.LL_RemoteConnParamReqNegReply)
                  00024984    00000048              : OneLib_LL_ll.obj (.text.LL_SetResolvablePrivateAddressTimeout)
                  000249cc    00000048     rcl_cc23x0r5.a : LRFCC23X0.c.obj (.text.LRF_setTemperatureTrim)
                  00024a14    00000048     nvocmp.o (.text.NVOCMP_loadApiPtrsMin)
                  00024a5c    00000048     nvocmp.o (.text.NVOCMP_readItem)
                  00024aa4    00000048     drivers_cc23x0r5.a : NVS.c.obj (.text.NVS_open)
                  00024aec    00000048                        : PowerCC23X0.c.obj (.text.PowerCC23X0_hfxtAmpsettledTimeout)
                  00024b34    00000048                        : PowerCC23X0.c.obj (.text.PowerLPF3_getHfxtAmpAdjustment)
                  00024b7c    00000048     rcl_cc23x0r5.a : RCL_Scheduler.c.obj (.text.RCL_Scheduler_postEvent)
                  00024bc4    00000048     util.o (.text.Util_rescheduleClock)
                  00024c0c    00000048     drivers_cc23x0r5.a : TemperatureLPF3.c.obj (.text.degreesToCode)
                  00024c54    00000048     StackWrapper.a : StackWrapper_Host_gapbondmgr.obj (.text.gapBondStateStartNextGATTDisc)
                  00024c9c    00000048     OneLib.a : OneLib_Host_GAP_gap_linkmgr.obj (.text.gapFreeAuthLink)
                  00024ce4    00000048              : OneLib_Host_GATT_gatt_server.obj (.text.gattProcessReadByGrpTypeReq)
                  00024d2c    00000048              : OneLib_HCI_hci_event_raw.obj (.text.hciAllocAndPrepHciEvtPkt)
                  00024d74    00000048              : OneLib_Host_L2CAP_l2cap_util.obj (.text.l2capNotifySignal)
                  00024dbc    00000048              : OneLib_Host_L2CAP_l2cap_util.obj (.text.l2capSendPkt)
                  00024e04    00000048              : OneLib_LL_ll_common.obj (.text.llCalcConnMissCount)
                  00024e4c    00000048              : OneLib_LL_ll_common.obj (.text.llConnSetupBuffers)
                  00024e94    00000048              : OneLib_LL_ll_common.obj (.text.llCreateCommonFeatureSet)
                  00024edc    00000048              : OneLib_LL_ll_common.obj (.text.llPostSetupCtrlPktPeri)
                  00024f24    00000048              : OneLib_LL_ll_scheduler.obj (.text.llSchedulerInit)
                  00024f6c    00000048              : OneLib_LL_ll_common.obj (.text.llSendReject)
                  00024fb4    00000048              : OneLib_LL_ll_common.obj (.text.llSetPhy)
                  00024ffc    00000048              : OneLib_LL_ll_scheduler.obj (.text.llSetTaskAdv)
                  00025044    00000048     ti_freertos_config.o (.text.mq_receive)
                  0002508c    00000048     oad_profile.o (.text.oadResetState)
                  000250d4    00000048     StackWrapper.a : StackWrapper_OSAL_osal.obj (.text.osal_msg_extract)
                  0002511c    00000048     ti_freertos_config.o (.text.pthread_mutex_unlock)
                  00025164    00000048     OneLib.a : OneLib_Host_GAP_gap_linkmgr.obj (.text.sendTerminateEvent)
                  000251ac    00000048              : OneLib_Host_SM_sm_rsppairing.obj (.text.smpResponderProcessSigningInfo)
                  000251f4    00000048     ti_freertos_config.o (.text.xTimerCreateTimerTask)
                  0002523c    00000044     secure_drivers_cc23x0r5.a : AESCMACLPF3.c.obj (.text.AESCMACLPF3_generateSubKey)
                  00025280    00000044                               : AESCMACLPF3.c.obj (.text.AESCMACLPF3_processBlocks)
                  000252c4    00000044     OneLib.a : OneLib_LL_ll_al.obj (.text.AL_Alloc)
                  00025308    00000044     bleapputil_init.o (.text.BLEAppUtil_registerEventHandler)
                  0002534c    00000044     secure_drivers_cc23x0r5.a : ECCInitLPF3SW.c.obj (.text.ECCInitLPF3SW_Curve25519)
                  00025390    00000044     OneLib.a : OneLib_Host_GATT_gatt_server.obj (.text.GATT_FindHandle)
                  000253d4    00000044              : OneLib_Host_GAP_gap_advertiser.obj (.text.GapAdv_disable)
                  00025418    00000044              : OneLib_HCI_TL_hci_tl.obj (.text.HCI_Init)
                  0002545c    00000044              : OneLib_HCI_TL_hci_tl.obj (.text.HCI_ProcessEvent)
                  000254a0    00000044              : OneLib_LL_ll_enc.obj (.text.LL_ENC_EncryptMsg)
                  000254e4    00000044              : OneLib_LL_ll_privacy.obj (.text.LL_PRIV_ResolveRPA)
                  00025528    00000044     app_peripheral.o (.text.Peripheral_start)
                  0002556c    00000044     rcl_cc23x0r5.a : RCL_Buffer.c.obj (.text.RCL_MultiBuffer_ListInfo_init)
                  000255b0    00000044                    : RCL_Buffer.c.obj (.text.RCL_MultiBuffer_getBuffer)
                  000255f4    00000044     OneLib.a : OneLib_Host_GATT_gatt_task.obj (.text.gattGetPayload)
                  00025638    00000044              : OneLib_Host_L2CAP_l2cap_util.obj (.text.l2capParseCmdReject)
                  0002567c    00000044              : OneLib_Host_GAP_linkdb.obj (.text.linkDB_Find)
                  000256c0    00000044              : OneLib_LL_ll_common.obj (.text.llAtLeastTwoChans)
                  00025704    00000044              : OneLib_LL_ll_scheduler.obj (.text.llCmdAdvStartedEventHandle)
                  00025748    00000044              : OneLib_LL_ll_common.obj (.text.llPeriSetConnAddr)
                  0002578c    00000044              : OneLib_LL_ll_common.obj (.text.llTime2Octets)
                  000257d0    00000044              : OneLib_LL_ll_ecc.obj (.text.ll_ReadLocalP256PublicKey)
                  00025814    00000044     StackWrapper.a : StackWrapper_OSAL_osal_timers.obj (.text.osalAddTimer)
                  00025858    00000044                    : StackWrapper_OSAL_osal_timers.obj (.text.osal_start_timerEx)
                  0002589c    00000044     ti_freertos_config.o (.text.prvInsertBlockIntoFreeList)
                  000258e0    00000044     ti_freertos_config.o (.text.prvSampleTimeNow)
                  00025924    00000044     ti_freertos_config.o (.text.pthread_mutex_init)
                  00025968    00000044     drivers_cc23x0r5.a : TemperatureLPF3.c.obj (.text.setNextThresholds)
                  000259ac    00000044     OneLib.a : OneLib_Host_SM_sm_rsppairing.obj (.text.smpResponderProcessEncryptionInformation)
                  000259f0    00000044              : OneLib_Host_SM_sm_rsppairing.obj (.text.smpResponderProcessPairingReq)
                  00025a34    00000044     ti_freertos_config.o (.text.vPortFree)
                  00025a78    00000044     ti_freertos_config.o (.text.vQueueWaitForMessageRestricted)
                  00025abc    00000004     OneLib.a : OneLib_Host_ATT_att_util.obj (.text.ATT_BuildReadBlobRsp)
                  00025ac0    00000044     ti_freertos_portable_config.o (.text.xPortPendSVHandler)
                  00025b04    00000042     OneLib.a : OneLib_Host_ATT_att_util.obj (.text.ATT_ParseFindByTypeValueReq)
                  00025b46    00000042              : OneLib_HCI_hci.obj (.text.HCI_ValidConnTimeParams)
                  00025b88    00000042              : OneLib_LL_ll.obj (.text.LL_ReadLocalP256PublicKeyCmd)
                  00025bca    00000042              : OneLib_HCI_hci_event_raw.obj (.text.LL_ReadRemoteVersionInfoCback)
                  00025c0c    00000042              : OneLib_Host_SM_sm_task.obj (.text.smProcessOSALMsg)
                  00025c4e    00000042     ecc.a : lowlevelapi.c.obj (.text.zADD)
                  00025c90    00000040     OneLib.a : OneLib_LL_ll_al.obj (.text.AL_Clear)
                  00025cd0    00000040     bleapputil_stack_callbacks.o (.text.BLEAppUtil_pairStateCB)
                  00025d10    00000040     ti_ble_config.o (.text.BleConfig_initAdvSets)
                  00025d50    00000040     secure_drivers_cc23x0r5.a : ECDHLPF3SW.c.obj (.text.ECDH_construct)
                  00025d90    00000040     OneLib.a : OneLib_Host_GAP_gap_configmgr.obj (.text.GAP_SetParamValue)
                  00025dd0    00000040              : OneLib_Host_GATT_gatt_task.obj (.text.GATT_AppCompletedMsg)
                  00025e10    00000040     icall_POSIX.o (.text.ICall_workerThreadEntry)
                  00025e50    00000040     OneLib.a : OneLib_LL_ll_ae.obj (.text.LL_CountAdvSets)
                  00025e90    00000040              : OneLib_LL_ll_enc.obj (.text.LL_ENC_Init)
                  00025ed0    00000040              : OneLib_HCI_hci_event.obj (.text.LL_EXT_ChanMapUpdateCback)
                  00025f10    00000040              : OneLib_LL_ll_privacy.obj (.text.LL_PRIV_Ah)
                  00025f50    00000040     nvocmp.o (.text.NVOCMP_setItemInactive)
                  00025f90    00000040     drivers_cc23x0r5.a : NVSLPF3.c.obj (.text.NVSLPF3_read)
                  00025fd0    00000040     app_peripheral.o (.text.Peripheral_GAPConnEventHandler)
                  00026010    00000040     rcl_cc23x0r5.a : RCL.c.obj (.text.RCL_Command_submit)
                  00026050    00000040                    : ble5.c.obj (.text.RCL_Handler_BLE5_updateAdvScanInitStats)
                  00026090    00000040     secure_drivers_cc23x0r5.a : Random.c.obj (.text.Random_getNumber)
                  000260d0    00000040     OneLib.a : OneLib_Host_SM_sm_task.obj (.text.SM_Init)
                  00026110    00000040     libclang_rt.builtins.a : aeabi_uidivmod.S.obj (.text.__aeabi_uidivmod)
[...]
20005f68  gpioCallbackFunctions                            
20005fd0  gpioUserArgs                                     
20006100  ble5HandlerState                                 
200061c4  NVOCMP_nvHandle                                  
20006224  rfClient                                         
20006280  CryptoResourceLPF3_accessSemaphore               
200062d0  CryptoResourceLPF3_operationSemaphore            
20006364  aeCBackTbl                                       
200063a8  extInitCmd                                       
200063ec  localEccKeys                                     
2000642e  NVSLPF3_objects                                  
20006430  extScanCmd                                       
20006470  nvFptrs                                          
200064ac  cpOperationCCM                                   
200064dc  l2capFixedChannels                               
2000650c  linkCBs                                          
2000653c  AESECBLPF3_objects                               
20006568  mutex                                            
20006594  rclSchedulerState                                
200065e4  operationCCM                                     
20006608  RNG_instancePool                                 
20006628  gapBond_localOobData                             
20006648  localPrivKeyMaterial                             
200066a0  CryptoResourceLPF3_hwi                           
200066bc  clockHwi                                         
200066d8  gapParams                                        
200066f4  workerThreadEntity                               
20006710  connOutput                                       
20006750  cpOperationECB                                   
20006764  operationComputeSharedSecret                     
20006778  remoteTaskParams                                 
2000678c  gLtkReqDetails                                   
2000679e  deviceFeatureSet                                 
200067b0  eccParams                                        
200067c0  encParamsCCM                                     
200067d0  encParamsECB                                     
200067e0  gRankFLTable                                     
200067f0  llTaskList                                       
20006800  localCryptoKey                                   
20006810  localPrivateKey                                  
20006820  localPublicKey                                   
20006830  operationECB                                     
20006840  operationGeneratePublicKey                       
20006850  remotePublicKey                                  
20006860  sharedSecret                                     
20006870  swParamList                                      
200068a4  BLEAppUtil_threadEntity                          
200068ac  POSIX_args                                       
200068b4  RNGLPF3RF_objects                                
200068bc  gParamUpdateReq                                  
200068c4  llConnEvtNotice                                  
200068cc  llConns                                          
200068d4  privInfo                                         
200068dc  rclState                                         
200068e4  gapCurrentRandomAddr                             
200068ea  buildInfo                                        
200068ec  ownPublicAddr                                    
200068f2  connInitialMaxTxOctets                           
200068f4  ownRandomAddr                                    
200068fa  connInitialMaxTxTime                             
200068fc  ownSavedPublicAddr                               
20006902  verInfo                                          
2000690d  gAntennasInfo                                    
2000692c  BDAddrPerConnHandle                              
20006930  SysBootMsg                                       
20006934  activeConns                                      
20006938  appInitDoneHandler                               
2000693c  dtmInfo                                          
20006940  ecdhHandle                                       
20006944  encHandleCCM                                     
20006948  encHandleECB                                     
2000694c  errorHandlerCb                                   
20006950  extStackSettings                                 
20006954  l2capChannels                                    
20006958  l2capPsm                                         
2000695c  linkDB                                           
20006960  llECCCurveParams                                 
20006964  operationResult                                  
20006968  osal_last_timestamp                              
2000696c  osal_max_msecs                                   
20006970  osal_qHead                                       
20006974  osal_syncHandle                                  
20006978  osal_tickperiod                                  
2000697c  pNextAdvSet                                      
20006980  pRfPathComp                                      
20006984  resolvingList                                    
20006988  rfHandle                                         
2000698c  rngHandle                                        
20006990  taskEndAction                                    
20006994  tasksEvents                                      
20006998  timerHead                                        
2000699c  connInitialMaxTxTimeCoded                        
2000699e  connInitialMaxTxTimeUncoded                      
200069a0  maximumPduSize                                   
200069a2  pwrmgr_attribute                                 
200069a4  supportedMaxRxOctets                             
200069a6  supportedMaxRxTime                               
200069a8  supportedMaxTxOctets                             
200069aa  supportedMaxTxTime                               
200069ad  LL_TaskID                                        
200069ae  NVOCMP_size                                      
200069af  adcNoiseHandlerState                             
200069b0  aeCurAdvEnableHandle                             
200069b1  aeCurConnHandle                                  
200069b2  aeCurHandle                                      
200069b3  alSize                                           
200069b4  defaultPhy                                       
200069b5  extInitIndex                                     
200069b6  extScanIndex                                     
200069b7  fastTxRespTime                                   
200069b8  gAction                                          
200069b9  gCurTxPowerVal                                   
200069ba  gapDeviceAddrMode                                
200069bb  gapTaskID                                        
200069bc  gattNumConns                                     
200069bd  gattTaskID                                       
200069be  hciGapTaskID                                     
200069bf  hciL2capTaskID                                   
200069c0  hciSmpTaskID                                     
200069c1  hciTaskID                                        
200069c2  hciTestTaskID                                    
200069c3  hciVsEvtMask                                     
200069c4  icall_liteTaskId                                 
200069c5  l2capNumChannels                                 
200069c6  l2capTaskID                                      
200069c7  l2cap_gattServAppTaskID                          
200069c8  linkDBNumConns                                   
200069c9  llCryptoMode                                     
200069ca  llECDHMode                                       
200069cb  llState                                          
200069cc  maxNumConns                                      
200069cd  maxNumTxDataBufs                                 
200069ce  maxTxPwrForDTM                                   
200069cf  numActiveAdvSets                                 
200069d0  numComplPkts                                     
200069d1  numComplPktsFlush                                
200069d2  numComplPktsLimit                                
200069d3  numTxDataBufs                                    
200069d4  onePktPerEvt                                     
200069d5  osal_entity                                      
200069d6  peripheralAdvHandles                             
200069d7  rlSize                                           
200069d8  rxFifoFlowCtrl                                   
200069d9  secondaryAdvChannelMapPopCount                   
200069da  slOverride                                       
200069db  smGenerateDHKeyStatus                            
200069dc  smReadLocalP256PublicKeyStatus                   
200069dd  smTaskID                                         
20006ab0  gapAttrTbl                                       
20006e00  HwiP_swiPIntNum                                  
20006e1c  ctrlToHostEnable                                 
20006e1e  numHostBufs                                      
20006e88  gpioPinConfigs                                   
20006ef0  gapBond_removeLRUBond                            
20006ef1  gapBond_syncRL                                   
20006f0c  gapBondStateNodeHead                             
20006f10  gapBond_lruBondList                              
20006f20  clientCbs                                        
20006f34  gapBond_remoteOobData                            
20007104  pairMode                                         
20007105  mitm                                             
20007106  ioCap                                            
20007107  bonding                                          
20007108  secureConnection                                 
20007109  authenPairingOnly                                
2000710a  autoSyncAL                                       
2000710b  eccReGenPolicy                                   
2000710c  KeySize                                          
2000710d  removeLRUBond                                    
2000710e  KeyDistList                                      
2000710f  eccDebugKeys                                     
20007110  allowDebugKeys                                   
20007111  eraseBondWhileInConn                             
20007112  sameIrkAction                                    
20007113  advData1                                         
2000711a  scanResData1                                     
20007134  advParams1                                       
20007150  llUserConfig                                     
20007198  sm_eccKeys_sc_host_debug                         
200071d8  centAddrRes                                      
200071d9  resolvablePrivateAddressOnly                     
200071da  appearance                                       
200071e0  periConnParameters                               
200071e8  deviceName                                       
20007238  linkParam                                        
2000723c  rxDataQ                                          
20007260  appMainPeriCentParams                            
20007268  appMainParams                                    
20007288  eccParams_NISTP256                               
200072ac  gapProfileRole                                   
200072ad  gapConfig_IRK                                    
200072bd  gapConfig_SRK                                    
200072cd  smExpectAppKeysInd                               
200072ce  SM_appTaskID                                     
200072f0  enckey                                           
20007310  attDeviceName                                    
20007330  gapParameters                                    
2000734e  gapAppTaskID                                     
2000734f  gapEndAppTaskID                                  
20007352  rclTemperatureThreshold                          
2000736c  hciEvtMaskLe                                     
20007374  hciEvtMaskPage1                                  
2000737c  hciEvtMaskPage2                                  
20007384  connectionConnHandler                            
20007390  connectionHciGAPHandler                          
2000739c  pairingPasscodeHandler                           
200073a8  PairingPairStateHandler                          
200073b4  peripheralConnHandler                            
200073c0  peripheralAdvHandler                             
200073f8  randomAddressConfigured                          
200073fc  defaultChannelMap                                
20007404  secondaryAdvChannelMap                           
20007409  appTaskID                                        
2000740a  baseTaskID                                       
2000742c  maxSupportedAdvSets                              
2000742d  aePeripheralSCA                                  
20007430  advSetList                                       
20007434  extScanInfo                                      
20007438  extInitInfo                                      
20007440  osal_eventloop_hook                              
20007444  osal_icallMsg_hook                               
2000744c  BLEAppUtilLocal_GeneralParams                    
20007450  BLEAppUtilLocal_PeriCentParams                   
20007454  BLEAppUtil_bondMgrCBs                            
20007470  oadConnHandler                                   
2000747c  eccCryptoKey                                     
2000748c  encCryptoKey                                     
2000749c  gapBondParams                                    
200074b8  pPairingParams                                   
200074bc  pfnResponderCBs                                  
200074c0  pfnInitiatorCBs                                  
200074c4  alTable                                          
200074c8  alTableScan                                      
200074cc  gDenyList                                        
200074dc  ICall_enterCriticalSection                       
200074e0  ICall_leaveCriticalSection                       
200074e4  ICall_dispatcher                                 
200074e8  halSchedFsmCb                                    
200074ec  halDispatchFsmCb                                 
200074f0  halCommandFsmCb                                  
200074f4  bleAppServiceInfoTable                           
20007500  hciEvtMask                                       
20007516  disconnectImmedConnId                            
20007521  appearanceCharProps                              
20007522  l2capMtuSize                                     
20007534  terminateReason                                  
20007536  gParamUpdateConnHandle                           
20007538  pAuthLink                                        
20007554  assertSubcause                                   
20007555  legacyMode                                       
20007558  halAssertCback                                   
2000755c  bm_preReleaseBuffCB                              
20007564  OSAL_timeSeconds                                 
2000756c  fXtalInv                                         
20007574  rclHandles                                       
2000757c  user0Cfg                                         
20007584  l2capNumDataPkts                                 
20007585  flowCtrlTaskId                                   
20007586  flowCtrlFwdTaskId                                
20007587  l2capNumPSM                                      
20007588  l2capNumCoChannels                               
20007589  l2capUserConfig                                  
2000758b  pRandomAddress                                   
20007591  att_sendRspOnly                                  
20007597  centAddrResCharProps                             
20007598  defaultTxPowerDbm                                
2000759a  bleUserCfg_maxPduSize                            
200075a0  BLEAppUtilEventHandlersHead                      
200075a8  RNGLPF3RF_noiseConditioningKeyWord0              
200075ac  RNGLPF3RF_noiseConditioningKeyWord1              
200075b0  RNGLPF3RF_noiseConditioningKeyWord2              
200075b4  RNGLPF3RF_noiseConditioningKeyWord3              
200075b8  RemoteTask                                       
200075bc  appAssertCback                                   
200075c0  attClientNotifyTxCB                              
200075c4  attServerNotifyTxCB                              
200075c8  enckeyLen                                        
200075d0  ggs_AppCBs                                       
200075d4  linkCmd                                          
200075d8  llSystemStatus                                   
200075dc  localPrivKeyMaterialLen                          
200075e4  pAdvDataEntry                                    
200075e8  pGapPeripheralConnCBs                            
200075f0  pSmResponderCBs                                  
200075f4  pfnBMAlloc                                       
200075f8  pfnBMFree                                        
200075fc  pfnBondMgrCBs                                    
20007600  pfnCentralConnCBs                                
20007604  pfnPeripheralConnCBs                             
20007608  pxCurrentTCB                                     
20007614  txDataQ                                          
2000761e  llUserConfig_maxPduSize                          
20007620  maxExtAdvDataLen                                 
20007622  smRspWaitingConnHandle                           
20007624  channel2usage                                    
20007625  deviceNameCharProps                              
20007626  extScanChanMap                                   
20007627  gapState                                         
20007628  gapUnwantedTaskID                                
2000762a  hciPTMenabled                                    
20007633  l2capFlowCtrlMode                                
20007634  l2capId                                          
20007635  linkDB_secureConnectionOnlyMode                  
20007638  periConnParamCharProps                           
20007639  pwrmgr_initialized                               
2000763a  qosDefaultPriorityAdvParameter                   
2000763b  qosDefaultPriorityConnParameter                  
2000763c  rclPbeGpoMask                                    
2000763e  resolvablePrivateAddressOnlyCharProps            
20007641  smAllowDebugKeysMode                             
20007642  smAppProcessLTKRequest                           
20007643  smAuthenPairingOnlyMode                          
20008c00  __stack                                          
20009000  __STACK_END                                      
20009000  __STACK_TOP                                      
4e020000  ccfg                                             
4e020000  ti_utils_build_GenMap_sym_CRC_CCFG_BOOT_CFG_begin
4e02000b  ti_utils_build_GenMap_sym_CRC_CCFG_BOOT_CFG_end  
4e020010  ti_utils_build_GenMap_sym_CRC_CCFG_begin         
4e02074b  ti_utils_build_GenMap_sym_CRC_CCFG_end           
4e0207d0  ti_utils_build_GenMap_sym_CRC_CCFG_DEBUG_begin   
4e0207fb  ti_utils_build_GenMap_sym_CRC_CCFG_DEBUG_end     
90000000  TimestampP_nativeFormat64_copy                   
90000004  TimestampP_nativeFormat32_copy                   
ffffffff  __TI_pprof_out_hndl                              
ffffffff  __TI_prof_data_size                              
ffffffff  __TI_prof_data_start                             
ffffffff  __binit__                                        
ffffffff  binit                                            
UNDEFED   RCL_Debug_assertProxy                            
UNDEFED   RCL_Profiling_eventHook                          
UNDEFED   __mpu_init                                       
UNDEFED   _system_post_cinit                               

[2198 symbols]
